01-13 01:50:16.704  1812  2065 I chatty  : uid=10029(com.android.systemui) RenderThread identical 12 lines
01-13 01:50:16.714  1812  2065 D EGL_emulation: eglMakeCurrent: 0xcd6dab60: ver 2 0 (tinfo 0xcd6dcc00)
01-13 01:50:16.893 18535 18557 E DownloadTask: Failure during loading a schedule from net
01-13 01:50:16.893 18535 18557 E DownloadTask: javax.net.ssl.SSLHandshakeException: Chain validation failed
01-13 01:50:16.893 18535 18557 E DownloadTask: 	at com.android.org.conscrypt.ConscryptFileDescriptorSocket.startHandshake(ConscryptFileDescriptorSocket.java:219)
01-13 01:50:16.893 18535 18557 E DownloadTask: 	at com.android.okhttp.internal.io.RealConnection.connectTls(RealConnection.java:192)
01-13 01:50:16.893 18535 18557 E DownloadTask: 	at com.android.okhttp.internal.io.RealConnection.connectSocket(RealConnection.java:149)
01-13 01:50:16.893 18535 18557 E DownloadTask: 	at com.android.okhttp.internal.io.RealConnection.connect(RealConnection.java:112)
01-13 01:50:16.893 18535 18557 E DownloadTask: 	at com.android.okhttp.internal.http.StreamAllocation.findConnection(StreamAllocation.java:184)
01-13 01:50:16.893 18535 18557 E DownloadTask: 	at com.android.okhttp.internal.http.StreamAllocation.findHealthyConnection(StreamAllocation.java:126)
01-13 01:50:16.893 18535 18557 E DownloadTask: 	at com.android.okhttp.internal.http.StreamAllocation.newStream(StreamAllocation.java:95)
01-13 01:50:16.893 18535 18557 E DownloadTask: 	at com.android.okhttp.internal.http.HttpEngine.connect(HttpEngine.java:281)
01-13 01:50:16.893 18535 18557 E DownloadTask: 	at com.android.okhttp.internal.http.HttpEngine.sendRequest(HttpEngine.java:224)
01-13 01:50:16.893 18535 18557 E DownloadTask: 	at com.android.okhttp.internal.huc.HttpURLConnectionImpl.execute(HttpURLConnectionImpl.java:461)
01-13 01:50:16.893 18535 18557 E DownloadTask: 	at com.android.okhttp.internal.huc.HttpURLConnectionImpl.getResponse(HttpURLConnectionImpl.java:407)
01-13 01:50:16.893 18535 18557 E DownloadTask: 	at com.android.okhttp.internal.huc.HttpURLConnectionImpl.getInputStream(HttpURLConnectionImpl.java:244)
01-13 01:50:16.893 18535 18557 E DownloadTask: 	at com.android.okhttp.internal.huc.DelegatingHttpsURLConnection.getInputStream(DelegatingHttpsURLConnection.java:210)
01-13 01:50:16.893 18535 18557 E DownloadTask: 	at com.android.okhttp.internal.huc.HttpsURLConnectionImpl.getInputStream(Unknown Source:0)
01-13 01:50:16.893 18535 18557 E DownloadTask: 	at name.mlopatkin.shuttle.net.DownloadTask.doInBackground(DownloadTask.java:60)
01-13 01:50:16.893 18535 18557 E DownloadTask: 	at name.mlopatkin.shuttle.net.DownloadTask.doInBackground(DownloadTask.java:36)
01-13 01:50:16.893 18535 18557 E DownloadTask: 	at android.os.AsyncTask$2.call(AsyncTask.java:333)
01-13 01:50:16.893 18535 18557 E DownloadTask: 	at java.util.concurrent.FutureTask.run(FutureTask.java:266)
01-13 01:50:16.893 18535 18557 E DownloadTask: 	at java.util.concurrent.ThreadPoolExecutor.runWorker(ThreadPoolExecutor.java:1162)
01-13 01:50:16.893 18535 18557 E DownloadTask: 	at java.util.concurrent.ThreadPoolExecutor$Worker.run(ThreadPoolExecutor.java:636)
01-13 01:50:16.893 18535 18557 E DownloadTask: 	at java.lang.Thread.run(Thread.java:764)
01-13 01:50:16.893 18535 18557 E DownloadTask: Caused by: java.security.cert.CertificateException: Chain validation failed
01-13 01:50:16.893 18535 18557 E DownloadTask: 	at com.android.org.conscrypt.TrustManagerImpl.verifyChain(TrustManagerImpl.java:707)
01-13 01:50:16.893 18535 18557 E DownloadTask: 	at com.android.org.conscrypt.TrustManagerImpl.checkTrustedRecursive(TrustManagerImpl.java:539)
01-13 01:50:16.893 18535 18557 E DownloadTask: 	at com.android.org.conscrypt.TrustManagerImpl.checkTrustedRecursive(TrustManagerImpl.java:560)
01-13 01:50:16.893 18535 18557 E DownloadTask: 	at com.android.org.conscrypt.TrustManagerImpl.checkTrustedRecursive(TrustManagerImpl.java:605)
01-13 01:50:16.893 18535 18557 E DownloadTask: 	at com.android.org.conscrypt.TrustManagerImpl.checkTrusted(TrustManagerImpl.java:495)
01-13 01:50:16.893 18535 18557 E DownloadTask: 	at com.android.org.conscrypt.TrustManagerImpl.checkTrusted(TrustManagerImpl.java:418)
01-13 01:50:16.893 18535 18557 E DownloadTask: 	at com.android.org.conscrypt.TrustManagerImpl.getTrustedChainForServer(TrustManagerImpl.java:339)
01-13 01:50:16.893 18535 18557 E DownloadTask: 	at android.security.net.config.NetworkSecurityTrustManager.checkServerTrusted(NetworkSecurityTrustManager.java:94)
01-13 01:50:16.893 18535 18557 E DownloadTask: 	at android.security.net.config.RootTrustManager.checkServerTrusted(RootTrustManager.java:88)
01-13 01:50:16.893 18535 18557 E DownloadTask: 	at com.android.org.conscrypt.Platform.checkServerTrusted(Platform.java:197)
01-13 01:50:16.893 18535 18557 E DownloadTask: 	at com.android.org.conscrypt.ConscryptFileDescriptorSocket.verifyCertificateChain(ConscryptFileDescriptorSocket.java:399)
01-13 01:50:16.893 18535 18557 E DownloadTask: 	at com.android.org.conscrypt.NativeCrypto.SSL_do_handshake(Native Method)
01-13 01:50:16.893 18535 18557 E DownloadTask: 	at com.android.org.conscrypt.SslWrapper.doHandshake(SslWrapper.java:374)
01-13 01:50:16.893 18535 18557 E DownloadTask: 	at com.android.org.conscrypt.ConscryptFileDescriptorSocket.startHandshake(ConscryptFileDescriptorSocket.java:217)
01-13 01:50:16.893 18535 18557 E DownloadTask: 	... 20 more
01-13 01:50:16.893 18535 18557 E DownloadTask: Caused by: java.security.cert.CertPathValidatorException: Response is unreliable: its validity interval is out-of-date
01-13 01:50:16.893 18535 18557 E DownloadTask: 	at sun.security.provider.certpath.PKIXMasterCertPathValidator.validate(PKIXMasterCertPathValidator.java:133)
01-13 01:50:16.893 18535 18557 E DownloadTask: 	at sun.security.provider.certpath.PKIXCertPathValidator.validate(PKIXCertPathValidator.java:222)
01-13 01:50:16.893 18535 18557 E DownloadTask: 	at sun.security.provider.certpath.PKIXCertPathValidator.validate(PKIXCertPathValidator.java:140)
01-13 01:50:16.893 18535 18557 E DownloadTask: 	at sun.security.provider.certpath.PKIXCertPathValidator.engineValidate(PKIXCertPathValidator.java:79)
01-13 01:50:16.893 18535 18557 E DownloadTask: 	at java.security.cert.CertPathValidator.validate(CertPathValidator.java:301)
01-13 01:50:16.895 18535 18557 E DownloadTask: 	at com.android.org.conscrypt.TrustManagerImpl.verifyChain(TrustManagerImpl.java:703)
01-13 01:50:16.895 18535 18557 E DownloadTask: 	... 33 more
01-13 01:50:16.895 18535 18557 E DownloadTask: Caused by: java.security.cert.CertPathValidatorException: Response is unreliable: its validity interval is out-of-date
01-13 01:50:16.895 18535 18557 E DownloadTask: 	at sun.security.provider.certpath.OCSPResponse.verify(OCSPResponse.java:619)
01-13 01:50:16.895 18535 18557 E DownloadTask: 	at sun.security.provider.certpath.RevocationChecker.checkOCSP(RevocationChecker.java:709)
01-13 01:50:16.895 18535 18557 E DownloadTask: 	at sun.security.provider.certpath.RevocationChecker.check(RevocationChecker.java:363)
01-13 01:50:16.895 18535 18557 E DownloadTask: 	at sun.security.provider.certpath.RevocationChecker.check(RevocationChecker.java:337)
01-13 01:50:16.895 18535 18557 E DownloadTask: 	at sun.security.provider.certpath.PKIXMasterCertPathValidator.validate(PKIXMasterCertPathValidator.java:125)
01-13 01:50:16.895 18535 18557 E DownloadTask: 	... 38 more
01-13 01:50:16.895 18535 18557 E DownloadTask: 	Suppressed: java.security.cert.CertPathValidatorException: Could not determine revocation status
01-13 01:50:16.895 18535 18557 E DownloadTask: 		at sun.security.provider.certpath.RevocationChecker.buildToNewKey(RevocationChecker.java:1092)
01-13 01:50:16.895 18535 18557 E DownloadTask: 		at sun.security.provider.certpath.RevocationChecker.verifyWithSeparateSigningKey(RevocationChecker.java:910)
01-13 01:50:16.895 18535 18557 E DownloadTask: 		at sun.security.provider.certpath.RevocationChecker.checkCRLs(RevocationChecker.java:577)
01-13 01:50:16.895 18535 18557 E DownloadTask: 		at sun.security.provider.certpath.RevocationChecker.checkCRLs(RevocationChecker.java:465)
01-13 01:50:16.895 18535 18557 E DownloadTask: 		at sun.security.provider.certpath.RevocationChecker.check(RevocationChecker.java:394)
01-13 01:50:16.895 18535 18557 E DownloadTask: 		... 40 more
01-13 01:50:16.926 18554 18554 D AndroidRuntime: >>>>>> START com.android.internal.os.RuntimeInit uid 2000 <<<<<<
01-13 01:50:17.022 18554 18554 W app_process: Unexpected CPU variant for X86 using defaults: x86
01-13 01:50:17.023 18554 18554 I app_process: The ClassLoaderContext is a special shared library.
01-13 01:50:17.066 18554 18554 D AndroidRuntime: Calling main entry com.android.commands.pm.Pm
01-13 01:50:17.079 18554 18567 W MessageQueue: Handler (android.os.Handler) {d9047ff} sending message to a Handler on a dead thread
01-13 01:50:17.079 18554 18567 W MessageQueue: java.lang.IllegalStateException: Handler (android.os.Handler) {d9047ff} sending message to a Handler on a dead thread
01-13 01:50:17.079 18554 18567 W MessageQueue: 	at android.os.MessageQueue.enqueueMessage(MessageQueue.java:545)
01-13 01:50:17.079 18554 18567 W MessageQueue: 	at android.os.Handler.enqueueMessage(Handler.java:662)
01-13 01:50:17.079 18554 18567 W MessageQueue: 	at android.os.Handler.sendMessageAtTime(Handler.java:631)
01-13 01:50:17.079 18554 18567 W MessageQueue: 	at android.os.Handler.sendMessageDelayed(Handler.java:601)
01-13 01:50:17.079 18554 18567 W MessageQueue: 	at android.os.Handler.post(Handler.java:357)
01-13 01:50:17.079 18554 18567 W MessageQueue: 	at android.os.ResultReceiver$MyResultReceiver.send(ResultReceiver.java:57)
01-13 01:50:17.079 18554 18567 W MessageQueue: 	at com.android.internal.os.IResultReceiver$Stub.onTransact(IResultReceiver.java:58)
01-13 01:50:17.079 18554 18567 W MessageQueue: 	at android.os.Binder.execTransact(Binder.java:697)
01-13 01:50:17.080 18554 18554 I app_process: System.exit called, status: 0
01-13 01:50:17.080 18554 18554 I AndroidRuntime: VM exiting with result code 0.
01-13 01:50:17.566 18570 18570 D AndroidRuntime: >>>>>> START com.android.internal.os.RuntimeInit uid 2000 <<<<<<
01-13 01:50:17.667 18570 18570 W app_process: Unexpected CPU variant for X86 using defaults: x86
01-13 01:50:17.670 18570 18570 I app_process: The ClassLoaderContext is a special shared library.
01-13 01:50:17.713 18570 18570 D AndroidRuntime: Calling main entry com.android.commands.pm.Pm
01-13 01:50:17.720 18570 18578 W MessageQueue: Handler (android.os.Handler) {32e268} sending message to a Handler on a dead thread
01-13 01:50:17.720 18570 18578 W MessageQueue: java.lang.IllegalStateException: Handler (android.os.Handler) {32e268} sending message to a Handler on a dead thread
01-13 01:50:17.720 18570 18578 W MessageQueue: 	at android.os.MessageQueue.enqueueMessage(MessageQueue.java:545)
01-13 01:50:17.720 18570 18578 W MessageQueue: 	at android.os.Handler.enqueueMessage(Handler.java:662)
01-13 01:50:17.720 18570 18578 W MessageQueue: 	at android.os.Handler.sendMessageAtTime(Handler.java:631)
01-13 01:50:17.720 18570 18578 W MessageQueue: 	at android.os.Handler.sendMessageDelayed(Handler.java:601)
01-13 01:50:17.720 18570 18578 W MessageQueue: 	at android.os.Handler.post(Handler.java:357)
01-13 01:50:17.720 18570 18578 W MessageQueue: 	at android.os.ResultReceiver$MyResultReceiver.send(ResultReceiver.java:57)
01-13 01:50:17.720 18570 18578 W MessageQueue: 	at com.android.internal.os.IResultReceiver$Stub.onTransact(IResultReceiver.java:58)
01-13 01:50:17.720 18570 18578 W MessageQueue: 	at android.os.Binder.execTransact(Binder.java:697)
01-13 01:50:17.720 18570 18570 I app_process: System.exit called, status: 0
01-13 01:50:17.720 18570 18570 I AndroidRuntime: VM exiting with result code 0.
01-13 01:50:19.532  1433  1583 W audio_hw_generic: Not supplying enough data to HAL, expected position 27049233 , only wrote 26897040
01-13 01:50:21.088  1666  1685 E memtrack: Couldn't load memtrack module
01-13 01:50:21.089  1666  1685 W android.os.Debug: failed to get memory consumption info: -1
01-13 01:50:24.696  1666  1689 E BatteryExternalStatsWorker: modem info is invalid: ModemActivityInfo{ mTimestamp=0 mSleepTimeMs=0 mIdleTimeMs=0 mTxTimeMs[]=[0, 0, 0, 0, 0] mRxTimeMs=0 mEnergyUsed=0}
01-13 01:50:25.486  1449  1449 I boot-pipe: done populating /dev/random
01-13 01:50:26.325  1666  1686 W ActivityManager: Launch timeout has expired, giving up wake lock!
01-13 01:50:26.412  1666  1685 E memtrack: Couldn't load memtrack module
01-13 01:50:26.412  1666  1685 W android.os.Debug: failed to get memory consumption info: -1
01-13 01:50:35.138  1666  1674 D         : HostConnection::get() New Host Connection established 0xde47c040, tid 1674
01-13 01:50:35.138  1666  1674 D gralloc_ranchu: gralloc_unregister_buffer: exiting HostConnection (is buffer-handling thread)
01-13 01:50:35.139  1666  1674 D         : HostConnection::get() New Host Connection established 0xde47c040, tid 1674
01-13 01:50:35.139  1666  1674 D gralloc_ranchu: gralloc_unregister_buffer: exiting HostConnection (is buffer-handling thread)
01-13 01:50:35.140  1666  1674 D         : HostConnection::get() New Host Connection established 0xde47c040, tid 1674
01-13 01:50:35.141  1666  1674 D gralloc_ranchu: gralloc_unregister_buffer: exiting HostConnection (is buffer-handling thread)
01-13 01:50:35.141  1666  1674 D         : HostConnection::get() New Host Connection established 0xde47c040, tid 1674
01-13 01:50:35.141  1666  1674 D gralloc_ranchu: gralloc_unregister_buffer: exiting HostConnection (is buffer-handling thread)
01-13 01:50:35.142  1666  1674 D         : HostConnection::get() New Host Connection established 0xde47c9c0, tid 1674
01-13 01:50:35.142  1666  1674 D gralloc_ranchu: gralloc_unregister_buffer: exiting HostConnection (is buffer-handling thread)
01-13 01:50:35.143  1666  1674 D         : HostConnection::get() New Host Connection established 0xde47c9c0, tid 1674
01-13 01:50:35.143  1666  1674 D gralloc_ranchu: gralloc_unregister_buffer: exiting HostConnection (is buffer-handling thread)
01-13 01:50:36.924  2116 13352 E WakeLock: GCM_HB_ALARM release without a matched acquire!
01-13 01:50:36.924  2116 13352 W WakeLock: GCM_HB_ALARM counter does not exist
01-13 01:50:36.926  1666  1775 D ConnectivityService: reportNetworkConnectivity(101, false) by 10013
01-13 01:50:36.926  1666  2854 D NetworkMonitor/NetworkAgentInfo [WIFI () - 101]: Forcing reevaluation for UID 10013
01-13 01:50:36.982  1666 18585 D NetworkMonitor/NetworkAgentInfo [WIFI () - 101]: PROBE_DNS connectivitycheck.gstatic.com 54ms OK 64.233.163.94,2a00:1450:4010:c08::5e
01-13 01:50:36.986  1666 18584 D NetworkMonitor/NetworkAgentInfo [WIFI () - 101]: PROBE_DNS www.google.com 57ms OK 64.233.164.103,2a00:1450:4010:c09::69
01-13 01:50:37.027  1666 18585 D NetworkMonitor/NetworkAgentInfo [WIFI () - 101]: PROBE_HTTP http://connectivitycheck.gstatic.com/generate_204 time=45ms ret=204 request={User-Agent=[Mozilla/5.0 (X11; Linux x86_64) AppleWebKit/537.36 (KHTML, like Gecko) Chrome/60.0.3112.32 Safari/537.36]} headers={null=[HTTP/1.1 204 No Content], Content-Length=[0], Date=[Fri, 28 Feb 2020 19:12:01 GMT], X-Android-Received-Millis=[1578869437027], X-Android-Response-Source=[NETWORK 204], X-Android-Selected-Protocol=[http/1.1], X-Android-Sent-Millis=[1578869437005]}
01-13 01:50:37.062  1666 18584 D NetworkMonitor/NetworkAgentInfo [WIFI () - 101]: PROBE_HTTPS https://www.google.com/generate_204 Probe failed with exception javax.net.ssl.SSLHandshakeException: Chain validation failed
01-13 01:50:37.115  1666  2854 D NetworkMonitor/NetworkAgentInfo [WIFI () - 101]: PROBE_FALLBACK http://www.google.com/gen_204 time=49ms ret=204 request={User-Agent=[Mozilla/5.0 (X11; Linux x86_64) AppleWebKit/537.36 (KHTML, like Gecko) Chrome/60.0.3112.32 Safari/537.36]} headers={null=[HTTP/1.1 204 No Content], Content-Length=[0], Content-Type=[text/html; charset=UTF-8], Date=[Fri, 28 Feb 2020 19:12:01 GMT], Server=[gws], Set-Cookie=[1P_JAR=2020-02-28-19; expires=Sun, 29-Mar-2020 19:12:01 GMT; path=/; domain=.google.com; Secure], X-Android-Received-Millis=[1578869437115], X-Android-Response-Source=[NETWORK 204], X-Android-Selected-Protocol=[http/1.1], X-Android-Sent-Millis=[1578869437089], X-Frame-Options=[SAMEORIGIN], X-XSS-Protection=[0]}
01-13 01:50:37.116  1666  1775 D ConnectivityService: NetworkAgentInfo [WIFI () - 101] validation failed
01-13 01:50:37.118  1666  1775 D ConnectivityService: Switching to new default network: NetworkAgentInfo{ ni{[type: MOBILE[LTE], state: CONNECTED/CONNECTED, reason: connected, extra: epc.tmobile.com, failover: false, available: true, roaming: false]}  network{100}  nethandle{429513165534}  lp{{InterfaceName: radio0 LinkAddresses: [192.168.200.2/24,]  Routes: [0.0.0.0/0 -> 192.168.200.1 radio0,192.168.200.0/24 -> 0.0.0.0 radio0,] DnsAddresses: [10.0.2.3,] Domains: null MTU: 1500 TcpBufferSizes: 524288,1048576,2097152,262144,524288,1048576}}  nc{[ Transports: CELLULAR Capabilities: MMS&SUPL&DUN&FOTA&IMS&CBS&IA&INTERNET&NOT_RESTRICTED&TRUSTED&NOT_VPN&VALIDATED LinkUpBandwidth>=51200Kbps LinkDnBandwidth>=102400Kbps Specifier: <1>]}  Score{50}  everValidated{true}  lastValidated{true}  created{true} lingering{false} explicitlySelected{false} acceptUnvalidated{false} everCaptivePortalDetected{false} lastCaptivePortalDetected{false} clat{null} }
01-13 01:50:37.127  1666  1873 D NetworkTimeUpdateService: New default network 100; checking time.
01-13 01:50:37.128  1666  1775 D ConnectivityService: Sending DISCONNECTED broadcast for type 1 NetworkAgentInfo [WIFI () - 101] isDefaultNetwork=true
01-13 01:50:37.133  1666  1685 E memtrack: Couldn't load memtrack module
01-13 01:50:37.133  1666  1685 W android.os.Debug: failed to get memory consumption info: -1
01-13 01:50:37.144  1812  2022 I zygote  : Deoptimizing void com.android.systemui.statusbar.policy.SignalController.notifyListenersIfNecessary() due to JIT inline cache
01-13 01:50:37.144  1666  1775 D ConnectivityService: Sending CONNECTED broadcast for type 0 NetworkAgentInfo [MOBILE (LTE) - 100] isDefaultNetwork=true
01-13 01:50:37.150  1666  1771 D WifiStateMachine: NETWORK_STATUS_UNWANTED_VALIDATION_FAILED
01-13 01:50:37.151  1812  2065 D EGL_emulation: eglMakeCurrent: 0xcd6dab60: ver 2 0 (tinfo 0xcd6dcc00)
01-13 01:50:37.151  1666  1775 D ConnectivityService: handleNetworkUnvalidated NetworkAgentInfo [WIFI () - 101] cap=[ Transports: WIFI Capabilities: NOT_METERED&INTERNET&NOT_RESTRICTED&TRUSTED&NOT_VPN&FOREGROUND LinkUpBandwidth>=1048576Kbps LinkDnBandwidth>=1048576Kbps SignalStrength: -50]
01-13 01:50:37.164  1666  1768 I WifiService: getConnectionInfo uid=1000
01-13 01:50:37.168  1666  1768 D RecurrenceRule: Resolving using anchor 2020-01-13T01:50:37.168+03:00[Europe/Moscow]
01-13 01:50:37.171  1666  1768 D RecurrenceRule: Resolving using anchor 2020-01-13T01:50:37.170+03:00[Europe/Moscow]
01-13 01:50:37.172  1666  1768 D RecurrenceRule: Cycle 12 from 2020-01-13T00:00+03:00[Europe/Moscow] to 2020-02-13T00:00+03:00[Europe/Moscow]
01-13 01:50:37.173  1666  1768 D NetworkStats: Resolving plan for NetworkTemplate: matchRule=MOBILE_ALL, subscriberId=310260..., matchSubscriberIds=[310260...]
01-13 01:50:37.178  1666  1768 D NetworkStats: Found active matching subId 1
01-13 01:50:37.188  1666  1768 D NetworkStats: Resolved to plan null
01-13 01:50:37.193  1666  1685 E memtrack: Couldn't load memtrack module
01-13 01:50:37.193  1666  1685 W android.os.Debug: failed to get memory consumption info: -1
01-13 01:50:37.204  1666  1768 I WifiService: getConnectionInfo uid=1000
01-13 01:50:37.208  1666  1768 D RecurrenceRule: Resolving using anchor 2020-01-13T01:50:37.208+03:00[Europe/Moscow]
01-13 01:50:37.210  1666  1768 D RecurrenceRule: Resolving using anchor 2020-01-13T01:50:37.210+03:00[Europe/Moscow]
01-13 01:50:37.212  1666  1768 D RecurrenceRule: Cycle 12 from 2020-01-13T00:00+03:00[Europe/Moscow] to 2020-02-13T00:00+03:00[Europe/Moscow]
01-13 01:50:37.212  1666  1768 D NetworkStats: Resolving plan for NetworkTemplate: matchRule=MOBILE_ALL, subscriberId=310260..., matchSubscriberIds=[310260...]
01-13 01:50:37.216  1666  1768 D NetworkStats: Found active matching subId 1
01-13 01:50:37.225  1666  1768 D NetworkStats: Resolved to plan null
01-13 01:50:37.239  2116  2116 D Backup  : [BackupScheduler] Setting backup scheduler enabled=true due to desired state 1
01-13 01:50:37.239  2116  2116 V Backup  : [BackupTransportCS] no backup now
01-13 01:50:37.245  2116  2116 D Backup  : [BackupScheduler] Setting backup scheduler enabled=true due to desired state 1
01-13 01:50:37.245  2116  2116 V Backup  : [BackupTransportCS] no backup now
01-13 01:50:38.014  1812  2022 I zygote  : Deoptimizing void com.android.systemui.statusbar.policy.SignalController.saveLastState() due to JIT inline cache
01-13 01:50:38.120  1666 18593 D NetworkMonitor/NetworkAgentInfo [WIFI () - 101]: PROBE_DNS www.google.com 0ms OK 64.233.164.103,2a00:1450:4010:c09::69
01-13 01:50:38.121  1666 18594 D NetworkMonitor/NetworkAgentInfo [WIFI () - 101]: PROBE_DNS connectivitycheck.gstatic.com 1ms OK 64.233.163.94,2a00:1450:4010:c08::5e
01-13 01:50:38.145  1666 18594 D NetworkMonitor/NetworkAgentInfo [WIFI () - 101]: PROBE_HTTP http://connectivitycheck.gstatic.com/generate_204 time=22ms ret=204 request={User-Agent=[Mozilla/5.0 (X11; Linux x86_64) AppleWebKit/537.36 (KHTML, like Gecko) Chrome/60.0.3112.32 Safari/537.36]} headers={null=[HTTP/1.1 204 No Content], Content-Length=[0], Date=[Fri, 28 Feb 2020 19:12:02 GMT], X-Android-Received-Millis=[1578869438144], X-Android-Response-Source=[NETWORK 204], X-Android-Selected-Protocol=[http/1.1], X-Android-Sent-Millis=[1578869438122]}
01-13 01:50:38.185  1666 18593 D NetworkMonitor/NetworkAgentInfo [WIFI () - 101]: PROBE_HTTPS https://www.google.com/generate_204 Probe failed with exception javax.net.ssl.SSLHandshakeException: Chain validation failed
01-13 01:50:38.213  1666  2854 D NetworkMonitor/NetworkAgentInfo [WIFI () - 101]: PROBE_FALLBACK http://www.google.com/gen_204 time=27ms ret=204 request={User-Agent=[Mozilla/5.0 (X11; Linux x86_64) AppleWebKit/537.36 (KHTML, like Gecko) Chrome/60.0.3112.32 Safari/537.36]} headers={null=[HTTP/1.1 204 No Content], Content-Length=[0], Content-Type=[text/html; charset=UTF-8], Date=[Fri, 28 Feb 2020 19:12:02 GMT], Server=[gws], Set-Cookie=[1P_JAR=2020-02-28-19; expires=Sun, 29-Mar-2020 19:12:02 GMT; path=/; domain=.google.com; Secure], X-Android-Received-Millis=[1578869438213], X-Android-Response-Source=[NETWORK 204], X-Android-Selected-Protocol=[http/1.1], X-Android-Sent-Millis=[1578869438186], X-Frame-Options=[SAMEORIGIN], X-XSS-Protection=[0]}
01-13 01:50:38.214  1666  1775 D ConnectivityService: NetworkAgentInfo [WIFI () - 101] validation failed
01-13 01:50:38.214  1666  1771 D WifiStateMachine: NETWORK_STATUS_UNWANTED_VALIDATION_FAILED
01-13 01:50:40.220  1666 18596 D NetworkMonitor/NetworkAgentInfo [WIFI () - 101]: PROBE_DNS connectivitycheck.gstatic.com 2ms OK 64.233.163.94,2a00:1450:4010:c08::5e
01-13 01:50:40.223  1666 18595 D NetworkMonitor/NetworkAgentInfo [WIFI () - 101]: PROBE_DNS www.google.com 4ms OK 64.233.164.104,2a00:1450:4010:c09::69
01-13 01:50:40.244  1666 18596 D NetworkMonitor/NetworkAgentInfo [WIFI () - 101]: PROBE_HTTP http://connectivitycheck.gstatic.com/generate_204 time=23ms ret=204 request={User-Agent=[Mozilla/5.0 (X11; Linux x86_64) AppleWebKit/537.36 (KHTML, like Gecko) Chrome/60.0.3112.32 Safari/537.36]} headers={null=[HTTP/1.1 204 No Content], Content-Length=[0], Date=[Fri, 28 Feb 2020 19:12:04 GMT], X-Android-Received-Millis=[1578869440244], X-Android-Response-Source=[NETWORK 204], X-Android-Selected-Protocol=[http/1.1], X-Android-Sent-Millis=[1578869440222]}
01-13 01:50:43.250  1666  2854 D NetworkMonitor/NetworkAgentInfo [WIFI () - 101]: PROBE_FALLBACK http://www.google.com/gen_204 time=29ms ret=204 request={User-Agent=[Mozilla/5.0 (X11; Linux x86_64) AppleWebKit/537.36 (KHTML, like Gecko) Chrome/60.0.3112.32 Safari/537.36]} headers={null=[HTTP/1.1 204 No Content], Content-Length=[0], Content-Type=[text/html; charset=UTF-8], Date=[Fri, 28 Feb 2020 19:12:07 GMT], Server=[gws], Set-Cookie=[1P_JAR=2020-02-28-19; expires=Sun, 29-Mar-2020 19:12:07 GMT; path=/; domain=.google.com; Secure], X-Android-Received-Millis=[1578869443250], X-Android-Response-Source=[NETWORK 204], X-Android-Selected-Protocol=[http/1.1], X-Android-Sent-Millis=[1578869443221], X-Frame-Options=[SAMEORIGIN], X-XSS-Protection=[0]}
01-13 01:50:48.712  1666  7773 D WificondControl: Scan result ready event
01-13 01:50:50.302  1666 18595 D NetworkMonitor/NetworkAgentInfo [WIFI () - 101]: PROBE_HTTPS https://www.google.com/generate_204 Probe failed with exception javax.net.ssl.SSLHandshakeException: Chain validation failed
01-13 01:50:50.304  1666  1771 D WifiStateMachine: NETWORK_STATUS_UNWANTED_VALIDATION_FAILED
01-13 01:50:54.311  1666 18600 D NetworkMonitor/NetworkAgentInfo [WIFI () - 101]: PROBE_DNS connectivitycheck.gstatic.com 1ms OK 64.233.163.94,2a00:1450:4010:c08::5e
01-13 01:50:54.313  1666 18599 D NetworkMonitor/NetworkAgentInfo [WIFI () - 101]: PROBE_DNS www.google.com 2ms OK 64.233.164.103,2a00:1450:4010:c09::69
01-13 01:50:54.336  1666 18600 D NetworkMonitor/NetworkAgentInfo [WIFI () - 101]: PROBE_HTTP http://connectivitycheck.gstatic.com/generate_204 time=23ms ret=204 request={User-Agent=[Mozilla/5.0 (X11; Linux x86_64) AppleWebKit/537.36 (KHTML, like Gecko) Chrome/60.0.3112.32 Safari/537.36]} headers={null=[HTTP/1.1 204 No Content], Content-Length=[0], Date=[Fri, 28 Feb 2020 19:12:18 GMT], X-Android-Received-Millis=[1578869454336], X-Android-Response-Source=[NETWORK 204], X-Android-Selected-Protocol=[http/1.1], X-Android-Sent-Millis=[1578869454313]}
01-13 01:50:54.386  1666 18599 D NetworkMonitor/NetworkAgentInfo [WIFI () - 101]: PROBE_HTTPS https://www.google.com/generate_204 Probe failed with exception javax.net.ssl.SSLHandshakeException: Chain validation failed
01-13 01:50:54.490  1666  2854 D NetworkMonitor/NetworkAgentInfo [WIFI () - 101]: PROBE_FALLBACK http://play.googleapis.com/generate_204 time=103ms ret=204 request={User-Agent=[Mozilla/5.0 (X11; Linux x86_64) AppleWebKit/537.36 (KHTML, like Gecko) Chrome/60.0.3112.32 Safari/537.36]} headers={null=[HTTP/1.1 204 No Content], Content-Length=[0], Date=[Fri, 28 Feb 2020 19:12:18 GMT], X-Android-Received-Millis=[1578869454490], X-Android-Response-Source=[NETWORK 204], X-Android-Selected-Protocol=[http/1.1], X-Android-Sent-Millis=[1578869454466]}
01-13 01:50:54.491  1666  1771 D WifiStateMachine: NETWORK_STATUS_UNWANTED_VALIDATION_FAILED
01-13 01:50:57.082  2116 18583 E WakeLock: GCM_HB_ALARM release without a matched acquire!
01-13 01:50:57.082  2116 18583 W WakeLock: GCM_HB_ALARM counter does not exist
01-13 01:50:57.336  2116 18590 E WakeLock: GCM_HB_ALARM release without a matched acquire!
01-13 01:50:57.336  2116 18590 W WakeLock: GCM_HB_ALARM counter does not exist
01-13 01:50:50.304  1666  1775 I chatty  : uid=1000(system) ConnectivitySer identical 1 line
01-13 01:50:54.491  1666  1775 D ConnectivityService: NetworkAgentInfo [WIFI () - 101] validation failed
01-13 01:50:57.337  1666  1775 D ConnectivityService: reportNetworkConnectivity(100, false) by 10013
01-13 01:50:57.337  1666  2183 D NetworkMonitor/NetworkAgentInfo [MOBILE (LTE) - 100]: Forcing reevaluation for UID 10013
01-13 01:50:57.345  1666 18605 D NetworkMonitor/NetworkAgentInfo [MOBILE (LTE) - 100]: PROBE_DNS connectivitycheck.gstatic.com 6ms OK 64.233.163.94,2a00:1450:4010:c08::5e
01-13 01:50:57.371  1666 18604 D NetworkMonitor/NetworkAgentInfo [MOBILE (LTE) - 100]: PROBE_DNS www.google.com 33ms OK 64.233.164.106,2a00:1450:4010:c09::69
01-13 01:50:57.399  1666 18605 D NetworkMonitor/NetworkAgentInfo [MOBILE (LTE) - 100]: PROBE_HTTP http://connectivitycheck.gstatic.com/generate_204 time=53ms ret=204 request={User-Agent=[Mozilla/5.0 (X11; Linux x86_64) AppleWebKit/537.36 (KHTML, like Gecko) Chrome/60.0.3112.32 Safari/537.36]} headers={null=[HTTP/1.1 204 No Content], Content-Length=[0], Date=[Fri, 28 Feb 2020 19:12:21 GMT], X-Android-Received-Millis=[1578869457399], X-Android-Response-Source=[NETWORK 204], X-Android-Selected-Protocol=[http/1.1], X-Android-Sent-Millis=[1578869457372]}
01-13 01:50:57.434  1666 18604 D NetworkMonitor/NetworkAgentInfo [MOBILE (LTE) - 100]: PROBE_HTTPS https://www.google.com/generate_204 Probe failed with exception javax.net.ssl.SSLHandshakeException: Chain validation failed
01-13 01:50:57.489  1666  2183 D NetworkMonitor/NetworkAgentInfo [MOBILE (LTE) - 100]: PROBE_FALLBACK http://www.google.com/gen_204 time=54ms ret=204 request={User-Agent=[Mozilla/5.0 (X11; Linux x86_64) AppleWebKit/537.36 (KHTML, like Gecko) Chrome/60.0.3112.32 Safari/537.36]} headers={null=[HTTP/1.1 204 No Content], Content-Length=[0], Content-Type=[text/html; charset=UTF-8], Date=[Fri, 28 Feb 2020 19:12:21 GMT], Server=[gws], Set-Cookie=[1P_JAR=2020-02-28-19; expires=Sun, 29-Mar-2020 19:12:21 GMT; path=/; domain=.google.com; Secure], X-Android-Received-Millis=[1578869457489], X-Android-Response-Source=[NETWORK 204], X-Android-Selected-Protocol=[http/1.1], X-Android-Sent-Millis=[1578869457460], X-Frame-Options=[SAMEORIGIN], X-XSS-Protection=[0]}
01-13 01:50:57.490  1666  1775 D ConnectivityService: NetworkAgentInfo [MOBILE (LTE) - 100] validation failed
01-13 01:50:57.495  1666  1775 D ConnectivityService: Switching to new default network: NetworkAgentInfo{ ni{[type: WIFI[], state: CONNECTED/CONNECTED, reason: (unspecified), extra: "AndroidWifi", failover: false, available: true, roaming: false]}  network{101}  nethandle{433808132830}  lp{{InterfaceName: wlan0 LinkAddresses: [fe80::ff:fe44:5566/64,192.168.232.2/21,fec0::ff:fe44:5566/64,fec0::d34:4dd5:a8e1:12ec/64,]  Routes: [fe80::/64 -> :: wlan0,::/0 -> fe80::ff:fe00:100 wlan0,fec0::/64 -> :: wlan0,192.168.232.0/21 -> 0.0.0.0 wlan0,0.0.0.0/0 -> 192.168.232.1 wlan0,] DnsAddresses: [10.0.2.3,] Domains: null MTU: 0 TcpBufferSizes: 524288,1048576,2097152,262144,524288,1048576}}  nc{[ Transports: WIFI Capabilities: NOT_METERED&INTERNET&NOT_RESTRICTED&TRUSTED&NOT_VPN&FOREGROUND LinkUpBandwidth>=1048576Kbps LinkDnBandwidth>=1048576Kbps SignalStrength: -50]}  Score{20}  everValidated{true}  lastValidated{false}  created{true} lingering{false} explicitlySelected{false} acceptUnvalidated{false} everCaptivePortalDetected{false} lastCaptivePortalDetected{false} clat{null} }
01-13 01:50:57.500  1666  1873 D NetworkTimeUpdateService: New default network 101; checking time.
01-13 01:50:57.501  1666  1775 D ConnectivityService: Sending DISCONNECTED broadcast for type 0 NetworkAgentInfo [MOBILE (LTE) - 100] isDefaultNetwork=true
01-13 01:50:57.508  1666  1775 D ConnectivityService: Sending CONNECTED broadcast for type 1 NetworkAgentInfo [WIFI () - 101] isDefaultNetwork=true
01-13 01:50:57.517  1666  1775 D ConnectivityService: handleNetworkUnvalidated NetworkAgentInfo [MOBILE (LTE) - 100] cap=[ Transports: CELLULAR Capabilities: MMS&SUPL&DUN&FOTA&IMS&CBS&IA&INTERNET&NOT_RESTRICTED&TRUSTED&NOT_VPN&FOREGROUND LinkUpBandwidth>=51200Kbps LinkDnBandwidth>=102400Kbps Specifier: <1>]
01-13 01:50:57.517  1666  1768 I WifiService: getConnectionInfo uid=1000
01-13 01:50:57.520  1666  1768 D RecurrenceRule: Resolving using anchor 2020-01-13T01:50:57.520+03:00[Europe/Moscow]
01-13 01:50:57.522  1666  1768 D RecurrenceRule: Resolving using anchor 2020-01-13T01:50:57.522+03:00[Europe/Moscow]
01-13 01:50:57.523  1666  1768 D RecurrenceRule: Cycle 12 from 2020-01-13T00:00+03:00[Europe/Moscow] to 2020-02-13T00:00+03:00[Europe/Moscow]
01-13 01:50:57.524  1666  1768 D NetworkStats: Resolving plan for NetworkTemplate: matchRule=MOBILE_ALL, subscriberId=310260..., matchSubscriberIds=[310260...]
01-13 01:50:57.526  1666  1768 D NetworkStats: Found active matching subId 1
01-13 01:50:57.533  1666  1768 D NetworkStats: Resolved to plan null
01-13 01:50:57.542  1666  1768 I WifiService: getConnectionInfo uid=1000
01-13 01:50:57.545  1666  1768 D RecurrenceRule: Resolving using anchor 2020-01-13T01:50:57.545+03:00[Europe/Moscow]
01-13 01:50:57.546  1666  1768 D RecurrenceRule: Resolving using anchor 2020-01-13T01:50:57.546+03:00[Europe/Moscow]
01-13 01:50:57.547  1666  1768 D RecurrenceRule: Cycle 12 from 2020-01-13T00:00+03:00[Europe/Moscow] to 2020-02-13T00:00+03:00[Europe/Moscow]
01-13 01:50:57.548  1666  1768 D NetworkStats: Resolving plan for NetworkTemplate: matchRule=MOBILE_ALL, subscriberId=310260..., matchSubscriberIds=[310260...]
01-13 01:50:57.550  1666  1768 D NetworkStats: Found active matching subId 1
01-13 01:50:57.558  1666  1768 D NetworkStats: Resolved to plan null
01-13 01:50:57.559  2116  2116 D Backup  : [BackupScheduler] Setting backup scheduler enabled=true due to desired state 1
01-13 01:50:57.559  2116  2116 V Backup  : [BackupTransportCS] no backup now
01-13 01:50:57.559  1666  7772 I WifiService: getConnectionInfo uid=10013
01-13 01:50:57.561  1442  1498 D         : HostConnection::get() New Host Connection established 0xecc32080, tid 1498
01-13 01:50:57.562  1666  7772 I WifiService: getConnectionInfo uid=10013
01-13 01:50:57.565  2116  2116 D Backup  : [BackupScheduler] Setting backup scheduler enabled=true due to desired state 1
01-13 01:50:57.565  2116  2116 V Backup  : [BackupTransportCS] no backup now
01-13 01:50:57.567  1666  7775 I WifiService: getConnectionInfo uid=10013
01-13 01:50:57.571  1666  7771 I WifiService: getConnectionInfo uid=10013
01-13 01:50:58.496  1666 18611 D NetworkMonitor/NetworkAgentInfo [MOBILE (LTE) - 100]: PROBE_DNS www.google.com 1ms OK 64.233.162.147,2a00:1450:4010:c09::69
01-13 01:50:58.496  1666 18612 D NetworkMonitor/NetworkAgentInfo [MOBILE (LTE) - 100]: PROBE_DNS connectivitycheck.gstatic.com 1ms OK 64.233.163.94,2a00:1450:4010:c08::5e
01-13 01:50:58.523  1666 18612 D NetworkMonitor/NetworkAgentInfo [MOBILE (LTE) - 100]: PROBE_HTTP http://connectivitycheck.gstatic.com/generate_204 time=26ms ret=204 request={User-Agent=[Mozilla/5.0 (X11; Linux x86_64) AppleWebKit/537.36 (KHTML, like Gecko) Chrome/60.0.3112.32 Safari/537.36]} headers={null=[HTTP/1.1 204 No Content], Content-Length=[0], Date=[Fri, 28 Feb 2020 19:12:22 GMT], X-Android-Received-Millis=[1578869458523], X-Android-Response-Source=[NETWORK 204], X-Android-Selected-Protocol=[http/1.1], X-Android-Sent-Millis=[1578869458498]}
01-13 01:50:58.558  1666 18611 D NetworkMonitor/NetworkAgentInfo [MOBILE (LTE) - 100]: PROBE_HTTPS https://www.google.com/generate_204 Probe failed with exception javax.net.ssl.SSLHandshakeException: Chain validation failed
01-13 01:50:58.611  1666  2183 D NetworkMonitor/NetworkAgentInfo [MOBILE (LTE) - 100]: PROBE_FALLBACK http://play.googleapis.com/generate_204 time=52ms ret=204 request={User-Agent=[Mozilla/5.0 (X11; Linux x86_64) AppleWebKit/537.36 (KHTML, like Gecko) Chrome/60.0.3112.32 Safari/537.36]} headers={null=[HTTP/1.1 204 No Content], Content-Length=[0], Date=[Fri, 28 Feb 2020 19:12:22 GMT], X-Android-Received-Millis=[1578869458611], X-Android-Response-Source=[NETWORK 204], X-Android-Selected-Protocol=[http/1.1], X-Android-Sent-Millis=[1578869458587]}
01-13 01:50:58.612  1666  1775 D ConnectivityService: NetworkAgentInfo [MOBILE (LTE) - 100] validation failed
01-13 01:51:00.012  1442  1465 D hwcomposer: hw_composer sent 288 syncs in 60s
01-13 01:51:00.619  1666 18615 D NetworkMonitor/NetworkAgentInfo [MOBILE (LTE) - 100]: PROBE_DNS connectivitycheck.gstatic.com 2ms OK 64.233.163.94,2a00:1450:4010:c08::5e
01-13 01:51:00.622  1666 18614 D NetworkMonitor/NetworkAgentInfo [MOBILE (LTE) - 100]: PROBE_DNS www.google.com 5ms OK 64.233.162.147,2a00:1450:4010:c09::69
01-13 01:51:00.645  1666 18615 D NetworkMonitor/NetworkAgentInfo [MOBILE (LTE) - 100]: PROBE_HTTP http://connectivitycheck.gstatic.com/generate_204 time=25ms ret=204 request={User-Agent=[Mozilla/5.0 (X11; Linux x86_64) AppleWebKit/537.36 (KHTML, like Gecko) Chrome/60.0.3112.32 Safari/537.36]} headers={null=[HTTP/1.1 204 No Content], Content-Length=[0], Date=[Fri, 28 Feb 2020 19:12:24 GMT], X-Android-Received-Millis=[1578869460645], X-Android-Response-Source=[NETWORK 204], X-Android-Selected-Protocol=[http/1.1], X-Android-Sent-Millis=[1578869460620]}
01-13 01:51:00.681  1666 18614 D NetworkMonitor/NetworkAgentInfo [MOBILE (LTE) - 100]: PROBE_HTTPS https://www.google.com/generate_204 Probe failed with exception javax.net.ssl.SSLHandshakeException: Chain validation failed
01-13 01:51:00.710  1666  2183 D NetworkMonitor/NetworkAgentInfo [MOBILE (LTE) - 100]: PROBE_FALLBACK http://www.google.com/gen_204 time=28ms ret=204 request={User-Agent=[Mozilla/5.0 (X11; Linux x86_64) AppleWebKit/537.36 (KHTML, like Gecko) Chrome/60.0.3112.32 Safari/537.36]} headers={null=[HTTP/1.1 204 No Content], Content-Length=[0], Content-Type=[text/html; charset=UTF-8], Date=[Fri, 28 Feb 2020 19:12:24 GMT], Server=[gws], Set-Cookie=[1P_JAR=2020-02-28-19; expires=Sun, 29-Mar-2020 19:12:24 GMT; path=/; domain=.google.com; Secure], X-Android-Received-Millis=[1578869460710], X-Android-Response-Source=[NETWORK 204], X-Android-Selected-Protocol=[http/1.1], X-Android-Sent-Millis=[1578869460682], X-Frame-Options=[SAMEORIGIN], X-XSS-Protection=[0]}
01-13 01:51:02.502  1666 18619 D NetworkMonitor/NetworkAgentInfo [WIFI () - 101]: PROBE_DNS connectivitycheck.gstatic.com 1ms OK 64.233.163.94,2a00:1450:4010:c08::5e
01-13 01:51:02.507  1666 18618 D NetworkMonitor/NetworkAgentInfo [WIFI () - 101]: PROBE_DNS www.google.com 5ms OK 64.233.162.104,2a00:1450:4010:c09::69
01-13 01:51:02.526  1666 18619 D NetworkMonitor/NetworkAgentInfo [WIFI () - 101]: PROBE_HTTP http://connectivitycheck.gstatic.com/generate_204 time=23ms ret=204 request={User-Agent=[Mozilla/5.0 (X11; Linux x86_64) AppleWebKit/537.36 (KHTML, like Gecko) Chrome/60.0.3112.32 Safari/537.36]} headers={null=[HTTP/1.1 204 No Content], Content-Length=[0], Date=[Fri, 28 Feb 2020 19:12:26 GMT], X-Android-Received-Millis=[1578869462526], X-Android-Response-Source=[NETWORK 204], X-Android-Selected-Protocol=[http/1.1], X-Android-Sent-Millis=[1578869462503]}
01-13 01:51:02.565  1666 18618 D NetworkMonitor/NetworkAgentInfo [WIFI () - 101]: PROBE_HTTPS https://www.google.com/generate_204 Probe failed with exception javax.net.ssl.SSLHandshakeException: Chain validation failed
01-13 01:51:02.591  1666  2854 D NetworkMonitor/NetworkAgentInfo [WIFI () - 101]: PROBE_FALLBACK http://play.googleapis.com/generate_204 time=24ms ret=204 request={User-Agent=[Mozilla/5.0 (X11; Linux x86_64) AppleWebKit/537.36 (KHTML, like Gecko) Chrome/60.0.3112.32 Safari/537.36]} headers={null=[HTTP/1.1 204 No Content], Content-Length=[0], Date=[Fri, 28 Feb 2020 19:12:26 GMT], X-Android-Received-Millis=[1578869462591], X-Android-Response-Source=[NETWORK 204], X-Android-Selected-Protocol=[http/1.1], X-Android-Sent-Millis=[1578869462567]}
01-13 01:51:00.711  1666  1775 D ConnectivityService: NetworkAgentInfo [MOBILE (LTE) - 100] validation failed
01-13 01:51:02.592  1666  1775 D ConnectivityService: NetworkAgentInfo [WIFI () - 101] validation failed
01-13 01:51:02.592  1666  1771 D WifiStateMachine: NETWORK_STATUS_UNWANTED_VALIDATION_FAILED
01-13 01:51:04.721  1666 18622 D NetworkMonitor/NetworkAgentInfo [MOBILE (LTE) - 100]: PROBE_DNS www.google.com 3ms OK 64.233.162.99,2a00:1450:4010:c09::69
01-13 01:51:04.722  1666 18623 D NetworkMonitor/NetworkAgentInfo [MOBILE (LTE) - 100]: PROBE_DNS connectivitycheck.gstatic.com 4ms OK 64.233.163.94,2a00:1450:4010:c08::5e
01-13 01:51:04.747  1666 18623 D NetworkMonitor/NetworkAgentInfo [MOBILE (LTE) - 100]: PROBE_HTTP http://connectivitycheck.gstatic.com/generate_204 time=24ms ret=204 request={User-Agent=[Mozilla/5.0 (X11; Linux x86_64) AppleWebKit/537.36 (KHTML, like Gecko) Chrome/60.0.3112.32 Safari/537.36]} headers={null=[HTTP/1.1 204 No Content], Content-Length=[0], Date=[Fri, 28 Feb 2020 19:12:29 GMT], X-Android-Received-Millis=[1578869464747], X-Android-Response-Source=[NETWORK 204], X-Android-Selected-Protocol=[http/1.1], X-Android-Sent-Millis=[1578869464723]}
01-13 01:51:07.748  1666  2183 D NetworkMonitor/NetworkAgentInfo [MOBILE (LTE) - 100]: PROBE_FALLBACK http://www.google.com/gen_204 time=29ms ret=204 request={User-Agent=[Mozilla/5.0 (X11; Linux x86_64) AppleWebKit/537.36 (KHTML, like Gecko) Chrome/60.0.3112.32 Safari/537.36]} headers={null=[HTTP/1.1 204 No Content], Content-Length=[0], Content-Type=[text/html; charset=UTF-8], Date=[Fri, 28 Feb 2020 19:12:32 GMT], Server=[gws], Set-Cookie=[1P_JAR=2020-02-28-19; expires=Sun, 29-Mar-2020 19:12:32 GMT; path=/; domain=.google.com; Secure], X-Android-Received-Millis=[1578869467748], X-Android-Response-Source=[NETWORK 204], X-Android-Selected-Protocol=[http/1.1], X-Android-Sent-Millis=[1578869467719], X-Frame-Options=[SAMEORIGIN], X-XSS-Protection=[0]}
01-13 01:51:14.798  1666 18622 D NetworkMonitor/NetworkAgentInfo [MOBILE (LTE) - 100]: PROBE_HTTPS https://www.google.com/generate_204 Probe failed with exception javax.net.ssl.SSLHandshakeException: Chain validation failed
01-13 01:51:14.801  1666  1775 D ConnectivityService: NetworkAgentInfo [MOBILE (LTE) - 100] validation failed
01-13 01:51:17.658  2116 18609 E WakeLock: GCM_HB_ALARM release without a matched acquire!
01-13 01:51:17.658  2116 18609 W WakeLock: GCM_HB_ALARM counter does not exist
01-13 01:51:18.611  1666 18631 D NetworkMonitor/NetworkAgentInfo [WIFI () - 101]: PROBE_DNS connectivitycheck.gstatic.com 1ms OK 64.233.163.94,2a00:1450:4010:c08::5e
01-13 01:51:18.612  1666 18630 D NetworkMonitor/NetworkAgentInfo [WIFI () - 101]: PROBE_DNS www.google.com 3ms OK 64.233.162.106,2a00:1450:4010:c09::69
01-13 01:51:18.635  1666 18631 D NetworkMonitor/NetworkAgentInfo [WIFI () - 101]: PROBE_HTTP http://connectivitycheck.gstatic.com/generate_204 time=23ms ret=204 request={User-Agent=[Mozilla/5.0 (X11; Linux x86_64) AppleWebKit/537.36 (KHTML, like Gecko) Chrome/60.0.3112.32 Safari/537.36]} headers={null=[HTTP/1.1 204 No Content], Content-Length=[0], Date=[Fri, 28 Feb 2020 19:12:42 GMT], X-Android-Received-Millis=[1578869478635], X-Android-Response-Source=[NETWORK 204], X-Android-Selected-Protocol=[http/1.1], X-Android-Sent-Millis=[1578869478612]}
01-13 01:51:18.675  1666 18630 D NetworkMonitor/NetworkAgentInfo [WIFI () - 101]: PROBE_HTTPS https://www.google.com/generate_204 Probe failed with exception javax.net.ssl.SSLHandshakeException: Chain validation failed
01-13 01:51:18.700  1666  2854 D NetworkMonitor/NetworkAgentInfo [WIFI () - 101]: PROBE_FALLBACK http://play.googleapis.com/generate_204 time=24ms ret=204 request={User-Agent=[Mozilla/5.0 (X11; Linux x86_64) AppleWebKit/537.36 (KHTML, like Gecko) Chrome/60.0.3112.32 Safari/537.36]} headers={null=[HTTP/1.1 204 No Content], Content-Length=[0], Date=[Fri, 28 Feb 2020 19:12:42 GMT], X-Android-Received-Millis=[1578869478700], X-Android-Response-Source=[NETWORK 204], X-Android-Selected-Protocol=[http/1.1], X-Android-Sent-Millis=[1578869478676]}
01-13 01:51:18.701  1666  1775 D ConnectivityService: NetworkAgentInfo [WIFI () - 101] validation failed
01-13 01:51:18.701  1666  1771 D WifiStateMachine: NETWORK_STATUS_UNWANTED_VALIDATION_FAILED
01-13 01:51:22.172  1666  1759 I InputDispatcher: Dropping event because there is no touchable window at (442, 624).
01-13 01:51:22.812  1666 18635 D NetworkMonitor/NetworkAgentInfo [MOBILE (LTE) - 100]: PROBE_DNS connectivitycheck.gstatic.com 2ms OK 64.233.163.94,2a00:1450:4010:c08::5e
01-13 01:51:22.812  1666 18634 D NetworkMonitor/NetworkAgentInfo [MOBILE (LTE) - 100]: PROBE_DNS www.google.com 3ms OK 64.233.162.105,2a00:1450:4010:c09::69
01-13 01:51:22.837  1666 18635 D NetworkMonitor/NetworkAgentInfo [MOBILE (LTE) - 100]: PROBE_HTTP http://connectivitycheck.gstatic.com/generate_204 time=24ms ret=204 request={User-Agent=[Mozilla/5.0 (X11; Linux x86_64) AppleWebKit/537.36 (KHTML, like Gecko) Chrome/60.0.3112.32 Safari/537.36]} headers={null=[HTTP/1.1 204 No Content], Content-Length=[0], Date=[Fri, 28 Feb 2020 19:12:47 GMT], X-Android-Received-Millis=[1578869482837], X-Android-Response-Source=[NETWORK 204], X-Android-Selected-Protocol=[http/1.1], X-Android-Sent-Millis=[1578869482813]}
01-13 01:51:22.875  1666 18634 D NetworkMonitor/NetworkAgentInfo [MOBILE (LTE) - 100]: PROBE_HTTPS https://www.google.com/generate_204 Probe failed with exception javax.net.ssl.SSLHandshakeException: Chain validation failed
01-13 01:51:22.905  1666  2183 D NetworkMonitor/NetworkAgentInfo [MOBILE (LTE) - 100]: PROBE_FALLBACK http://www.google.com/gen_204 time=28ms ret=204 request={User-Agent=[Mozilla/5.0 (X11; Linux x86_64) AppleWebKit/537.36 (KHTML, like Gecko) Chrome/60.0.3112.32 Safari/537.36]} headers={null=[HTTP/1.1 204 No Content], Content-Length=[0], Content-Type=[text/html; charset=UTF-8], Date=[Fri, 28 Feb 2020 19:12:47 GMT], Server=[gws], Set-Cookie=[1P_JAR=2020-02-28-19; expires=Sun, 29-Mar-2020 19:12:47 GMT; path=/; domain=.google.com; Secure], X-Android-Received-Millis=[1578869482905], X-Android-Response-Source=[NETWORK 204], X-Android-Selected-Protocol=[http/1.1], X-Android-Sent-Millis=[1578869482877], X-Frame-Options=[SAMEORIGIN], X-XSS-Protection=[0]}
01-13 01:51:22.906  1666  1775 D ConnectivityService: NetworkAgentInfo [MOBILE (LTE) - 100] validation failed
01-13 01:51:23.741  1812  2065 D EGL_emulation: eglMakeCurrent: 0xcd6dab60: ver 2 0 (tinfo 0xcd6dcc00)
01-13 01:51:23.742  1433  5262 W audio_hw_generic: Not supplying enough data to HAL, expected position 26897401 , only wrote 26897040
01-13 01:51:23.820  1666  1691 D AutofillManagerService: Close system dialogs
01-13 01:51:23.822  1666  1759 I ActivityManager: START u0 {act=android.intent.action.MAIN cat=[android.intent.category.HOME] flg=0x10200000 cmp=com.google.android.apps.nexuslauncher/.NexusLauncherActivity (has extras)} from uid 1000
01-13 01:51:23.828  1666  1740 D gralloc_ranchu: gralloc_unregister_buffer: exiting HostConnection (is buffer-handling thread)
01-13 01:51:23.829  1666  1740 D         : HostConnection::get() New Host Connection established 0xde47cac0, tid 1740
01-13 01:51:23.829  1666  1740 D gralloc_ranchu: gralloc_unregister_buffer: exiting HostConnection (is buffer-handling thread)
01-13 01:51:23.831  1442  1498 D gralloc_ranchu: gralloc_unregister_buffer: exiting HostConnection (is buffer-handling thread)
01-13 01:51:23.831  1442  1498 D         : HostConnection::get() New Host Connection established 0xecc32080, tid 1498
01-13 01:51:23.832  1442  1498 D gralloc_ranchu: gralloc_unregister_buffer: exiting HostConnection (is buffer-handling thread)
01-13 01:51:23.856  2116  2618 W GCoreFlp: No location to return for getLastLocation()
01-13 01:51:23.870  1442  1498 D         : HostConnection::get() New Host Connection established 0xecc32080, tid 1498
01-13 01:51:23.877  2116  2618 W GCoreFlp: No location to return for getLastLocation()
01-13 01:51:23.879  1666  7773 D WindowManager: relayoutVisibleWindow: Window{9203362 u0 com.google.android.apps.nexuslauncher/com.google.android.apps.nexuslauncher.NexusLauncherActivity EXITING} mAnimatingExit=true, mRemoveOnExit=false, mDestroying=false
01-13 01:51:23.882  1666  7778 D WindowManager: relayoutVisibleWindow: Window{4fdf975 u0 com.google.android.apps.nexuslauncher/com.google.android.apps.nexuslauncher.NexusLauncherActivity EXITING} mAnimatingExit=true, mRemoveOnExit=false, mDestroying=false
01-13 01:51:23.883  1812  2065 D EGL_emulation: eglMakeCurrent: 0xcd6dab60: ver 2 0 (tinfo 0xcd6dcc00)
01-13 01:51:23.887  1441  1441 D gralloc_ranchu: gralloc_alloc: Creating ashmem region of size 3690496
01-13 01:51:23.890  1441  1502 D gralloc_ranchu: gralloc_alloc: Creating ashmem region of size 3690496
01-13 01:51:23.902  1441  1501 D gralloc_ranchu: gralloc_alloc: Creating ashmem region of size 3690496
01-13 01:51:23.902  1441  1441 D gralloc_ranchu: gralloc_alloc: Creating ashmem region of size 3690496
01-13 01:51:23.948  1441  1501 D gralloc_ranchu: gralloc_alloc: Creating ashmem region of size 3690496
01-13 01:51:23.948  1441  1502 D gralloc_ranchu: gralloc_alloc: Creating ashmem region of size 3690496
01-13 01:51:23.994  1451  2135 E IPCThreadState: binder thread pool (4 threads) starved for 102 ms
01-13 01:51:24.003  2348  2728 D EGL_emulation: eglMakeCurrent: 0xe1085f00: ver 2 0 (tinfo 0xe1083ba0)
01-13 01:51:24.005  1812  2065 D EGL_emulation: eglMakeCurrent: 0xcd6dab60: ver 2 0 (tinfo 0xcd6dcc00)
01-13 01:51:24.019  2374  2504 D EGL_emulation: eglMakeCurrent: 0xce51d940: ver 2 0 (tinfo 0xce534ae0)
01-13 01:51:24.036  1812  2065 D EGL_emulation: eglMakeCurrent: 0xcd6dab60: ver 2 0 (tinfo 0xcd6dcc00)
01-13 01:51:24.043  2348  2348 I MicroDetectionWorker: #updateMicroDetector [detectionMode: [mDetectionMode: [1]]]
01-13 01:51:24.044  2348  2348 I MicroDetectionWorker: #startMicroDetector [speakerMode: 0]
01-13 01:51:24.044  2348  2348 I AudioController: Using mInputStreamFactoryBuilder
01-13 01:51:24.046  2348  2348 I MicroDetectionWorker: onReady
01-13 01:51:24.047  2348 18321 I MicroRecognitionRunner: Starting detection.
01-13 01:51:24.047  2348 18318 I MicrophoneInputStream: mic_starting com.google.android.apps.gsa.staticplugins.aa.c@e77ac4d
01-13 01:51:24.048  1526  1581 W ServiceManager: Permission failure: android.permission.RECORD_AUDIO from uid=10032 pid=2348
01-13 01:51:24.048  1526  1581 E         : Request requires android.permission.RECORD_AUDIO
01-13 01:51:24.048  1526  1581 E         : android.permission.CAPTURE_AUDIO_HOTWORD
01-13 01:51:24.048  2348 18318 E AudioRecord: Could not get audio input for session 15921, record source 1999, sample rate 16000, format 0x1, channel mask 0x10, flags 0
01-13 01:51:24.049  2348 18318 E AudioRecord-JNI: Error creating AudioRecord instance: initialization check failed with status -22.
01-13 01:51:24.049  2348 18318 E android.media.AudioRecord: Error code -20 when initializing native AudioRecord object.
01-13 01:51:24.049  2348 18318 I MicrophoneInputStream: mic_started com.google.android.apps.gsa.staticplugins.aa.c@e77ac4d
