01-13 02:16:00.011  1442  1465 D hwcomposer: hw_composer sent 6 syncs in 60s
01-13 02:16:01.461  1666  1685 E memtrack: Couldn't load memtrack module
01-13 02:16:01.461  1666  1685 W android.os.Debug: failed to get memory consumption info: -1
01-13 02:16:01.501  1666  1685 E memtrack: Couldn't load memtrack module
01-13 02:16:01.502  1666  1685 W android.os.Debug: failed to get memory consumption info: -1
01-13 02:16:01.542  1666  1685 E memtrack: Couldn't load memtrack module
01-13 02:16:01.542  1666  1685 W android.os.Debug: failed to get memory consumption info: -1
01-13 02:16:01.572  1666  1685 E memtrack: Couldn't load memtrack module
01-13 02:16:01.572  1666  1685 W android.os.Debug: failed to get memory consumption info: -1
01-13 02:16:04.432  1666  7772 D WificondControl: Scan result ready event
01-13 02:16:25.529  1449  1449 I boot-pipe: done populating /dev/random
01-13 02:16:35.108  1666  1689 I WifiService: requestActivityInfo uid=1000
01-13 02:16:35.108  1666  1689 I WifiService: reportActivityInfo uid=1000
01-13 02:16:35.108  1666  1689 I WifiService: getSupportedFeatures uid=1000
01-13 02:14:59.563  1666  1689 I chatty  : uid=1000(system) batterystats-wo identical 16 lines
01-13 02:15:32.154  1666  1689 E BatteryExternalStatsWorker: modem info is invalid: ModemActivityInfo{ mTimestamp=0 mSleepTimeMs=0 mIdleTimeMs=0 mTxTimeMs[]=[0, 0, 0, 0, 0] mRxTimeMs=0 mEnergyUsed=0}
01-13 02:16:52.219  1666  1689 E BatteryExternalStatsWorker: modem info is invalid: ModemActivityInfo{ mTimestamp=0 mSleepTimeMs=0 mIdleTimeMs=0 mTxTimeMs[]=[0, 0, 0, 0, 0] mRxTimeMs=0 mEnergyUsed=0}
01-13 02:16:57.115  2116 19219 E WakeLock: GCM_HB_ALARM release without a matched acquire!
01-13 02:16:57.115  2116 19219 W WakeLock: GCM_HB_ALARM counter does not exist
01-13 02:17:00.014  1666  1685 E memtrack: Couldn't load memtrack module
01-13 02:17:00.014  1666  1685 W android.os.Debug: failed to get memory consumption info: -1
01-13 02:17:00.020  1442  1465 D hwcomposer: hw_composer sent 6 syncs in 60s
01-13 02:17:17.257  2116 19223 E WakeLock: GCM_HB_ALARM release without a matched acquire!
01-13 02:17:17.258  2116 19223 W WakeLock: GCM_HB_ALARM counter does not exist
01-13 02:17:17.259  2116 19223 W WakeLock: GCM_CONN_ALARM counter does not exist
01-13 02:17:25.531  1449  1449 I boot-pipe: done populating /dev/random
01-13 02:17:31.312  1666  1689 I WifiService: requestActivityInfo uid=1000
01-13 02:17:31.312  1666  1689 I WifiService: reportActivityInfo uid=1000
01-13 02:17:31.312  1666  1689 I WifiService: getSupportedFeatures uid=1000
01-13 02:17:38.351  1666  1689 I WifiService: requestActivityInfo uid=1000
01-13 02:17:38.351  1666  1689 I WifiService: reportActivityInfo uid=1000
01-13 02:17:38.351  1666  1689 I WifiService: getSupportedFeatures uid=1000
01-13 02:17:51.545  1666 19232 D NetworkMonitor/NetworkAgentInfo [WIFI () - 101]: PROBE_DNS www.google.com 58ms OK 64.233.162.103,2a00:1450:4010:c0d::6a
01-13 02:17:51.545  1666 19233 D NetworkMonitor/NetworkAgentInfo [WIFI () - 101]: PROBE_DNS connectivitycheck.gstatic.com 57ms OK 108.177.14.94,2a00:1450:4010:c08::5e
01-13 02:17:51.596  1666 19233 D NetworkMonitor/NetworkAgentInfo [WIFI () - 101]: PROBE_HTTP http://connectivitycheck.gstatic.com/generate_204 time=50ms ret=204 request={User-Agent=[Mozilla/5.0 (X11; Linux x86_64) AppleWebKit/537.36 (KHTML, like Gecko) Chrome/60.0.3112.32 Safari/537.36]} headers={null=[HTTP/1.1 204 No Content], Content-Length=[0], Date=[Fri, 28 Feb 2020 19:39:15 GMT], X-Android-Received-Millis=[1578871071596], X-Android-Response-Source=[NETWORK 204], X-Android-Selected-Protocol=[http/1.1], X-Android-Sent-Millis=[1578871071572]}
01-13 02:17:54.587  1666  2854 D NetworkMonitor/NetworkAgentInfo [WIFI () - 101]: PROBE_FALLBACK http://play.googleapis.com/generate_204 time=98ms ret=204 request={User-Agent=[Mozilla/5.0 (X11; Linux x86_64) AppleWebKit/537.36 (KHTML, like Gecko) Chrome/60.0.3112.32 Safari/537.36]} headers={null=[HTTP/1.1 204 No Content], Content-Length=[0], Date=[Fri, 28 Feb 2020 19:39:18 GMT], X-Android-Received-Millis=[1578871074586], X-Android-Response-Source=[NETWORK 204], X-Android-Selected-Protocol=[http/1.1], X-Android-Sent-Millis=[1578871074564]}
01-13 02:18:00.005  1666  1685 E memtrack: Couldn't load memtrack module
01-13 02:18:00.005  1666  1685 W android.os.Debug: failed to get memory consumption info: -1
01-13 02:18:00.017  1442  1465 D hwcomposer: hw_composer sent 6 syncs in 60s
01-13 02:18:00.047  1666  1685 E memtrack: Couldn't load memtrack module
01-13 02:18:00.047  1666  1685 W android.os.Debug: failed to get memory consumption info: -1
01-13 02:18:00.084  1666  1685 E memtrack: Couldn't load memtrack module
01-13 02:18:00.084  1666  1685 W android.os.Debug: failed to get memory consumption info: -1
01-13 02:18:01.612  1666 19232 D NetworkMonitor/NetworkAgentInfo [WIFI () - 101]: PROBE_HTTPS https://www.google.com/generate_204 Probe failed with exception javax.net.ssl.SSLHandshakeException: Chain validation failed
01-13 02:17:22.295  1666  1689 I chatty  : uid=1000(system) batterystats-wo identical 1 line
01-13 02:17:55.395  1666  1689 E BatteryExternalStatsWorker: modem info is invalid: ModemActivityInfo{ mTimestamp=0 mSleepTimeMs=0 mIdleTimeMs=0 mTxTimeMs[]=[0, 0, 0, 0, 0] mRxTimeMs=0 mEnergyUsed=0}
01-13 02:18:01.613  1666  1775 D ConnectivityService: NetworkAgentInfo [WIFI () - 101] validation failed
01-13 02:18:01.614  1666  1771 D WifiStateMachine: NETWORK_STATUS_UNWANTED_VALIDATION_FAILED
01-13 02:18:12.132  1666 19241 D NetworkMonitor/NetworkAgentInfo [MOBILE (LTE) - 100]: PROBE_DNS connectivitycheck.gstatic.com 7ms OK 108.177.14.94,2a00:1450:4010:c08::5e
01-13 02:18:12.133  1666 19240 D NetworkMonitor/NetworkAgentInfo [MOBILE (LTE) - 100]: PROBE_DNS www.google.com 8ms OK 64.233.162.105,2a00:1450:4010:c0d::6a
01-13 02:18:12.178  1666 19241 D NetworkMonitor/NetworkAgentInfo [MOBILE (LTE) - 100]: PROBE_HTTP http://connectivitycheck.gstatic.com/generate_204 time=45ms ret=204 request={User-Agent=[Mozilla/5.0 (X11; Linux x86_64) AppleWebKit/537.36 (KHTML, like Gecko) Chrome/60.0.3112.32 Safari/537.36]} headers={null=[HTTP/1.1 204 No Content], Content-Length=[0], Date=[Fri, 28 Feb 2020 19:39:36 GMT], X-Android-Received-Millis=[1578871092178], X-Android-Response-Source=[NETWORK 204], X-Android-Selected-Protocol=[http/1.1], X-Android-Sent-Millis=[1578871092156]}
01-13 02:18:15.182  1666  2183 D NetworkMonitor/NetworkAgentInfo [MOBILE (LTE) - 100]: PROBE_FALLBACK http://www.google.com/gen_204 time=57ms ret=204 request={User-Agent=[Mozilla/5.0 (X11; Linux x86_64) AppleWebKit/537.36 (KHTML, like Gecko) Chrome/60.0.3112.32 Safari/537.36]} headers={null=[HTTP/1.1 204 No Content], Content-Length=[0], Content-Type=[text/html; charset=UTF-8], Date=[Fri, 28 Feb 2020 19:39:39 GMT], Server=[gws], Set-Cookie=[1P_JAR=2020-02-28-19; expires=Sun, 29-Mar-2020 19:39:39 GMT; path=/; domain=.google.com; Secure], X-Android-Received-Millis=[1578871095182], X-Android-Response-Source=[NETWORK 204], X-Android-Selected-Protocol=[http/1.1], X-Android-Sent-Millis=[1578871095152], X-Frame-Options=[SAMEORIGIN], X-XSS-Protection=[0]}
01-13 02:18:20.592  1666  1689 I WifiService: requestActivityInfo uid=1000
01-13 02:18:20.592  1666  1689 I WifiService: reportActivityInfo uid=1000
01-13 02:18:20.592  1666  1689 I WifiService: getSupportedFeatures uid=1000
01-13 02:18:22.207  1666 19240 D NetworkMonitor/NetworkAgentInfo [MOBILE (LTE) - 100]: PROBE_HTTPS https://www.google.com/generate_204 Probe failed with exception javax.net.ssl.SSLHandshakeException: Chain validation failed
01-13 02:18:22.207  1666  1775 D ConnectivityService: NetworkAgentInfo [MOBILE (LTE) - 100] validation failed
01-13 02:18:24.156  1666  1689 I WifiService: requestActivityInfo uid=1000
01-13 02:18:24.157  1666  1689 I WifiService: reportActivityInfo uid=1000
01-13 02:18:24.157  1666  1689 I WifiService: getSupportedFeatures uid=1000
01-13 02:18:25.533  1449  1449 I boot-pipe: done populating /dev/random
01-13 02:18:36.183  1666  1689 E BatteryExternalStatsWorker: modem info is invalid: ModemActivityInfo{ mTimestamp=0 mSleepTimeMs=0 mIdleTimeMs=0 mTxTimeMs[]=[0, 0, 0, 0, 0] mRxTimeMs=0 mEnergyUsed=0}
01-13 02:18:41.461  1666  1685 E memtrack: Couldn't load memtrack module
01-13 02:18:41.461  1666  1685 W android.os.Debug: failed to get memory consumption info: -1
01-13 02:18:44.432  1666  7770 D WificondControl: Scan result ready event
01-13 02:18:59.834  1666  1689 I WifiService: requestActivityInfo uid=1000
01-13 02:18:59.835  1666  1689 I WifiService: reportActivityInfo uid=1000
01-13 02:18:59.835  1666  1689 I WifiService: getSupportedFeatures uid=1000
01-13 02:19:00.005  1666  1685 E memtrack: Couldn't load memtrack module
01-13 02:19:00.005  1666  1685 W android.os.Debug: failed to get memory consumption info: -1
01-13 02:19:00.033  1442  1465 D hwcomposer: hw_composer sent 6 syncs in 60s
01-13 02:19:00.073  1666  1685 E memtrack: Couldn't load memtrack module
01-13 02:19:00.073  1666  1685 W android.os.Debug: failed to get memory consumption info: -1
01-13 02:19:00.831  1666  1689 I WifiService: requestActivityInfo uid=1000
01-13 02:19:00.831  1666  1689 I WifiService: reportActivityInfo uid=1000
01-13 02:19:00.831  1666  1689 I WifiService: getSupportedFeatures uid=1000
01-13 02:19:25.535  1449  1449 I boot-pipe: done populating /dev/random
01-13 02:19:28.871  1666  1689 I WifiService: requestActivityInfo uid=1000
01-13 02:19:28.871  1666  1689 I WifiService: reportActivityInfo uid=1000
01-13 02:19:28.872  1666  1689 I WifiService: getSupportedFeatures uid=1000
01-13 02:19:32.912  1666  1689 I WifiService: requestActivityInfo uid=1000
01-13 02:19:32.912  1666  1689 I WifiService: reportActivityInfo uid=1000
01-13 02:19:32.912  1666  1689 I WifiService: getSupportedFeatures uid=1000
01-13 02:20:00.023  1442  1465 D hwcomposer: hw_composer sent 6 syncs in 60s
01-13 02:20:08.083  1666  1689 I WifiService: requestActivityInfo uid=1000
01-13 02:20:08.084  1666  1689 I WifiService: reportActivityInfo uid=1000
01-13 02:20:08.084  1666  1689 I WifiService: getSupportedFeatures uid=1000
01-13 02:20:25.537  1449  1449 I boot-pipe: done populating /dev/random
01-13 02:21:00.002  1666  1685 E memtrack: Couldn't load memtrack module
01-13 02:21:00.002  1666  1685 W android.os.Debug: failed to get memory consumption info: -1
01-13 02:21:00.016  1442  1465 D hwcomposer: hw_composer sent 6 syncs in 60s
01-13 02:21:21.463  1666  1685 E memtrack: Couldn't load memtrack module
01-13 02:21:21.463  1666  1685 W android.os.Debug: failed to get memory consumption info: -1
01-13 02:21:24.445  1666  7777 D WificondControl: Scan result ready event
01-13 02:21:25.538  1449  1449 I boot-pipe: done populating /dev/random
01-13 02:21:51.604  1666  1689 I WifiService: requestActivityInfo uid=1000
01-13 02:21:51.604  1666  1689 I WifiService: reportActivityInfo uid=1000
01-13 02:21:51.604  1666  1689 I WifiService: getSupportedFeatures uid=1000
01-13 02:22:00.009  1442  1465 D hwcomposer: hw_composer sent 6 syncs in 60s
01-13 02:22:09.671  1666  1689 I WifiService: requestActivityInfo uid=1000
01-13 02:22:09.672  1666  1689 I WifiService: reportActivityInfo uid=1000
01-13 02:22:09.672  1666  1689 I WifiService: getSupportedFeatures uid=1000
01-13 02:19:17.875  1666  1689 I chatty  : uid=1000(system) batterystats-wo identical 2 lines
01-13 02:19:52.475  1666  1689 E BatteryExternalStatsWorker: modem info is invalid: ModemActivityInfo{ mTimestamp=0 mSleepTimeMs=0 mIdleTimeMs=0 mTxTimeMs[]=[0, 0, 0, 0, 0] mRxTimeMs=0 mEnergyUsed=0}
01-13 02:22:25.235  1666  1689 E BatteryExternalStatsWorker: modem info is invalid: ModemActivityInfo{ mTimestamp=0 mSleepTimeMs=0 mIdleTimeMs=0 mTxTimeMs[]=[0, 0, 0, 0, 0] mRxTimeMs=0 mEnergyUsed=0}
01-13 02:22:25.540  1449  1449 I boot-pipe: done populating /dev/random
01-13 02:22:51.599  1666  1689 I WifiService: requestActivityInfo uid=1000
01-13 02:22:51.599  1666  1689 I WifiService: reportActivityInfo uid=1000
01-13 02:22:51.599  1666  1689 I WifiService: getSupportedFeatures uid=1000
01-13 02:23:00.002  1666  1685 E memtrack: Couldn't load memtrack module
01-13 02:23:00.002  1666  1685 W android.os.Debug: failed to get memory consumption info: -1
01-13 02:23:00.018  1442  1465 D hwcomposer: hw_composer sent 6 syncs in 60s
01-13 02:23:00.044  1666  1685 E memtrack: Couldn't load memtrack module
01-13 02:23:00.044  1666  1685 W android.os.Debug: failed to get memory consumption info: -1
01-13 02:23:09.632  1666  1689 I WifiService: requestActivityInfo uid=1000
01-13 02:23:09.633  1666  1689 I WifiService: reportActivityInfo uid=1000
01-13 02:23:09.633  1666  1689 I WifiService: getSupportedFeatures uid=1000
01-13 02:23:25.543  1449  1449 I boot-pipe: done populating /dev/random
01-13 02:24:00.003  1666  1685 E memtrack: Couldn't load memtrack module
01-13 02:24:00.004  1666  1685 W android.os.Debug: failed to get memory consumption info: -1
01-13 02:24:00.024  1442  1465 D hwcomposer: hw_composer sent 6 syncs in 60s
01-13 02:24:04.431  1666  7770 D WificondControl: Scan result ready event
01-13 02:24:25.545  1449  1449 I boot-pipe: done populating /dev/random
01-13 02:24:43.198  1666  1689 I WifiService: requestActivityInfo uid=1000
01-13 02:24:43.198  1666  1689 I WifiService: reportActivityInfo uid=1000
01-13 02:24:43.198  1666  1689 I WifiService: getSupportedFeatures uid=1000
01-13 02:23:25.194  1666  1689 E BatteryExternalStatsWorker: modem info is invalid: ModemActivityInfo{ mTimestamp=0 mSleepTimeMs=0 mIdleTimeMs=0 mTxTimeMs[]=[0, 0, 0, 0, 0] mRxTimeMs=0 mEnergyUsed=0}
01-13 02:24:53.213  1666  1689 E BatteryExternalStatsWorker: modem info is invalid: ModemActivityInfo{ mTimestamp=0 mSleepTimeMs=0 mIdleTimeMs=0 mTxTimeMs[]=[0, 0, 0, 0, 0] mRxTimeMs=0 mEnergyUsed=0}
01-13 02:24:58.234  1666  1689 I WifiService: requestActivityInfo uid=1000
01-13 02:24:58.234  1666  1689 I WifiService: reportActivityInfo uid=1000
01-13 02:24:58.234  1666  1689 I WifiService: getSupportedFeatures uid=1000
01-13 02:25:00.008  1442  1465 D hwcomposer: hw_composer sent 6 syncs in 60s
01-13 02:25:25.547  1449  1449 I boot-pipe: done populating /dev/random
01-13 02:26:00.004  1666  1685 E memtrack: Couldn't load memtrack module
01-13 02:26:00.005  1666  1685 W android.os.Debug: failed to get memory consumption info: -1
01-13 02:26:00.026  1442  1465 D hwcomposer: hw_composer sent 6 syncs in 60s
01-13 02:26:25.548  1449  1449 I boot-pipe: done populating /dev/random
01-13 02:26:44.434  1666  7777 D WificondControl: Scan result ready event
01-13 02:27:00.031  1442  1465 D hwcomposer: hw_composer sent 6 syncs in 60s
01-13 02:27:25.549  1449  1449 I boot-pipe: done populating /dev/random
01-13 02:28:00.005  1666  1685 E memtrack: Couldn't load memtrack module
01-13 02:28:00.005  1666  1685 W android.os.Debug: failed to get memory consumption info: -1
01-13 02:28:00.039  1442  1465 D hwcomposer: hw_composer sent 6 syncs in 60s
01-13 02:28:00.070  1666  1685 E memtrack: Couldn't load memtrack module
01-13 02:28:00.070  1666  1685 W android.os.Debug: failed to get memory consumption info: -1
01-13 02:28:01.667  1666  1689 I WifiService: requestActivityInfo uid=1000
01-13 02:28:01.667  1666  1689 I WifiService: reportActivityInfo uid=1000
01-13 02:28:01.667  1666  1689 I WifiService: getSupportedFeatures uid=1000
01-13 02:28:01.695  1666 19277 D NetworkMonitor/NetworkAgentInfo [WIFI () - 101]: PROBE_DNS www.google.com 33ms OK 173.194.222.103,2a00:1450:4010:c05::63
01-13 02:28:01.723  1666 19278 D NetworkMonitor/NetworkAgentInfo [WIFI () - 101]: PROBE_DNS connectivitycheck.gstatic.com 60ms OK 64.233.165.94,2a00:1450:4010:c0a::5e
01-13 02:28:01.774  1666 19277 D NetworkMonitor/NetworkAgentInfo [WIFI () - 101]: PROBE_HTTPS https://www.google.com/generate_204 Probe failed with exception javax.net.ssl.SSLHandshakeException: Chain validation failed
01-13 02:28:01.778  1666 19278 D NetworkMonitor/NetworkAgentInfo [WIFI () - 101]: PROBE_HTTP http://connectivitycheck.gstatic.com/generate_204 time=53ms ret=204 request={User-Agent=[Mozilla/5.0 (X11; Linux x86_64) AppleWebKit/537.36 (KHTML, like Gecko) Chrome/60.0.3112.32 Safari/537.36]} headers={null=[HTTP/1.1 204 No Content], Content-Length=[0], Date=[Fri, 28 Feb 2020 19:49:26 GMT], X-Android-Received-Millis=[1578871681777], X-Android-Response-Source=[NETWORK 204], X-Android-Selected-Protocol=[http/1.1], X-Android-Sent-Millis=[1578871681752]}
01-13 02:28:01.855  1666  2854 D NetworkMonitor/NetworkAgentInfo [WIFI () - 101]: PROBE_FALLBACK http://play.googleapis.com/generate_204 time=76ms ret=204 request={User-Agent=[Mozilla/5.0 (X11; Linux x86_64) AppleWebKit/537.36 (KHTML, like Gecko) Chrome/60.0.3112.32 Safari/537.36]} headers={null=[HTTP/1.1 204 No Content], Content-Length=[0], Date=[Fri, 28 Feb 2020 19:49:26 GMT], X-Android-Received-Millis=[1578871681855], X-Android-Response-Source=[NETWORK 204], X-Android-Selected-Protocol=[http/1.1], X-Android-Sent-Millis=[1578871681831]}
01-13 02:28:01.856  1666  1775 D ConnectivityService: NetworkAgentInfo [WIFI () - 101] validation failed
01-13 02:28:01.856  1666  1771 D WifiStateMachine: NETWORK_STATUS_UNWANTED_VALIDATION_FAILED
01-13 02:28:16.872  1666  1689 I WifiService: requestActivityInfo uid=1000
01-13 02:28:16.872  1666  1689 I WifiService: reportActivityInfo uid=1000
01-13 02:28:16.872  1666  1689 I WifiService: getSupportedFeatures uid=1000
01-13 02:28:22.316  1666 19286 D NetworkMonitor/NetworkAgentInfo [MOBILE (LTE) - 100]: PROBE_DNS connectivitycheck.gstatic.com 5ms OK 64.233.165.94,2a00:1450:4010:c0a::5e
01-13 02:28:22.345  1666 19285 D NetworkMonitor/NetworkAgentInfo [MOBILE (LTE) - 100]: PROBE_DNS www.google.com 35ms OK 173.194.222.106,2a00:1450:4010:c05::63
01-13 02:28:22.374  1666 19286 D NetworkMonitor/NetworkAgentInfo [MOBILE (LTE) - 100]: PROBE_HTTP http://connectivitycheck.gstatic.com/generate_204 time=58ms ret=204 request={User-Agent=[Mozilla/5.0 (X11; Linux x86_64) AppleWebKit/537.36 (KHTML, like Gecko) Chrome/60.0.3112.32 Safari/537.36]} headers={null=[HTTP/1.1 204 No Content], Content-Length=[0], Date=[Fri, 28 Feb 2020 19:49:46 GMT], X-Android-Received-Millis=[1578871702373], X-Android-Response-Source=[NETWORK 204], X-Android-Selected-Protocol=[http/1.1], X-Android-Sent-Millis=[1578871702343]}
01-13 02:28:22.420  1666 19285 D NetworkMonitor/NetworkAgentInfo [MOBILE (LTE) - 100]: PROBE_HTTPS https://www.google.com/generate_204 Probe failed with exception javax.net.ssl.SSLHandshakeException: Chain validation failed
01-13 02:28:22.474  1666  2183 D NetworkMonitor/NetworkAgentInfo [MOBILE (LTE) - 100]: PROBE_FALLBACK http://play.googleapis.com/generate_204 time=53ms ret=204 request={User-Agent=[Mozilla/5.0 (X11; Linux x86_64) AppleWebKit/537.36 (KHTML, like Gecko) Chrome/60.0.3112.32 Safari/537.36]} headers={null=[HTTP/1.1 204 No Content], Content-Length=[0], Date=[Fri, 28 Feb 2020 19:49:46 GMT], X-Android-Received-Millis=[1578871702474], X-Android-Response-Source=[NETWORK 204], X-Android-Selected-Protocol=[http/1.1], X-Android-Sent-Millis=[1578871702450]}
01-13 02:28:22.475  1666  1775 D ConnectivityService: NetworkAgentInfo [MOBILE (LTE) - 100] validation failed
01-13 02:28:25.550  1449  1449 I boot-pipe: done populating /dev/random
01-13 02:28:32.496  1666  1689 E BatteryExternalStatsWorker: modem info is invalid: ModemActivityInfo{ mTimestamp=0 mSleepTimeMs=0 mIdleTimeMs=0 mTxTimeMs[]=[0, 0, 0, 0, 0] mRxTimeMs=0 mEnergyUsed=0}
01-13 02:29:00.012  1442  1465 D hwcomposer: hw_composer sent 6 syncs in 60s
01-13 02:29:24.431  1666  7777 D WificondControl: Scan result ready event
01-13 02:29:25.552  1449  1449 I boot-pipe: done populating /dev/random
01-13 02:30:00.009  1666  1685 E memtrack: Couldn't load memtrack module
01-13 02:30:00.010  1666  1685 W android.os.Debug: failed to get memory consumption info: -1
01-13 02:30:00.010  1442  1465 D hwcomposer: hw_composer sent 6 syncs in 60s
01-13 02:30:25.554  1449  1449 I boot-pipe: done populating /dev/random
01-13 02:31:00.022  1442  1465 D hwcomposer: hw_composer sent 6 syncs in 60s
01-13 02:31:25.555  1449  1449 I boot-pipe: done populating /dev/random
01-13 02:32:00.002  1666  1685 E memtrack: Couldn't load memtrack module
01-13 02:32:00.002  1666  1685 W android.os.Debug: failed to get memory consumption info: -1
01-13 02:32:00.010  1442  1465 D hwcomposer: hw_composer sent 6 syncs in 60s
01-13 02:32:00.056  1666  1685 E memtrack: Couldn't load memtrack module
01-13 02:32:00.056  1666  1685 W android.os.Debug: failed to get memory consumption info: -1
01-13 02:32:00.101  1666  1685 E memtrack: Couldn't load memtrack module
01-13 02:32:00.101  1666  1685 W android.os.Debug: failed to get memory consumption info: -1
01-13 02:32:00.133  1666  1685 E memtrack: Couldn't load memtrack module
01-13 02:32:00.133  1666  1685 W android.os.Debug: failed to get memory consumption info: -1
01-13 02:32:00.161  1666  1685 E memtrack: Couldn't load memtrack module
01-13 02:32:00.161  1666  1685 W android.os.Debug: failed to get memory consumption info: -1
01-13 02:32:01.779  1666  1689 I WifiService: requestActivityInfo uid=1000
01-13 02:32:01.780  1666  1689 I WifiService: reportActivityInfo uid=1000
01-13 02:32:01.780  1666  1689 I WifiService: getSupportedFeatures uid=1000
01-13 02:32:04.441  1666  7777 D WificondControl: Scan result ready event
01-13 02:32:16.912  1666  1689 I WifiService: requestActivityInfo uid=1000
01-13 02:32:16.912  1666  1689 I WifiService: reportActivityInfo uid=1000
01-13 02:32:16.912  1666  1689 I WifiService: getSupportedFeatures uid=1000
01-13 02:32:17.263  1666  1689 I WifiService: requestActivityInfo uid=1000
01-13 02:32:17.263  1666  1689 I WifiService: reportActivityInfo uid=1000
01-13 02:32:17.263  1666  1689 I WifiService: getSupportedFeatures uid=1000
01-13 02:32:25.556  1449  1449 I boot-pipe: done populating /dev/random
01-13 02:32:34.414  1666  1689 E BatteryExternalStatsWorker: modem info is invalid: ModemActivityInfo{ mTimestamp=0 mSleepTimeMs=0 mIdleTimeMs=0 mTxTimeMs[]=[0, 0, 0, 0, 0] mRxTimeMs=0 mEnergyUsed=0}
01-13 02:32:37.405  2116 19296 E WakeLock: GCM_HB_ALARM release without a matched acquire!
01-13 02:32:37.405  2116 19296 W WakeLock: GCM_HB_ALARM counter does not exist
01-13 02:32:37.800  2116 19301 E WakeLock: GCM_HB_ALARM release without a matched acquire!
01-13 02:32:37.800  2116 19301 W WakeLock: GCM_HB_ALARM counter does not exist
01-13 02:32:52.831  1666  1689 I WifiService: requestActivityInfo uid=1000
01-13 02:32:52.831  1666  1689 I WifiService: reportActivityInfo uid=1000
01-13 02:32:52.831  1666  1689 I WifiService: getSupportedFeatures uid=1000
01-13 02:33:00.004  1666  1685 E memtrack: Couldn't load memtrack module
01-13 02:33:00.004  1666  1685 W android.os.Debug: failed to get memory consumption info: -1
01-13 02:33:00.025  1442  1465 D hwcomposer: hw_composer sent 6 syncs in 60s
01-13 02:33:00.043  1666  1685 E memtrack: Couldn't load memtrack module
01-13 02:33:00.043  1666  1685 W android.os.Debug: failed to get memory consumption info: -1
01-13 02:33:00.080  1666  1685 E memtrack: Couldn't load memtrack module
01-13 02:33:00.080  1666  1685 W android.os.Debug: failed to get memory consumption info: -1
01-13 02:33:01.779  1666  1689 I WifiService: requestActivityInfo uid=1000
01-13 02:33:01.779  1666  1689 I WifiService: reportActivityInfo uid=1000
01-13 02:33:01.779  1666  1689 I WifiService: getSupportedFeatures uid=1000
01-13 02:33:16.872  1666  1689 I WifiService: requestActivityInfo uid=1000
01-13 02:33:16.872  1666  1689 I WifiService: reportActivityInfo uid=1000
01-13 02:33:16.872  1666  1689 I WifiService: getSupportedFeatures uid=1000
01-13 02:33:25.559  1449  1449 I boot-pipe: done populating /dev/random
01-13 02:33:32.693  1666  1689 I WifiService: requestActivityInfo uid=1000
01-13 02:33:32.693  1666  1689 I WifiService: reportActivityInfo uid=1000
01-13 02:33:32.693  1666  1689 I WifiService: getSupportedFeatures uid=1000
01-13 02:34:00.011  1666  1685 E memtrack: Couldn't load memtrack module
01-13 02:34:00.011  1666  1685 W android.os.Debug: failed to get memory consumption info: -1
01-13 02:34:00.017  1442  1465 D hwcomposer: hw_composer sent 6 syncs in 60s
01-13 02:34:02.751  1666  1689 I WifiService: requestActivityInfo uid=1000
01-13 02:34:02.752  1666  1689 I WifiService: reportActivityInfo uid=1000
01-13 02:34:02.752  1666  1689 I WifiService: getSupportedFeatures uid=1000
01-13 02:34:05.049  1666  1689 I WifiService: requestActivityInfo uid=1000
01-13 02:34:05.049  1666  1689 I WifiService: reportActivityInfo uid=1000
01-13 02:34:05.050  1666  1689 I WifiService: getSupportedFeatures uid=1000
01-13 02:34:05.058  1666  1689 E BluetoothAdapter: Bluetooth binder is null
01-13 02:33:32.496  1666  1689 E BatteryExternalStatsWorker: modem info is invalid: ModemActivityInfo{ mTimestamp=0 mSleepTimeMs=0 mIdleTimeMs=0 mTxTimeMs[]=[0, 0, 0, 0, 0] mRxTimeMs=0 mEnergyUsed=0}
01-13 02:34:05.063  1666  1689 E KernelCpuSpeedReader: Failed to read cpu-freq: /sys/devices/system/cpu/cpu0/cpufreq/stats/time_in_state (No such file or directory)
01-13 02:34:05.066  1666  1689 E BatteryExternalStatsWorker: modem info is invalid: ModemActivityInfo{ mTimestamp=0 mSleepTimeMs=0 mIdleTimeMs=0 mTxTimeMs[]=[0, 0, 0, 0, 0] mRxTimeMs=0 mEnergyUsed=0}
01-13 02:34:16.795  1666  1666 I EntropyMixer: Added HW RNG output to entropy pool
01-13 02:34:16.796  1666  1666 I EntropyMixer: Writing entropy...
01-13 02:34:25.561  1449  1449 I boot-pipe: done populating /dev/random
01-13 02:34:38.772  1666  1689 I WifiService: requestActivityInfo uid=1000
01-13 02:34:38.772  1666  1689 I WifiService: reportActivityInfo uid=1000
01-13 02:34:38.772  1666  1689 I WifiService: getSupportedFeatures uid=1000
01-13 02:34:48.795  1666  1689 E BatteryExternalStatsWorker: modem info is invalid: ModemActivityInfo{ mTimestamp=0 mSleepTimeMs=0 mIdleTimeMs=0 mTxTimeMs[]=[0, 0, 0, 0, 0] mRxTimeMs=0 mEnergyUsed=0}
01-13 02:34:53.791  1666  1689 I WifiService: requestActivityInfo uid=1000
01-13 02:34:53.791  1666  1689 I WifiService: reportActivityInfo uid=1000
01-13 02:34:53.791  1666  1689 I WifiService: getSupportedFeatures uid=1000
01-13 02:35:00.011  1442  1465 D hwcomposer: hw_composer sent 6 syncs in 60s
01-13 02:35:21.822  1666  1768 D RecurrenceRule: Resolving using anchor 2020-01-13T02:35:21.822+03:00[Europe/Moscow]
01-13 02:35:21.824  1666  1768 D RecurrenceRule: Resolving using anchor 2020-01-13T02:35:21.824+03:00[Europe/Moscow]
01-13 02:35:21.826  1666  1768 D RecurrenceRule: Cycle 12 from 2020-01-13T00:00+03:00[Europe/Moscow] to 2020-02-13T00:00+03:00[Europe/Moscow]
01-13 02:35:21.826  1666  1768 D NetworkStats: Resolving plan for NetworkTemplate: matchRule=MOBILE_ALL, subscriberId=310260..., matchSubscriberIds=[310260...]
01-13 02:35:21.829  1666  1768 D NetworkStats: Found active matching subId 1
01-13 02:35:21.835  1666  1768 D NetworkStats: Resolved to plan null
01-13 02:35:21.952  2187 15992 I EventLogChimeraService: Aggregate from 1578870321582 (log), 1578870321582 (data)
01-13 02:35:22.166  1666  1686 W BroadcastQueue: Background execution not allowed: receiving Intent { act=android.intent.action.DROPBOX_ENTRY_ADDED flg=0x10 (has extras) } to com.google.android.gms/.stats.service.DropBoxEntryAddedReceiver
01-13 02:35:22.167  1666  1686 W BroadcastQueue: Background execution not allowed: receiving Intent { act=android.intent.action.DROPBOX_ENTRY_ADDED flg=0x10 (has extras) } to com.google.android.gms/.chimera.GmsIntentOperationService$PersistentTrustedReceiver
01-13 02:35:22.407  2187 15992 I CheckinChimeraService: Starting Checkin Task: PeriodicTaskTag Reason : -1 Force : false UserId: 0
01-13 02:35:22.423  2187 15992 I EventLogChimeraService: Accumulating logs since 1578872121953
01-13 02:35:22.430  2187 15992 I zygote  : Deoptimizing long plo.a(android.content.Context, long, long, android.os.DropBoxManager, boolean) due to JIT inline cache
01-13 02:35:22.693  2187 15992 I CheckinRequestProcessor: Gmscore running on device, checkin will use Gmscore context
01-13 02:35:22.693  2187 15992 I CheckinRequestBuilder: Checkin reason type: 0 attempt count: 1
01-13 02:35:22.702  1666  7772 I WifiService: getConnectionInfo uid=10013
01-13 02:35:22.769  1666  1689 I WifiService: requestActivityInfo uid=1000
01-13 02:35:22.769  1666  1689 I WifiService: reportActivityInfo uid=1000
01-13 02:35:22.769  1666  1689 I WifiService: getSupportedFeatures uid=1000
01-13 02:35:22.967 19329 19329 W dex2oat : Unexpected CPU variant for X86 using defaults: x86
01-13 02:35:22.967 19329 19329 I dex2oat : The ClassLoaderContext is a special shared library.
01-13 02:35:22.968 19329 19329 W dex2oat : Mismatch between dex2oat instruction set features (ISA: X86 Feature string: -ssse3,-sse4.1,-sse4.2,-avx,-avx2,-popcnt) and those of dex2oat executable (ISA: X86 Feature string: ssse3,-sse4.1,-sse4.2,-avx,-avx2,-popcnt) for the command line:
01-13 02:35:22.968 19329 19329 W dex2oat : /system/bin/dex2oat --instruction-set=x86 --instruction-set-features=ssse3,-sse4.1,-sse4.2,-avx,-avx2,-popcnt --runtime-arg -Xrelocate --boot-image=/system/framework/boot.art --runtime-arg -Xms64m --runtime-arg -Xmx512m --instruction-set-variant=x86 --instruction-set-features=default --dex-file=/data/data/com.google.android.gms/app_fb/f.apk --output-vdex-fd=50 --oat-fd=51 --oat-location=/data/data/com.google.android.gms/app_fb/oat/x86/f.odex --compiler-filter=quicken --class-loader-context=&
01-13 02:35:22.968 19329 19329 I dex2oat : /system/bin/dex2oat --dex-file=/data/data/com.google.android.gms/app_fb/f.apk --output-vdex-fd=50 --oat-fd=51 --oat-location=/data/data/com.google.android.gms/app_fb/oat/x86/f.odex --compiler-filter=quicken --class-loader-context=&
01-13 02:35:23.069 19329 19329 I dex2oat : dex2oat took 101.705ms (71.446ms cpu) (threads: 4) arena alloc=5KB (5928B) java alloc=32KB (32784B) native alloc=988KB (1011800B) free=1571KB (1609640B)
01-13 02:35:23.073 17969 17984 I zygote  : The ClassLoaderContext is a special shared library.
01-13 02:35:23.077 17969 17984 D         : HostConnection::get() New Host Connection established 0xcbd6f240, tid 17984
01-13 02:35:23.081 17969 17984 I zygote  : android::hardware::configstore::V1_0::ISurfaceFlingerConfigs::hasWideColorDisplay retrieved: 0
01-13 02:35:23.088 17969 17984 D EGL_emulation: eglCreateContext: 0xe0da92c0: maj 2 min 0 rcv 2
01-13 02:35:23.121 17969 17984 D EGL_emulation: eglMakeCurrent: 0xe0da92c0: ver 2 0 (tinfo 0xcb326290)
01-13 02:35:23.214  2187 15992 I CheckinUtil: Classify the device as Phone.
01-13 02:35:23.220  2187 15992 I CheckinConnFactory: Get token from PseudonymousIdApi: 196=t_HU9Mp8-ePSaU7LkWbT1VDIMea5ty0DPpdFxMOHvCDA8T-2qUrK2rnSL6Qm_quiM_vSWyMsQC2jtftS6BeaXUKRZmJNSobJ2Qi3QI4m70btsgfYk2WBd_zf2OiuFm1uX2Y9hfIx6fHy0XRjjKltHiLH8yV3lHI6purOVJnUPpU
01-13 02:35:23.283  2187  2187 I zygote  : Deoptimizing void zhe.onServiceConnected(android.content.ComponentName, android.os.IBinder) due to JIT inline cache
01-13 02:35:23.284  2187 15992 I CheckinRequestProcessor: set cookie as: NID=196=t_HU9Mp8-ePSaU7LkWbT1VDIMea5ty0DPpdFxMOHvCDA8T-2qUrK2rnSL6Qm_quiM_vSWyMsQC2jtftS6BeaXUKRZmJNSobJ2Qi3QI4m70btsgfYk2WBd_zf2OiuFm1uX2Y9hfIx6fHy0XRjjKltHiLH8yV3lHI6purOVJnUPpU
01-13 02:35:23.413  2116  2536 W Conscrypt: Could not set socket write timeout: java.net.SocketException: Socket closed
01-13 02:35:23.413  2116  2536 W Conscrypt: 	at com.google.android.gms.org.conscrypt.Platform.setSocketWriteTimeout(:com.google.android.gms@16089022@16.0.89 (040700-239467275):2)
01-13 02:35:23.413  2116  2536 W Conscrypt: 	at com.google.android.gms.org.conscrypt.ConscryptFileDescriptorSocket.setSoWriteTimeout(:com.google.android.gms@16089022@16.0.89 (040700-239467275):2)
01-13 02:35:23.416  2187 15992 W Conscrypt: Could not set socket write timeout: java.net.SocketException: Socket closed
01-13 02:35:23.416  2187 15992 W Conscrypt: 	at com.google.android.gms.org.conscrypt.Platform.setSocketWriteTimeout(:com.google.android.gms@16089022@16.0.89 (040700-239467275):2)
01-13 02:35:23.416  2187 15992 W Conscrypt: 	at com.google.android.gms.org.conscrypt.ConscryptFileDescriptorSocket.setSoWriteTimeout(:com.google.android.gms@16089022@16.0.89 (040700-239467275):2)
01-13 02:35:23.455  2116  2536 W GLSUser : [AppCertManager] IOException while requesting key: 
01-13 02:35:23.455  2116  2536 W GLSUser : javax.net.ssl.SSLHandshakeException: Chain validation failed
01-13 02:35:23.455  2116  2536 W GLSUser : 	at com.google.android.gms.org.conscrypt.ConscryptFileDescriptorSocket.startHandshake(:com.google.android.gms@16089022@16.0.89 (040700-239467275):43)
01-13 02:35:23.455  2116  2536 W GLSUser : 	at aogy.a(:com.google.android.gms@16089022@16.0.89 (040700-239467275):20)
01-13 02:35:23.455  2116  2536 W GLSUser : 	at aogy.createSocket(:com.google.android.gms@16089022@16.0.89 (040700-239467275):6)
01-13 02:35:23.455  2116  2536 W GLSUser : 	at com.android.okhttp.internal.io.RealConnection.connectTls(RealConnection.java:181)
01-13 02:35:23.455  2116  2536 W GLSUser : 	at com.android.okhttp.internal.io.RealConnection.connectSocket(RealConnection.java:149)
01-13 02:35:23.455  2116  2536 W GLSUser : 	at com.android.okhttp.internal.io.RealConnection.connect(RealConnection.java:112)
01-13 02:35:23.455  2116  2536 W GLSUser : 	at com.android.okhttp.internal.http.StreamAllocation.findConnection(StreamAllocation.java:184)
01-13 02:35:23.455  2116  2536 W GLSUser : 	at com.android.okhttp.internal.http.StreamAllocation.findHealthyConnection(StreamAllocation.java:126)
01-13 02:35:23.455  2116  2536 W GLSUser : 	at com.android.okhttp.internal.http.StreamAllocation.newStream(StreamAllocation.java:95)
01-13 02:35:23.455  2116  2536 W GLSUser : 	at com.android.okhttp.internal.http.HttpEngine.connect(HttpEngine.java:281)
01-13 02:35:23.455  2116  2536 W GLSUser : 	at com.android.okhttp.internal.http.HttpEngine.sendRequest(HttpEngine.java:224)
01-13 02:35:23.455  2116  2536 W GLSUser : 	at com.android.okhttp.internal.huc.HttpURLConnectionImpl.execute(HttpURLConnectionImpl.java:461)
01-13 02:35:23.455  2116  2536 W GLSUser : 	at com.android.okhttp.internal.huc.HttpURLConnectionImpl.connect(HttpURLConnectionImpl.java:127)
01-13 02:35:23.455  2116  2536 W GLSUser : 	at com.android.okhttp.internal.huc.HttpURLConnectionImpl.getOutputStream(HttpURLConnectionImpl.java:258)
01-13 02:35:23.455  2116  2536 W GLSUser : 	at com.android.okhttp.internal.huc.DelegatingHttpsURLConnection.getOutputStream(DelegatingHttpsURLConnection.java:218)
01-13 02:35:23.455  2116  2536 W GLSUser : 	at com.android.okhttp.internal.huc.HttpsURLConnectionImpl.getOutputStream(Unknown Source:0)
01-13 02:35:23.455  2116  2536 W GLSUser : 	at abbg.a(:com.google.android.gms@16089022@16.0.89 (040700-239467275):39)
01-13 02:35:23.455  2116  2536 W GLSUser : 	at jaz.a(:com.google.android.gms@16089022@16.0.89 (040700-239467275):1)
01-13 02:35:23.455  2116  2536 W GLSUser : 	at gzo.a(:com.google.android.gms@16089022@16.0.89 (040700-239467275):12)
01-13 02:35:23.455  2116  2536 W GLSUser : 	at gzo.a(:com.google.android.gms@16089022@16.0.89 (040700-239467275):8)
01-13 02:35:23.455  2116  2536 W GLSUser : 	at hzz.a(:com.google.android.gms@16089022@16.0.89 (040700-239467275):13)
01-13 02:35:23.455  2116  2536 W GLSUser : 	at hzz.a(:com.google.android.gms@16089022@16.0.89 (040700-239467275):115)
01-13 02:35:23.455  2116  2536 W GLSUser : 	at hzx.a(:com.google.android.gms@16089022@16.0.89 (040700-239467275):6)
01-13 02:35:23.455  2116  2536 W GLSUser : 	at hzt.a(Unknown Source:0)
01-13 02:35:23.455  2116  2536 W GLSUser : 	at hzs.a(:com.google.android.gms@16089022@16.0.89 (040700-239467275):8)
01-13 02:35:23.455  2116  2536 W GLSUser : 	at com.google.android.gms.auth.account.be.legacy.AuthCronChimeraService.b(:com.google.android.gms@16089022@16.0.89 (040700-239467275):6)
01-13 02:35:23.455  2116  2536 W GLSUser : 	at gyi.call(:com.google.android.gms@16089022@16.0.89 (040700-239467275):3)
01-13 02:35:23.455  2116  2536 W GLSUser : 	at java.util.concurrent.FutureTask.run(FutureTask.java:266)
01-13 02:35:23.455  2116  2536 W GLSUser : 	at rrt.b(:com.google.android.gms@16089022@16.0.89 (040700-239467275):32)
01-13 02:35:23.455  2116  2536 W GLSUser : 	at rrt.run(:com.google.android.gms@16089022@16.0.89 (040700-239467275):21)
01-13 02:35:23.455  2116  2536 W GLSUser : 	at java.util.concurrent.ThreadPoolExecutor.runWorker(ThreadPoolExecutor.java:1162)
01-13 02:35:23.455  2116  2536 W GLSUser : 	at java.util.concurrent.ThreadPoolExecutor$Worker.run(ThreadPoolExecutor.java:636)
01-13 02:35:23.455  2116  2536 W GLSUser : 	at rxx.run(Unknown Source:7)
01-13 02:35:23.455  2116  2536 W GLSUser : 	at java.lang.Thread.run(Thread.java:764)
01-13 02:35:23.455  2116  2536 W GLSUser : Caused by: java.security.cert.CertificateException: Chain validation failed
01-13 02:35:23.455  2116  2536 W GLSUser : 	at com.android.org.conscrypt.TrustManagerImpl.verifyChain(TrustManagerImpl.java:707)
01-13 02:35:23.455  2116  2536 W GLSUser : 	at com.android.org.conscrypt.TrustManagerImpl.checkTrustedRecursive(TrustManagerImpl.java:539)
01-13 02:35:23.455  2116  2536 W GLSUser : 	at com.android.org.conscrypt.TrustManagerImpl.checkTrustedRecursive(TrustManagerImpl.java:560)
01-13 02:35:23.455  2116  2536 W GLSUser : 	at com.android.org.conscrypt.TrustManagerImpl.checkTrustedRecursive(TrustManagerImpl.java:628)
01-13 02:35:23.455  2116  2536 W GLSUser : 	at com.android.org.conscrypt.TrustManagerImpl.checkTrusted(TrustManagerImpl.java:495)
01-13 02:35:23.455  2116  2536 W GLSUser : 	at com.android.org.conscrypt.TrustManagerImpl.checkTrusted(TrustManagerImpl.java:418)
01-13 02:35:23.455  2116  2536 W GLSUser : 	at com.android.org.conscrypt.TrustManagerImpl.getTrustedChainForServer(TrustManagerImpl.java:339)
01-13 02:35:23.455  2116  2536 W GLSUser : 	at android.security.net.config.NetworkSecurityTrustManager.checkServerTrusted(NetworkSecurityTrustManager.java:94)
01-13 02:35:23.455  2116  2536 W GLSUser : 	at android.security.net.config.RootTrustManager.checkServerTrusted(RootTrustManager.java:88)
01-13 02:35:23.455  2116  2536 W GLSUser : 	at java.lang.reflect.Method.invoke(Native Method)
01-13 02:35:23.455  2116  2536 W GLSUser : 	at com.google.android.gms.org.conscrypt.Platform.checkTrusted(:com.google.android.gms@16089022@16.0.89 (040700-239467275):2)
01-13 02:35:23.455  2116  2536 W GLSUser : 	at com.google.android.gms.org.conscrypt.Platform.checkServerTrusted(:com.google.android.gms@16089022@16.0.89 (040700-239467275):1)
01-13 02:35:23.455  2116  2536 W GLSUser : 	at com.google.android.gms.org.conscrypt.ConscryptFileDescriptorSocket.verifyCertificateChain(:com.google.android.gms@16089022@16.0.89 (040700-239467275):12)
01-13 02:35:23.455  2116  2536 W GLSUser : 	at com.google.android.gms.org.conscrypt.NativeCrypto.SSL_do_handshake(Native Method)
01-13 02:35:23.455  2116  2536 W GLSUser : 	at com.google.android.gms.org.conscrypt.NativeSsl.doHandshake(:com.google.android.gms@16089022@16.0.89 (040700-239467275):7)
01-13 02:35:23.455  2116  2536 W GLSUser : 	at com.google.android.gms.org.conscrypt.ConscryptFileDescriptorSocket.startHandshake(:com.google.android.gms@16089022@16.0.89 (040700-239467275):14)
01-13 02:35:23.455  2116  2536 W GLSUser : 	... 33 more
01-13 02:35:23.455  2116  2536 W GLSUser : Caused by: java.security.cert.CertPathValidatorException: timestamp check failed
01-13 02:35:23.455  2116  2536 W GLSUser : 	at sun.security.provider.certpath.PKIXMasterCertPathValidator.validate(PKIXMasterCertPathValidator.java:133)
01-13 02:35:23.455  2116  2536 W GLSUser : 	at sun.security.provider.certpath.PKIXCertPathValidator.validate(PKIXCertPathValidator.java:222)
01-13 02:35:23.455  2116  2536 W GLSUser : 	at sun.security.provider.certpath.PKIXCertPathValidator.validate(PKIXCertPathValidator.java:140)
01-13 02:35:23.455  2116  2536 W GLSUser : 	at sun.security.provider.certpath.PKIXCertPathValidator.engineValidate(PKIXCertPathValidator.java:79)
01-13 02:35:23.455  2116  2536 W GLSUser : 	at java.security.cert.CertPathValidator.validate(CertPathValidator.java:301)
01-13 02:35:23.455  2116  2536 W GLSUser : 	at com.android.org.conscrypt.TrustManagerImpl.verifyChain(TrustManagerImpl.java:703)
01-13 02:35:23.455  2116  2536 W GLSUser : 	... 48 more
01-13 02:35:23.455  2116  2536 W GLSUser : Caused by: java.security.cert.CertificateNotYetValidException: Certificate not valid until Wed Feb 12 14:52:15 GMT+03:00 2020 (compared to Mon Jan 13 02:35:23 GMT+03:00 2020)
01-13 02:35:23.455  2116  2536 W GLSUser : 	at com.google.android.gms.org.conscrypt.OpenSSLX509Certificate.checkValidity(:com.google.android.gms@16089022@16.0.89 (040700-239467275):2)
01-13 02:35:23.455  2116  2536 W GLSUser : 	at sun.security.provider.certpath.BasicChecker.verifyTimestamp(BasicChecker.java:194)
01-13 02:35:23.455  2116  2536 W GLSUser : 	at sun.security.provider.certpath.BasicChecker.check(BasicChecker.java:144)
01-13 02:35:23.455  2116  2536 W GLSUser : 	at sun.security.provider.certpath.PKIXMasterCertPathValidator.validate(PKIXMasterCertPathValidator.java:125)
01-13 02:35:23.455  2116  2536 W GLSUser : 	... 53 more
01-13 02:35:23.470  2187 15992 E CheckinRequestProcessor: SSL error, attempting time correction: javax.net.ssl.SSLHandshakeException: Chain validation failed
01-13 02:35:23.525  2187  2198 I zygote  : Deoptimizing void com.google.android.gms.org.conscrypt.NativeRef.finalize() due to JIT inline cache
01-13 02:35:23.538  2187 15992 I CheckinRequestBuilder: Checkin reason type: 0 attempt count: 1
01-13 02:35:23.575  2187 15992 W CheckinRequestProcessor: Changing time from 1578872123570 to 1582919807863
01-13 02:35:23.576  1666  7771 D AlarmManagerService: Setting time of day to sec=1582919807
02-28 22:56:47.863  1666  7771 W AlarmManagerService: Unable to set rtc to 1582919807: No such device
02-28 22:56:47.866  2187 15992 I CheckinRequestProcessor: set cookie as: NID=196=t_HU9Mp8-ePSaU7LkWbT1VDIMea5ty0DPpdFxMOHvCDA8T-2qUrK2rnSL6Qm_quiM_vSWyMsQC2jtftS6BeaXUKRZmJNSobJ2Qi3QI4m70btsgfYk2WBd_zf2OiuFm1uX2Y9hfIx6fHy0XRjjKltHiLH8yV3lHI6purOVJnUPpU
02-28 22:56:47.869  1666  1666 D ConditionProviders.SCP: onReceive android.intent.action.TIME_SET
02-28 22:56:47.881 19343 19343 W zygote  : Unexpected CPU variant for X86 using defaults: x86
02-28 22:56:47.884  1666  1686 I ActivityManager: Start proc 19343:com.google.android.calendar/u0a45 for broadcast com.google.android.calendar/com.android.calendar.widget.CalendarAppWidgetProvider
02-28 22:56:47.894  1666  1666 D ConditionProviders.SCP: notifyCondition condition://android/schedule?days=6.7&start=23.30&end=10.0&exitAtAlarm=false STATE_FALSE reason=!meetsSchedule
02-28 22:56:47.895  1666  1666 D ConditionProviders.SCP: notifyCondition condition://android/schedule?days=1.2.3.4.5&start=22.0&end=7.0&exitAtAlarm=false STATE_FALSE reason=!meetsSchedule
02-28 22:56:47.895  1666  1666 D ConditionProviders.SCP: Scheduling evaluate for Fri Feb 28 23:30:00 GMT+03:00 2020 (1582921800000), in +33m12s131ms, now=Fri Feb 28 22:56:47 GMT+03:00 2020 (1582919807869)
02-28 22:56:47.900  1666  1666 D ConditionProviders.SCP: onReceive ScheduleConditionProvider.EVALUATE
02-28 22:56:47.900  1666  1666 D ConditionProviders.SCP: notifyCondition condition://android/schedule?days=6.7&start=23.30&end=10.0&exitAtAlarm=false STATE_FALSE reason=!meetsSchedule
02-28 22:56:47.900  1666  1666 D ConditionProviders.SCP: notifyCondition condition://android/schedule?days=1.2.3.4.5&start=22.0&end=7.0&exitAtAlarm=false STATE_FALSE reason=!meetsSchedule
02-28 22:56:47.913  1666  1781 I ActivityManager: Start proc 19359:com.android.providers.calendar/u0a3 for content provider com.android.providers.calendar/.CalendarProvider2
02-28 22:56:47.916  1666  1666 D ConditionProviders.SCP: Scheduling evaluate for Fri Feb 28 23:30:00 GMT+03:00 2020 (1582921800000), in +33m12s100ms, now=Fri Feb 28 22:56:47 GMT+03:00 2020 (1582919807900)
02-28 22:56:47.919 19359 19359 W zygote  : Unexpected CPU variant for X86 using defaults: x86
02-28 22:56:47.929  1666  1666 D ZenLog  : config: conditionChanged,ZenModeConfig[user=0,allowCalls=true,allowRepeatCallers=false,allowMessages=false,allowCallsFrom=contacts,allowMessagesFrom=contacts,allowReminders=true,allowEvents=true,allowWhenScreenOff=true,allowWhenScreenOn=true,automaticRules={EVENTS_DEFAULT_RULE=ZenRule[enabled=false,snoozing=false,name=Event,zenMode=ZEN_MODE_ALARMS,conditionId=condition://android/event?userId=-10000&calendar=&reply=1,condition=Condition[id=condition://android/event?userId=-10000&calendar=&reply=1,summary=...,line1=...,line2=...,icon=0,state=STATE_FALSE,flags=2],component=ComponentInfo{android/com.android.server.notification.EventConditionProvider},id=EVENTS_DEFAULT_RULE,creationTime=1563054733958,enabler=null], SCHEDULED_DEFAULT_RULE_1=ZenRule[enabled=false,snoozing=false,name=Weeknight,zenMode=ZEN_MODE_ALARMS,conditionId=condition://android/schedule?days=1.2.3.4.5&start=22.0&end=7.0&exitAtAlarm=false,condition=Condition[id=condition://android/schedule?days=1.2.3.4.5&start=22.0&end=7.0&exitAtAlarm=false,summary=...,line1=...,line2=...,icon=0,state=STATE_FALSE,flags=2],component=ComponentInfo{android/com.android.server.notification.ScheduleConditionProvider},id=SCHEDULED_DEFAULT_RULE_1,creationTime=1563054733958,enabler=null], SCHEDULED_DEFAULT_RULE_2=ZenRule[enabled=false,snoozing=false,name=Weekend,zenMode=ZEN_MODE_ALARMS,conditionId=condition://android/schedule?days=6.7&start=23.30&end=10.0&exitAtAlarm=false,condition=Condition[id=condition://android/schedule?days=6.7&start=23.30&end=10.0&exitAtAlarm=false,summary=...,line1=...,line2=...,icon=0,state=STATE_FALSE,flags=2],component=ComponentInfo{android/com.android.server.notification.ScheduleConditionProvider},id=SCHEDULED_DEFAULT_RULE_2,creationTime=1563054733958,enabler=null]},manualRule=null],Diff[automaticRule[SCHEDULED_DEFAULT_RULE_1].condition:Condition[id=condition://android/schedule?days=1.2.3.4.5&start=22.0&end=7.0&exitAtAlarm=false,summary=...,line1=...,line2=...,icon=0,state=STATE_TRUE,flags=2]->Condition[id=condition://android/schedule?days=1.2.3.4.5&start=22.0&end=7.0&exitAtAlarm=false,summary=...,line1=...,line2=...,icon=0,state=STATE_FALSE,flags=2]]
02-28 22:56:47.937 19343 19343 I zygote  : The ClassLoaderContext is a special shared library.
02-28 22:56:47.957  1666  1685 I UsageStatsService: Time changed in UsageStats by 4047684 seconds
02-28 22:56:47.957  1666  1685 I UsageStatsService: User[0] Flushing usage stats to disk
02-28 22:56:47.957  1666  1666 D ZenLog  : set_zen_mode: off,conditionChanged
02-28 22:56:47.991 19359 19359 I zygote  : The ClassLoaderContext is a special shared library.
02-28 22:56:48.010  1666  1685 I UsageStatsDatabase: Time changed by +46d20h21m24s286ms. files deleted: 0 files moved: 11
02-28 22:56:47.994 19359 19359 I chatty  : uid=10003(com.android.providers.calendar) identical 1 line
02-28 22:56:47.996 19359 19359 I zygote  : The ClassLoaderContext is a special shared library.
02-28 22:56:48.027 19359 19359 I CalendarProvider2: Created com.android.providers.calendar.CalendarAlarmManager@27a0ea0(com.android.providers.calendar.CalendarProvider2@e2d2a59)
02-28 22:56:48.027 19343 19343 I PerformanceMetricCollec: Logging experiments memory-false, lantency-false
02-28 22:56:48.037  1666  1685 I UsageStatsService: User[0] Rollover scheduled @ 2020-02-29 22:56:47(1583006207957)
02-28 22:56:48.073 19343 19343 D PhenotypeJobService: Job scheduled successfully
02-28 22:56:48.079 19343 19343 E PrefServiceImpl: Primary account is null
02-28 22:56:48.082 19343 19343 I PerformanceMetricCollec: Logging experiments memory-false, lantency-false
02-28 22:56:48.142 19406 19406 W zygote  : Unexpected CPU variant for X86 using defaults: x86
02-28 22:56:48.145  1666  7572 I ActivityManager: Start proc 19406:com.google.android.deskclock/u0a68 for broadcast com.google.android.deskclock/com.android.deskclock.AlarmInitReceiver
02-28 22:56:48.154 19343 19343 D PhenotypeManager: Registered: Status{statusCode=SUCCESS, resolution=null}
02-28 22:56:48.189  1666  1676 I zygote  : Background concurrent copying GC freed 32183(1908KB) AllocSpace objects, 17(660KB) LOS objects, 34% free, 11MB/17MB, paused 1.049ms total 113.609ms
02-28 22:56:48.191 19406 19406 I zygote  : The ClassLoaderContext is a special shared library.
02-28 22:56:48.243 19406 19406 I GAv4    : Google Analytics 10.0.84 is starting up. To enable debug logging on a device run:
02-28 22:56:48.243 19406 19406 I GAv4    :   adb shell setprop log.tag.GAv4 DEBUG
02-28 22:56:48.243 19406 19406 I GAv4    :   adb logcat -s GAv4
02-28 22:56:48.254 19343 19405 I PhenotypeFlagCommitter: Experiment Configs successfully retrieved for com.google.android.calendar
02-28 22:56:48.258 19406 19434 W GAv4    : AnalyticsReceiver is not registered or is disabled. Register the receiver for reliable dispatching on non-Google Play devices. See http://goo.gl/8Rd3yj for instructions.
02-28 22:56:48.264 19406 19434 W GAv4    : CampaignTrackingReceiver is not registered, not exported or is disabled. Installation campaign tracking is not possible. See http://goo.gl/8Rd3yj for instructions.
02-28 22:56:48.267 19406 19434 W GAv4    : AnalyticsService not registered in the app manifest. Hits might not be delivered reliably. See http://goo.gl/8Rd3yj for instructions.
02-28 22:56:48.270 19406 19406 I AlarmClock: AlarmInitReceiver android.intent.action.TIME_SET
02-28 22:56:48.288 19440 19440 W zygote  : Unexpected CPU variant for X86 using defaults: x86
02-28 22:56:48.291  1666  7770 I ActivityManager: Start proc 19440:android.process.media/u0a10 for content provider com.android.providers.media/.MediaProvider
02-28 22:56:48.311 19440 19440 I zygote  : The ClassLoaderContext is a special shared library.
02-28 22:56:48.324 19440 19440 I zygote  : The ClassLoaderContext is a special shared library.
02-28 22:56:48.395 19406 19439 W RingtoneManager: No READ_EXTERNAL_STORAGE permission, ignoring ringtones on ext storage
