01-13 02:05:21.471  1666  1768 D NetworkStats: Resolving plan for NetworkTemplate: matchRule=MOBILE_ALL, subscriberId=310260..., matchSubscriberIds=[310260...]
01-13 02:05:21.473  1666  1768 D NetworkStats: Found active matching subId 1
01-13 02:05:21.479  1666  1768 D NetworkStats: Resolved to plan null
01-13 02:05:21.582  2187 15992 I EventLogChimeraService: Aggregate from 1578868521210 (log), 1578868521210 (data)
01-13 02:05:21.785  1666  1686 W BroadcastQueue: Background execution not allowed: receiving Intent { act=android.intent.action.DROPBOX_ENTRY_ADDED flg=0x10 (has extras) } to com.google.android.gms/.stats.service.DropBoxEntryAddedReceiver
01-13 02:05:21.786  1666  1686 W BroadcastQueue: Background execution not allowed: receiving Intent { act=android.intent.action.DROPBOX_ENTRY_ADDED flg=0x10 (has extras) } to com.google.android.gms/.chimera.GmsIntentOperationService$PersistentTrustedReceiver
01-13 02:05:22.271  2116 18528 W Conscrypt: Could not set socket write timeout: java.net.SocketException: Socket closed
01-13 02:05:22.272  2116 18528 W Conscrypt: 	at com.google.android.gms.org.conscrypt.Platform.setSocketWriteTimeout(:com.google.android.gms@16089022@16.0.89 (040700-239467275):2)
01-13 02:05:22.272  2116 18528 W Conscrypt: 	at com.google.android.gms.org.conscrypt.ConscryptFileDescriptorSocket.setSoWriteTimeout(:com.google.android.gms@16089022@16.0.89 (040700-239467275):2)
01-13 02:05:22.330  2116 18528 E Uploader: Clearcut transport failed to make network request.
01-13 02:05:22.330  2116 18528 E Uploader: javax.net.ssl.SSLHandshakeException: Chain validation failed
01-13 02:05:22.330  2116 18528 E Uploader: 	at com.google.android.gms.org.conscrypt.ConscryptFileDescriptorSocket.startHandshake(:com.google.android.gms@16089022@16.0.89 (040700-239467275):43)
01-13 02:05:22.330  2116 18528 E Uploader: 	at aogy.a(:com.google.android.gms@16089022@16.0.89 (040700-239467275):20)
01-13 02:05:22.330  2116 18528 E Uploader: 	at aogy.createSocket(:com.google.android.gms@16089022@16.0.89 (040700-239467275):6)
01-13 02:05:22.330  2116 18528 E Uploader: 	at com.android.okhttp.internal.io.RealConnection.connectTls(RealConnection.java:181)
01-13 02:05:22.330  2116 18528 E Uploader: 	at com.android.okhttp.internal.io.RealConnection.connectSocket(RealConnection.java:149)
01-13 02:05:22.330  2116 18528 E Uploader: 	at com.android.okhttp.internal.io.RealConnection.connect(RealConnection.java:112)
01-13 02:05:22.330  2116 18528 E Uploader: 	at com.android.okhttp.internal.http.StreamAllocation.findConnection(StreamAllocation.java:184)
01-13 02:05:22.330  2116 18528 E Uploader: 	at com.android.okhttp.internal.http.StreamAllocation.findHealthyConnection(StreamAllocation.java:126)
01-13 02:05:22.330  2116 18528 E Uploader: 	at com.android.okhttp.internal.http.StreamAllocation.newStream(StreamAllocation.java:95)
01-13 02:05:22.330  2116 18528 E Uploader: 	at com.android.okhttp.internal.http.HttpEngine.connect(HttpEngine.java:281)
01-13 02:05:22.330  2116 18528 E Uploader: 	at com.android.okhttp.internal.http.HttpEngine.sendRequest(HttpEngine.java:224)
01-13 02:05:22.330  2116 18528 E Uploader: 	at com.android.okhttp.internal.huc.HttpURLConnectionImpl.execute(HttpURLConnectionImpl.java:461)
01-13 02:05:22.330  2116 18528 E Uploader: 	at com.android.okhttp.internal.huc.HttpURLConnectionImpl.connect(HttpURLConnectionImpl.java:127)
01-13 02:05:22.330  2116 18528 E Uploader: 	at com.android.okhttp.internal.huc.HttpURLConnectionImpl.getOutputStream(HttpURLConnectionImpl.java:258)
01-13 02:05:22.330  2116 18528 E Uploader: 	at com.android.okhttp.internal.huc.DelegatingHttpsURLConnection.getOutputStream(DelegatingHttpsURLConnection.java:218)
01-13 02:05:22.330  2116 18528 E Uploader: 	at com.android.okhttp.internal.huc.HttpsURLConnectionImpl.getOutputStream(Unknown Source:0)
01-13 02:05:22.330  2116 18528 E Uploader: 	at abbg.a(:com.google.android.gms@16089022@16.0.89 (040700-239467275):39)
01-13 02:05:22.330  2116 18528 E Uploader: 	at abbg.execute(:com.google.android.gms@16089022@16.0.89 (040700-239467275):8)
01-13 02:05:22.330  2116 18528 E Uploader: 	at abbg.execute(:com.google.android.gms@16089022@16.0.89 (040700-239467275):7)
01-13 02:05:22.330  2116 18528 E Uploader: 	at qfx.a(:com.google.android.gms@16089022@16.0.89 (040700-239467275):11)
01-13 02:05:22.330  2116 18528 E Uploader: 	at qfx.a(:com.google.android.gms@16089022@16.0.89 (040700-239467275):54)
01-13 02:05:22.330  2116 18528 E Uploader: 	at qgn.a(:com.google.android.gms@16089022@16.0.89 (040700-239467275):213)
01-13 02:05:22.330  2116 18528 E Uploader: 	at qgn.a(:com.google.android.gms@16089022@16.0.89 (040700-239467275):291)
01-13 02:05:22.330  2116 18528 E Uploader: 	at com.google.android.gms.clearcut.uploader.QosUploaderChimeraService.d(:com.google.android.gms@16089022@16.0.89 (040700-239467275):28)
01-13 02:05:22.330  2116 18528 E Uploader: 	at com.google.android.gms.clearcut.uploader.QosUploaderChimeraService.a(:com.google.android.gms@16089022@16.0.89 (040700-239467275):14)
01-13 02:05:22.330  2116 18528 E Uploader: 	at com.google.android.gms.clearcut.uploader.QosUploaderChimeraService.a(:com.google.android.gms@16089022@16.0.89 (040700-239467275):6)
01-13 02:05:22.330  2116 18528 E Uploader: 	at zse.run(:com.google.android.gms@16089022@16.0.89 (040700-239467275):5)
01-13 02:05:22.330  2116 18528 E Uploader: 	at rrt.b(:com.google.android.gms@16089022@16.0.89 (040700-239467275):32)
01-13 02:05:22.330  2116 18528 E Uploader: 	at rrt.run(:com.google.android.gms@16089022@16.0.89 (040700-239467275):21)
01-13 02:05:22.330  2116 18528 E Uploader: 	at java.util.concurrent.ThreadPoolExecutor.runWorker(ThreadPoolExecutor.java:1162)
01-13 02:05:22.330  2116 18528 E Uploader: 	at java.util.concurrent.ThreadPoolExecutor$Worker.run(ThreadPoolExecutor.java:636)
01-13 02:05:22.330  2116 18528 E Uploader: 	at rxx.run(Unknown Source:7)
01-13 02:05:22.330  2116 18528 E Uploader: 	at java.lang.Thread.run(Thread.java:764)
01-13 02:05:22.330  2116 18528 E Uploader: Caused by: java.security.cert.CertificateException: Chain validation failed
01-13 02:05:22.330  2116 18528 E Uploader: 	at com.android.org.conscrypt.TrustManagerImpl.verifyChain(TrustManagerImpl.java:707)
01-13 02:05:22.330  2116 18528 E Uploader: 	at com.android.org.conscrypt.TrustManagerImpl.checkTrustedRecursive(TrustManagerImpl.java:539)
01-13 02:05:22.330  2116 18528 E Uploader: 	at com.android.org.conscrypt.TrustManagerImpl.checkTrustedRecursive(TrustManagerImpl.java:560)
01-13 02:05:22.330  2116 18528 E Uploader: 	at com.android.org.conscrypt.TrustManagerImpl.checkTrustedRecursive(TrustManagerImpl.java:628)
01-13 02:05:22.330  2116 18528 E Uploader: 	at com.android.org.conscrypt.TrustManagerImpl.checkTrusted(TrustManagerImpl.java:495)
01-13 02:05:22.330  2116 18528 E Uploader: 	at com.android.org.conscrypt.TrustManagerImpl.checkTrusted(TrustManagerImpl.java:418)
01-13 02:05:22.330  2116 18528 E Uploader: 	at com.android.org.conscrypt.TrustManagerImpl.getTrustedChainForServer(TrustManagerImpl.java:339)
01-13 02:05:22.330  2116 18528 E Uploader: 	at android.security.net.config.NetworkSecurityTrustManager.checkServerTrusted(NetworkSecurityTrustManager.java:94)
01-13 02:05:22.330  2116 18528 E Uploader: 	at android.security.net.config.RootTrustManager.checkServerTrusted(RootTrustManager.java:88)
01-13 02:05:22.331  2116 18528 E Uploader: 	at java.lang.reflect.Method.invoke(Native Method)
01-13 02:05:22.331  2116 18528 E Uploader: 	at com.google.android.gms.org.conscrypt.Platform.checkTrusted(:com.google.android.gms@16089022@16.0.89 (040700-239467275):2)
01-13 02:05:22.331  2116 18528 E Uploader: 	at com.google.android.gms.org.conscrypt.Platform.checkServerTrusted(:com.google.android.gms@16089022@16.0.89 (040700-239467275):1)
01-13 02:05:22.331  2116 18528 E Uploader: 	at com.google.android.gms.org.conscrypt.ConscryptFileDescriptorSocket.verifyCertificateChain(:com.google.android.gms@16089022@16.0.89 (040700-239467275):12)
01-13 02:05:22.331  2116 18528 E Uploader: 	at com.google.android.gms.org.conscrypt.NativeCrypto.SSL_do_handshake(Native Method)
01-13 02:05:22.331  2116 18528 E Uploader: 	at com.google.android.gms.org.conscrypt.NativeSsl.doHandshake(:com.google.android.gms@16089022@16.0.89 (040700-239467275):7)
01-13 02:05:22.331  2116 18528 E Uploader: 	at com.google.android.gms.org.conscrypt.ConscryptFileDescriptorSocket.startHandshake(:com.google.android.gms@16089022@16.0.89 (040700-239467275):14)
01-13 02:05:22.331  2116 18528 E Uploader: 	... 32 more
01-13 02:05:22.331  2116 18528 E Uploader: Caused by: java.security.cert.CertPathValidatorException: timestamp check failed
01-13 02:05:22.331  2116 18528 E Uploader: 	at sun.security.provider.certpath.PKIXMasterCertPathValidator.validate(PKIXMasterCertPathValidator.java:133)
01-13 02:05:22.331  2116 18528 E Uploader: 	at sun.security.provider.certpath.PKIXCertPathValidator.validate(PKIXCertPathValidator.java:222)
01-13 02:05:22.331  2116 18528 E Uploader: 	at sun.security.provider.certpath.PKIXCertPathValidator.validate(PKIXCertPathValidator.java:140)
01-13 02:05:22.331  2116 18528 E Uploader: 	at sun.security.provider.certpath.PKIXCertPathValidator.engineValidate(PKIXCertPathValidator.java:79)
01-13 02:05:22.331  2116 18528 E Uploader: 	at java.security.cert.CertPathValidator.validate(CertPathValidator.java:301)
01-13 02:05:22.331  2116 18528 E Uploader: 	at com.android.org.conscrypt.TrustManagerImpl.verifyChain(TrustManagerImpl.java:703)
01-13 02:05:22.331  2116 18528 E Uploader: 	... 47 more
01-13 02:05:22.331  2116 18528 E Uploader: Caused by: java.security.cert.CertificateNotYetValidException: Certificate not valid until Wed Feb 12 14:45:22 GMT+03:00 2020 (compared to Mon Jan 13 02:05:22 GMT+03:00 2020)
01-13 02:05:22.331  2116 18528 E Uploader: 	at com.google.android.gms.org.conscrypt.OpenSSLX509Certificate.checkValidity(:com.google.android.gms@16089022@16.0.89 (040700-239467275):2)
01-13 02:05:22.331  2116 18528 E Uploader: 	at sun.security.provider.certpath.BasicChecker.verifyTimestamp(BasicChecker.java:194)
01-13 02:05:22.331  2116 18528 E Uploader: 	at sun.security.provider.certpath.BasicChecker.check(BasicChecker.java:144)
01-13 02:05:22.331  2116 18528 E Uploader: 	at sun.security.provider.certpath.PKIXMasterCertPathValidator.validate(PKIXMasterCertPathValidator.java:125)
01-13 02:05:22.331  2116 18528 E Uploader: 	... 52 more
01-13 02:05:22.391  2116 18741 W Conscrypt: Could not set socket write timeout: java.net.SocketException: Socket closed
01-13 02:05:22.392  2116 18741 W Conscrypt: 	at com.google.android.gms.org.conscrypt.Platform.setSocketWriteTimeout(:com.google.android.gms@16089022@16.0.89 (040700-239467275):2)
01-13 02:05:22.392  2116 18741 W Conscrypt: 	at com.google.android.gms.org.conscrypt.ConscryptFileDescriptorSocket.setSoWriteTimeout(:com.google.android.gms@16089022@16.0.89 (040700-239467275):2)
01-13 02:05:22.435  2116 18741 W allj    : Sync failed for '' [CONTEXT service_id=51 ]
01-13 02:05:22.435  2116 18741 W allj    : alif: 29504: Network error
01-13 02:05:22.435  2116 18741 W allj    : 	at allj.a(:com.google.android.gms@16089022@16.0.89 (040700-239467275):202)
01-13 02:05:22.435  2116 18741 W allj    : 	at allj.a(:com.google.android.gms@16089022@16.0.89 (040700-239467275):131)
01-13 02:05:22.435  2116 18741 W allj    : 	at allj.a(:com.google.android.gms@16089022@16.0.89 (040700-239467275):324)
01-13 02:05:22.435  2116 18741 W allj    : 	at allj.a(:com.google.android.gms@16089022@16.0.89 (040700-239467275):323)
01-13 02:05:22.435  2116 18741 W allj    : 	at com.google.android.gms.phenotype.sync.HeterodyneSyncTaskChimeraService.a(:com.google.android.gms@16089022@16.0.89 (040700-239467275):1)
01-13 02:05:22.435  2116 18741 W allj    : 	at com.google.android.gms.phenotype.sync.HeterodyneSyncTaskChimeraService.a(:com.google.android.gms@16089022@16.0.89 (040700-239467275):11)
01-13 02:05:22.435  2116 18741 W allj    : 	at zse.run(:com.google.android.gms@16089022@16.0.89 (040700-239467275):5)
01-13 02:05:22.435  2116 18741 W allj    : 	at rrt.b(:com.google.android.gms@16089022@16.0.89 (040700-239467275):32)
01-13 02:05:22.435  2116 18741 W allj    : 	at rrt.run(:com.google.android.gms@16089022@16.0.89 (040700-239467275):21)
01-13 02:05:22.435  2116 18741 W allj    : 	at java.util.concurrent.ThreadPoolExecutor.runWorker(ThreadPoolExecutor.java:1162)
01-13 02:05:22.435  2116 18741 W allj    : 	at java.util.concurrent.ThreadPoolExecutor$Worker.run(ThreadPoolExecutor.java:636)
01-13 02:05:22.435  2116 18741 W allj    : 	at rxx.run(Unknown Source:7)
01-13 02:05:22.435  2116 18741 W allj    : 	at java.lang.Thread.run(Thread.java:764)
01-13 02:05:22.435  2116 18741 W allj    : Caused by: javax.net.ssl.SSLHandshakeException: Chain validation failed
01-13 02:05:22.435  2116 18741 W allj    : 	at com.google.android.gms.org.conscrypt.ConscryptFileDescriptorSocket.startHandshake(:com.google.android.gms@16089022@16.0.89 (040700-239467275):43)
01-13 02:05:22.435  2116 18741 W allj    : 	at aogy.a(:com.google.android.gms@16089022@16.0.89 (040700-239467275):20)
01-13 02:05:22.435  2116 18741 W allj    : 	at aogy.createSocket(:com.google.android.gms@16089022@16.0.89 (040700-239467275):6)
01-13 02:05:22.435  2116 18741 W allj    : 	at com.android.okhttp.internal.io.RealConnection.connectTls(RealConnection.java:181)
01-13 02:05:22.435  2116 18741 W allj    : 	at com.android.okhttp.internal.io.RealConnection.connectSocket(RealConnection.java:149)
01-13 02:05:22.435  2116 18741 W allj    : 	at com.android.okhttp.internal.io.RealConnection.connect(RealConnection.java:112)
01-13 02:05:22.435  2116 18741 W allj    : 	at com.android.okhttp.internal.http.StreamAllocation.findConnection(StreamAllocation.java:184)
01-13 02:05:22.435  2116 18741 W allj    : 	at com.android.okhttp.internal.http.StreamAllocation.findHealthyConnection(StreamAllocation.java:126)
01-13 02:05:22.435  2116 18741 W allj    : 	at com.android.okhttp.internal.http.StreamAllocation.newStream(StreamAllocation.java:95)
01-13 02:05:22.435  2116 18741 W allj    : 	at com.android.okhttp.internal.http.HttpEngine.connect(HttpEngine.java:281)
01-13 02:05:22.435  2116 18741 W allj    : 	at com.android.okhttp.internal.http.HttpEngine.sendRequest(HttpEngine.java:224)
01-13 02:05:22.435  2116 18741 W allj    : 	at com.android.okhttp.internal.huc.HttpURLConnectionImpl.execute(HttpURLConnectionImpl.java:461)
01-13 02:05:22.435  2116 18741 W allj    : 	at com.android.okhttp.internal.huc.HttpURLConnectionImpl.connect(HttpURLConnectionImpl.java:127)
01-13 02:05:22.435  2116 18741 W allj    : 	at com.android.okhttp.internal.huc.HttpURLConnectionImpl.getOutputStream(HttpURLConnectionImpl.java:258)
01-13 02:05:22.435  2116 18741 W allj    : 	at com.android.okhttp.internal.huc.DelegatingHttpsURLConnection.getOutputStream(DelegatingHttpsURLConnection.java:218)
01-13 02:05:22.435  2116 18741 W allj    : 	at com.android.okhttp.internal.huc.HttpsURLConnectionImpl.getOutputStream(Unknown Source:0)
01-13 02:05:22.435  2116 18741 W allj    : 	at abbg.a(:com.google.android.gms@16089022@16.0.89 (040700-239467275):39)
01-13 02:05:22.435  2116 18741 W allj    : 	at abbg.execute(:com.google.android.gms@16089022@16.0.89 (040700-239467275):8)
01-13 02:05:22.435  2116 18741 W allj    : 	at abbg.execute(:com.google.android.gms@16089022@16.0.89 (040700-239467275):7)
01-13 02:05:22.435  2116 18741 W allj    : 	at allr.a(:com.google.android.gms@16089022@16.0.89 (040700-239467275):37)
01-13 02:05:22.435  2116 18741 W allj    : 	at allj.a(:com.google.android.gms@16089022@16.0.89 (040700-239467275):306)
01-13 02:05:22.435  2116 18741 W allj    : 	at allj.a(:com.google.android.gms@16089022@16.0.89 (040700-239467275):188)
01-13 02:05:22.435  2116 18741 W allj    : 	... 12 more
01-13 02:05:22.435  2116 18741 W allj    : Caused by: java.security.cert.CertificateException: Chain validation failed
01-13 02:05:22.435  2116 18741 W allj    : 	at com.android.org.conscrypt.TrustManagerImpl.verifyChain(TrustManagerImpl.java:707)
01-13 02:05:22.435  2116 18741 W allj    : 	at com.android.org.conscrypt.TrustManagerImpl.checkTrustedRecursive(TrustManagerImpl.java:539)
01-13 02:05:22.435  2116 18741 W allj    : 	at com.android.org.conscrypt.TrustManagerImpl.checkTrustedRecursive(TrustManagerImpl.java:560)
01-13 02:05:22.435  2116 18741 W allj    : 	at com.android.org.conscrypt.TrustManagerImpl.checkTrustedRecursive(TrustManagerImpl.java:628)
01-13 02:05:22.435  2116 18741 W allj    : 	at com.android.org.conscrypt.TrustManagerImpl.checkTrusted(TrustManagerImpl.java:495)
01-13 02:05:22.435  2116 18741 W allj    : 	at com.android.org.conscrypt.TrustManagerImpl.checkTrusted(TrustManagerImpl.java:418)
01-13 02:05:22.435  2116 18741 W allj    : 	at com.android.org.conscrypt.TrustManagerImpl.getTrustedChainForServer(TrustManagerImpl.java:339)
01-13 02:05:22.436  2116 18741 W allj    : 	at android.security.net.config.NetworkSecurityTrustManager.checkServerTrusted(NetworkSecurityTrustManager.java:94)
01-13 02:05:22.436  2116 18741 W allj    : 	at android.security.net.config.RootTrustManager.checkServerTrusted(RootTrustManager.java:88)
01-13 02:05:22.436  2116 18741 W allj    : 	at java.lang.reflect.Method.invoke(Native Method)
01-13 02:05:22.436  2116 18741 W allj    : 	at com.google.android.gms.org.conscrypt.Platform.checkTrusted(:com.google.android.gms@16089022@16.0.89 (040700-239467275):2)
01-13 02:05:22.436  2116 18741 W allj    : 	at com.google.android.gms.org.conscrypt.Platform.checkServerTrusted(:com.google.android.gms@16089022@16.0.89 (040700-239467275):1)
01-13 02:05:22.436  2116 18741 W allj    : 	at com.google.android.gms.org.conscrypt.ConscryptFileDescriptorSocket.verifyCertificateChain(:com.google.android.gms@16089022@16.0.89 (040700-239467275):12)
01-13 02:05:22.436  2116 18741 W allj    : 	at com.google.android.gms.org.conscrypt.NativeCrypto.SSL_do_handshake(Native Method)
01-13 02:05:22.436  2116 18741 W allj    : 	at com.google.android.gms.org.conscrypt.NativeSsl.doHandshake(:com.google.android.gms@16089022@16.0.89 (040700-239467275):7)
01-13 02:05:22.436  2116 18741 W allj    : 	at com.google.android.gms.org.conscrypt.ConscryptFileDescriptorSocket.startHandshake(:com.google.android.gms@16089022@16.0.89 (040700-239467275):14)
01-13 02:05:22.436  2116 18741 W allj    : 	... 33 more
01-13 02:05:22.436  2116 18741 W allj    : Caused by: java.security.cert.CertPathValidatorException: timestamp check failed
01-13 02:05:22.436  2116 18741 W allj    : 	at sun.security.provider.certpath.PKIXMasterCertPathValidator.validate(PKIXMasterCertPathValidator.java:133)
01-13 02:05:22.436  2116 18741 W allj    : 	at sun.security.provider.certpath.PKIXCertPathValidator.validate(PKIXCertPathValidator.java:222)
01-13 02:05:22.436  2116 18741 W allj    : 	at sun.security.provider.certpath.PKIXCertPathValidator.validate(PKIXCertPathValidator.java:140)
01-13 02:05:22.436  2116 18741 W allj    : 	at sun.security.provider.certpath.PKIXCertPathValidator.engineValidate(PKIXCertPathValidator.java:79)
01-13 02:05:22.436  2116 18741 W allj    : 	at java.security.cert.CertPathValidator.validate(CertPathValidator.java:301)
01-13 02:05:22.436  2116 18741 W allj    : 	at com.android.org.conscrypt.TrustManagerImpl.verifyChain(TrustManagerImpl.java:703)
01-13 02:05:22.436  2116 18741 W allj    : 	... 48 more
01-13 02:05:22.436  2116 18741 W allj    : Caused by: java.security.cert.CertificateNotYetValidException: Certificate not valid until Wed Feb 12 14:45:22 GMT+03:00 2020 (compared to Mon Jan 13 02:05:22 GMT+03:00 2020)
01-13 02:05:22.436  2116 18741 W allj    : 	at com.google.android.gms.org.conscrypt.OpenSSLX509Certificate.checkValidity(:com.google.android.gms@16089022@16.0.89 (040700-239467275):2)
01-13 02:05:22.436  2116 18741 W allj    : 	at sun.security.provider.certpath.BasicChecker.verifyTimestamp(BasicChecker.java:194)
01-13 02:05:22.436  2116 18741 W allj    : 	at sun.security.provider.certpath.BasicChecker.check(BasicChecker.java:144)
01-13 02:05:22.436  2116 18741 W allj    : 	at sun.security.provider.certpath.PKIXMasterCertPathValidator.validate(PKIXMasterCertPathValidator.java:125)
01-13 02:05:22.436  2116 18741 W allj    : 	... 53 more
01-13 02:05:22.643  2116 18741 E HeterodyneSyncTaskChime: Sync task failure [CONTEXT service_id=51 ]
01-13 02:05:22.643  2116 18741 E HeterodyneSyncTaskChime: alif: 29504: Network error
01-13 02:05:22.643  2116 18741 E HeterodyneSyncTaskChime: 	at allj.a(:com.google.android.gms@16089022@16.0.89 (040700-239467275):202)
01-13 02:05:22.643  2116 18741 E HeterodyneSyncTaskChime: 	at allj.a(:com.google.android.gms@16089022@16.0.89 (040700-239467275):131)
01-13 02:05:22.643  2116 18741 E HeterodyneSyncTaskChime: 	at allj.a(:com.google.android.gms@16089022@16.0.89 (040700-239467275):324)
01-13 02:05:22.643  2116 18741 E HeterodyneSyncTaskChime: 	at allj.a(:com.google.android.gms@16089022@16.0.89 (040700-239467275):323)
01-13 02:05:22.643  2116 18741 E HeterodyneSyncTaskChime: 	at com.google.android.gms.phenotype.sync.HeterodyneSyncTaskChimeraService.a(:com.google.android.gms@16089022@16.0.89 (040700-239467275):1)
01-13 02:05:22.643  2116 18741 E HeterodyneSyncTaskChime: 	at com.google.android.gms.phenotype.sync.HeterodyneSyncTaskChimeraService.a(:com.google.android.gms@16089022@16.0.89 (040700-239467275):11)
01-13 02:05:22.643  2116 18741 E HeterodyneSyncTaskChime: 	at zse.run(:com.google.android.gms@16089022@16.0.89 (040700-239467275):5)
01-13 02:05:22.643  2116 18741 E HeterodyneSyncTaskChime: 	at rrt.b(:com.google.android.gms@16089022@16.0.89 (040700-239467275):32)
01-13 02:05:22.643  2116 18741 E HeterodyneSyncTaskChime: 	at rrt.run(:com.google.android.gms@16089022@16.0.89 (040700-239467275):21)
01-13 02:05:22.643  2116 18741 E HeterodyneSyncTaskChime: 	at java.util.concurrent.ThreadPoolExecutor.runWorker(ThreadPoolExecutor.java:1162)
01-13 02:05:22.643  2116 18741 E HeterodyneSyncTaskChime: 	at java.util.concurrent.ThreadPoolExecutor$Worker.run(ThreadPoolExecutor.java:636)
01-13 02:05:22.643  2116 18741 E HeterodyneSyncTaskChime: 	at rxx.run(Unknown Source:7)
01-13 02:05:22.643  2116 18741 E HeterodyneSyncTaskChime: 	at java.lang.Thread.run(Thread.java:764)
01-13 02:05:22.643  2116 18741 E HeterodyneSyncTaskChime: Caused by: javax.net.ssl.SSLHandshakeException: Chain validation failed
01-13 02:05:22.643  2116 18741 E HeterodyneSyncTaskChime: 	at com.google.android.gms.org.conscrypt.ConscryptFileDescriptorSocket.startHandshake(:com.google.android.gms@16089022@16.0.89 (040700-239467275):43)
01-13 02:05:22.643  2116 18741 E HeterodyneSyncTaskChime: 	at aogy.a(:com.google.android.gms@16089022@16.0.89 (040700-239467275):20)
01-13 02:05:22.643  2116 18741 E HeterodyneSyncTaskChime: 	at aogy.createSocket(:com.google.android.gms@16089022@16.0.89 (040700-239467275):6)
01-13 02:05:22.643  2116 18741 E HeterodyneSyncTaskChime: 	at com.android.okhttp.internal.io.RealConnection.connectTls(RealConnection.java:181)
01-13 02:05:22.643  2116 18741 E HeterodyneSyncTaskChime: 	at com.android.okhttp.internal.io.RealConnection.connectSocket(RealConnection.java:149)
01-13 02:05:22.643  2116 18741 E HeterodyneSyncTaskChime: 	at com.android.okhttp.internal.io.RealConnection.connect(RealConnection.java:112)
01-13 02:05:22.643  2116 18741 E HeterodyneSyncTaskChime: 	at com.android.okhttp.internal.http.StreamAllocation.findConnection(StreamAllocation.java:184)
01-13 02:05:22.643  2116 18741 E HeterodyneSyncTaskChime: 	at com.android.okhttp.internal.http.StreamAllocation.findHealthyConnection(StreamAllocation.java:126)
01-13 02:05:22.643  2116 18741 E HeterodyneSyncTaskChime: 	at com.android.okhttp.internal.http.StreamAllocation.newStream(StreamAllocation.java:95)
01-13 02:05:22.643  2116 18741 E HeterodyneSyncTaskChime: 	at com.android.okhttp.internal.http.HttpEngine.connect(HttpEngine.java:281)
01-13 02:05:22.643  2116 18741 E HeterodyneSyncTaskChime: 	at com.android.okhttp.internal.http.HttpEngine.sendRequest(HttpEngine.java:224)
01-13 02:05:22.643  2116 18741 E HeterodyneSyncTaskChime: 	at com.android.okhttp.internal.huc.HttpURLConnectionImpl.execute(HttpURLConnectionImpl.java:461)
01-13 02:05:22.643  2116 18741 E HeterodyneSyncTaskChime: 	at com.android.okhttp.internal.huc.HttpURLConnectionImpl.connect(HttpURLConnectionImpl.java:127)
01-13 02:05:22.643  2116 18741 E HeterodyneSyncTaskChime: 	at com.android.okhttp.internal.huc.HttpURLConnectionImpl.getOutputStream(HttpURLConnectionImpl.java:258)
01-13 02:05:22.643  2116 18741 E HeterodyneSyncTaskChime: 	at com.android.okhttp.internal.huc.DelegatingHttpsURLConnection.getOutputStream(DelegatingHttpsURLConnection.java:218)
01-13 02:05:22.643  2116 18741 E HeterodyneSyncTaskChime: 	at com.android.okhttp.internal.huc.HttpsURLConnectionImpl.getOutputStream(Unknown Source:0)
01-13 02:05:22.643  2116 18741 E HeterodyneSyncTaskChime: 	at abbg.a(:com.google.android.gms@16089022@16.0.89 (040700-239467275):39)
01-13 02:05:22.643  2116 18741 E HeterodyneSyncTaskChime: 	at abbg.execute(:com.google.android.gms@16089022@16.0.89 (040700-239467275):8)
01-13 02:05:22.643  2116 18741 E HeterodyneSyncTaskChime: 	at abbg.execute(:com.google.android.gms@16089022@16.0.89 (040700-239467275):7)
01-13 02:05:22.643  2116 18741 E HeterodyneSyncTaskChime: 	at allr.a(:com.google.android.gms@16089022@16.0.89 (040700-239467275):37)
01-13 02:05:22.643  2116 18741 E HeterodyneSyncTaskChime: 	at allj.a(:com.google.android.gms@16089022@16.0.89 (040700-239467275):306)
01-13 02:05:22.643  2116 18741 E HeterodyneSyncTaskChime: 	at allj.a(:com.google.android.gms@16089022@16.0.89 (040700-239467275):188)
01-13 02:05:22.643  2116 18741 E HeterodyneSyncTaskChime: 	... 12 more
01-13 02:05:22.643  2116 18741 E HeterodyneSyncTaskChime: Caused by: java.security.cert.CertificateException: Chain validation failed
01-13 02:05:22.643  2116 18741 E HeterodyneSyncTaskChime: 	at com.android.org.conscrypt.TrustManagerImpl.verifyChain(TrustManagerImpl.java:707)
01-13 02:05:22.643  2116 18741 E HeterodyneSyncTaskChime: 	at com.android.org.conscrypt.TrustManagerImpl.checkTrustedRecursive(TrustManagerImpl.java:539)
01-13 02:05:22.643  2116 18741 E HeterodyneSyncTaskChime: 	at com.android.org.conscrypt.TrustManagerImpl.checkTrustedRecursive(TrustManagerImpl.java:560)
01-13 02:05:22.643  2116 18741 E HeterodyneSyncTaskChime: 	at com.android.org.conscrypt.TrustManagerImpl.checkTrustedRecursive(TrustManagerImpl.java:628)
01-13 02:05:22.643  2116 18741 E HeterodyneSyncTaskChime: 	at com.android.org.conscrypt.TrustManagerImpl.checkTrusted(TrustManagerImpl.java:495)
01-13 02:05:22.643  2116 18741 E HeterodyneSyncTaskChime: 	at com.android.org.conscrypt.TrustManagerImpl.checkTrusted(TrustManagerImpl.java:418)
01-13 02:05:22.643  2116 18741 E HeterodyneSyncTaskChime: 	at com.android.org.conscrypt.TrustManagerImpl.getTrustedChainForServer(TrustManagerImpl.java:339)
01-13 02:05:22.643  2116 18741 E HeterodyneSyncTaskChime: 	at android.security.net.config.NetworkSecurityTrustManager.checkServerTrusted(NetworkSecurityTrustManager.java:94)
01-13 02:05:22.643  2116 18741 E HeterodyneSyncTaskChime: 	at android.security.net.config.RootTrustManager.checkServerTrusted(RootTrustManager.java:88)
01-13 02:05:22.643  2116 18741 E HeterodyneSyncTaskChime: 	at java.lang.reflect.Method.invoke(Native Method)
01-13 02:05:22.643  2116 18741 E HeterodyneSyncTaskChime: 	at com.google.android.gms.org.conscrypt.Platform.checkTrusted(:com.google.android.gms@16089022@16.0.89 (040700-239467275):2)
01-13 02:05:22.643  2116 18741 E HeterodyneSyncTaskChime: 	at com.google.android.gms.org.conscrypt.Platform.checkServerTrusted(:com.google.android.gms@16089022@16.0.89 (040700-239467275):1)
01-13 02:05:22.643  2116 18741 E HeterodyneSyncTaskChime: 	at com.google.android.gms.org.conscrypt.ConscryptFileDescriptorSocket.verifyCertificateChain(:com.google.android.gms@16089022@16.0.89 (040700-239467275):12)
01-13 02:05:22.643  2116 18741 E HeterodyneSyncTaskChime: 	at com.google.android.gms.org.conscrypt.NativeCrypto.SSL_do_handshake(Native Method)
01-13 02:05:22.643  2116 18741 E HeterodyneSyncTaskChime: 	at com.google.android.gms.org.conscrypt.NativeSsl.doHandshake(:com.google.android.gms@16089022@16.0.89 (040700-239467275):7)
01-13 02:05:22.643  2116 18741 E HeterodyneSyncTaskChime: 	at com.google.android.gms.org.conscrypt.ConscryptFileDescriptorSocket.startHandshake(:com.google.android.gms@16089022@16.0.89 (040700-239467275):14)
01-13 02:05:22.643  2116 18741 E HeterodyneSyncTaskChime: 	... 33 more
01-13 02:05:22.643  2116 18741 E HeterodyneSyncTaskChime: Caused by: java.security.cert.CertPathValidatorException: timestamp check failed
01-13 02:05:22.643  2116 18741 E HeterodyneSyncTaskChime: 	at sun.security.provider.certpath.PKIXMasterCertPathValidator.validate(PKIXMasterCertPathValidator.java:133)
01-13 02:05:22.643  2116 18741 E HeterodyneSyncTaskChime: 	at sun.security.provider.certpath.PKIXCertPathValidator.validate(PKIXCertPathValidator.java:222)
01-13 02:05:22.643  2116 18741 E HeterodyneSyncTaskChime: 	at sun.security.provider.certpath.PKIXCertPathValidator.validate(PKIXCertPathValidator.java:140)
01-13 02:05:22.643  2116 18741 E HeterodyneSyncTaskChime: 	at sun.security.provider.certpath.PKIXCertPathValidator.engineValidate(PKIXCertPathValidator.java:79)
01-13 02:05:22.643  2116 18741 E HeterodyneSyncTaskChime: 	at java.security.cert.CertPathValidator.validate(CertPathValidator.java:301)
01-13 02:05:22.643  2116 18741 E HeterodyneSyncTaskChime: 	at com.android.org.conscrypt.TrustManagerImpl.verifyChain(TrustManagerImpl.java:703)
01-13 02:05:22.643  2116 18741 E HeterodyneSyncTaskChime: 	... 48 more
01-13 02:05:22.643  2116 18741 E HeterodyneSyncTaskChime: Caused by: java.security.cert.CertificateNotYetValidException: Certificate not valid until Wed Feb 12 14:45:22 GMT+03:00 2020 (compared to Mon Jan 13 02:05:22 GMT+03:00 2020)
01-13 02:05:22.643  2116 18741 E HeterodyneSyncTaskChime: 	at com.google.android.gms.org.conscrypt.OpenSSLX509Certificate.checkValidity(:com.google.android.gms@16089022@16.0.89 (040700-239467275):2)
01-13 02:05:22.643  2116 18741 E HeterodyneSyncTaskChime: 	at sun.security.provider.certpath.BasicChecker.verifyTimestamp(BasicChecker.java:194)
01-13 02:05:22.643  2116 18741 E HeterodyneSyncTaskChime: 	at sun.security.provider.certpath.BasicChecker.check(BasicChecker.java:144)
01-13 02:05:22.643  2116 18741 E HeterodyneSyncTaskChime: 	at sun.security.provider.certpath.PKIXMasterCertPathValidator.validate(PKIXMasterCertPathValidator.java:125)
01-13 02:05:22.643  2116 18741 E HeterodyneSyncTaskChime: 	... 53 more
01-13 02:05:22.670  2116 18741 I aljh    : updateFromConfigurations using legacy put method [CONTEXT service_id=51 ]
01-13 02:05:22.692  2116 18741 I aljh    : updateFromConfigurations using legacy put method [CONTEXT service_id=51 ]
01-13 02:05:22.700  2116 18741 I alle    : Scheduling adaptive one off task with window [14400, 604800] in seconds [CONTEXT service_id=51 ]
01-13 02:05:22.715  2116 18741 E PhenotypeFlagCommitter: Retrieving snapshot for com.google.android.gms.phenotype failed
01-13 02:05:22.715  2116 18741 E PhenotypeFlagCommitter: java.lang.InterruptedException
01-13 02:05:22.715  2116 18741 E PhenotypeFlagCommitter: 	at java.util.concurrent.locks.AbstractQueuedSynchronizer.doAcquireSharedNanos(AbstractQueuedSynchronizer.java:1063)
01-13 02:05:22.715  2116 18741 E PhenotypeFlagCommitter: 	at java.util.concurrent.locks.AbstractQueuedSynchronizer.tryAcquireSharedNanos(AbstractQueuedSynchronizer.java:1352)
01-13 02:05:22.715  2116 18741 E PhenotypeFlagCommitter: 	at java.util.concurrent.CountDownLatch.await(CountDownLatch.java:278)
01-13 02:05:22.715  2116 18741 E PhenotypeFlagCommitter: 	at asip.a(:com.google.android.gms@16089022@16.0.89 (040700-239467275):27)
01-13 02:05:22.715  2116 18741 E PhenotypeFlagCommitter: 	at alhm.a(:com.google.android.gms@16089022@16.0.89 (040700-239467275):2)
01-13 02:05:22.715  2116 18741 E PhenotypeFlagCommitter: 	at alhm.a(:com.google.android.gms@16089022@16.0.89 (040700-239467275):19)
01-13 02:05:22.715  2116 18741 E PhenotypeFlagCommitter: 	at alhm.a(:com.google.android.gms@16089022@16.0.89 (040700-239467275):29)
01-13 02:05:22.715  2116 18741 E PhenotypeFlagCommitter: 	at alim.a(:com.google.android.gms@16089022@16.0.89 (040700-239467275):6)
01-13 02:05:22.715  2116 18741 E PhenotypeFlagCommitter: 	at com.google.android.gms.phenotype.sync.HeterodyneSyncTaskChimeraService.a(:com.google.android.gms@16089022@16.0.89 (040700-239467275):1)
01-13 02:05:22.715  2116 18741 E PhenotypeFlagCommitter: 	at com.google.android.gms.phenotype.sync.HeterodyneSyncTaskChimeraService.a(:com.google.android.gms@16089022@16.0.89 (040700-239467275):11)
01-13 02:05:22.715  2116 18741 E PhenotypeFlagCommitter: 	at zse.run(:com.google.android.gms@16089022@16.0.89 (040700-239467275):5)
01-13 02:05:22.715  2116 18741 E PhenotypeFlagCommitter: 	at rrt.b(:com.google.android.gms@16089022@16.0.89 (040700-239467275):32)
01-13 02:05:22.715  2116 18741 E PhenotypeFlagCommitter: 	at rrt.run(:com.google.android.gms@16089022@16.0.89 (040700-239467275):21)
01-13 02:05:22.715  2116 18741 E PhenotypeFlagCommitter: 	at java.util.concurrent.ThreadPoolExecutor.runWorker(ThreadPoolExecutor.java:1162)
01-13 02:05:22.715  2116 18741 E PhenotypeFlagCommitter: 	at java.util.concurrent.ThreadPoolExecutor$Worker.run(ThreadPoolExecutor.java:636)
01-13 02:05:22.715  2116 18741 E PhenotypeFlagCommitter: 	at rxx.run(Unknown Source:7)
01-13 02:05:22.715  2116 18741 E PhenotypeFlagCommitter: 	at java.lang.Thread.run(Thread.java:764)
01-13 02:05:24.431  1666  7777 D WificondControl: Scan result ready event
01-13 02:05:24.454  1666  1689 E BatteryExternalStatsWorker: modem info is invalid: ModemActivityInfo{ mTimestamp=0 mSleepTimeMs=0 mIdleTimeMs=0 mTxTimeMs[]=[0, 0, 0, 0, 0] mRxTimeMs=0 mEnergyUsed=0}
01-13 02:05:25.510  1449  1449 I boot-pipe: done populating /dev/random
01-13 02:05:56.561  2116 18957 E WakeLock: GCM_HB_ALARM release without a matched acquire!
01-13 02:05:56.562  2116 18957 W WakeLock: GCM_HB_ALARM counter does not exist
01-13 02:05:56.965  2116 18961 E WakeLock: GCM_HB_ALARM release without a matched acquire!
01-13 02:05:56.965  2116 18961 W WakeLock: GCM_HB_ALARM counter does not exist
01-13 02:06:00.003  1666  1685 E memtrack: Couldn't load memtrack module
01-13 02:06:00.003  1666  1685 W android.os.Debug: failed to get memory consumption info: -1
01-13 02:06:00.019  1442  1465 D hwcomposer: hw_composer sent 6 syncs in 60s
01-13 02:06:00.052  1666  1685 E memtrack: Couldn't load memtrack module
01-13 02:06:00.052  1666  1685 W android.os.Debug: failed to get memory consumption info: -1
01-13 02:06:00.085  1666  1685 E memtrack: Couldn't load memtrack module
01-13 02:06:00.085  1666  1685 W android.os.Debug: failed to get memory consumption info: -1
01-13 02:06:25.512  1449  1449 I boot-pipe: done populating /dev/random
01-13 02:05:53.576  1666  1689 I chatty  : uid=1000(system) batterystats-wo identical 1 line
01-13 02:06:27.634  1666  1689 E BatteryExternalStatsWorker: modem info is invalid: ModemActivityInfo{ mTimestamp=0 mSleepTimeMs=0 mIdleTimeMs=0 mTxTimeMs[]=[0, 0, 0, 0, 0] mRxTimeMs=0 mEnergyUsed=0}
01-13 02:06:35.839  1666  1685 I UsageStatsService: User[0] Flushing usage stats to disk
01-13 02:06:45.632  1666  1689 I WifiService: requestActivityInfo uid=1000
01-13 02:06:45.632  1666  1689 I WifiService: reportActivityInfo uid=1000
01-13 02:06:45.633  1666  1689 I WifiService: getSupportedFeatures uid=1000
01-13 02:06:50.821  1666  1689 I WifiService: requestActivityInfo uid=1000
01-13 02:06:50.821  1666  1689 I WifiService: reportActivityInfo uid=1000
01-13 02:06:50.821  1666  1689 I WifiService: getSupportedFeatures uid=1000
01-13 02:07:00.008  1666  1685 E memtrack: Couldn't load memtrack module
01-13 02:07:00.008  1666  1685 W android.os.Debug: failed to get memory consumption info: -1
01-13 02:07:00.011  1442  1465 D hwcomposer: hw_composer sent 6 syncs in 60s
01-13 02:07:07.915  1666  1689 E BatteryExternalStatsWorker: modem info is invalid: ModemActivityInfo{ mTimestamp=0 mSleepTimeMs=0 mIdleTimeMs=0 mTxTimeMs[]=[0, 0, 0, 0, 0] mRxTimeMs=0 mEnergyUsed=0}
01-13 02:07:20.953  1666  1689 I WifiService: requestActivityInfo uid=1000
01-13 02:07:20.953  1666  1689 I WifiService: reportActivityInfo uid=1000
01-13 02:07:20.953  1666  1689 I WifiService: getSupportedFeatures uid=1000
01-13 02:07:21.953  1666  1689 I WifiService: requestActivityInfo uid=1000
01-13 02:07:21.953  1666  1689 I WifiService: reportActivityInfo uid=1000
01-13 02:07:21.953  1666  1689 I WifiService: getSupportedFeatures uid=1000
01-13 02:07:25.514  1449  1449 I boot-pipe: done populating /dev/random
01-13 02:07:46.992  1666  1689 I WifiService: requestActivityInfo uid=1000
01-13 02:07:46.992  1666  1689 I WifiService: reportActivityInfo uid=1000
01-13 02:07:46.992  1666  1689 I WifiService: getSupportedFeatures uid=1000
01-13 02:07:51.311  1666  1689 I WifiService: requestActivityInfo uid=1000
01-13 02:07:51.311  1666  1689 I WifiService: reportActivityInfo uid=1000
01-13 02:07:51.311  1666  1689 I WifiService: getSupportedFeatures uid=1000
01-13 02:07:51.338  1666 18977 D NetworkMonitor/NetworkAgentInfo [WIFI () - 101]: PROBE_DNS connectivitycheck.gstatic.com 29ms OK 64.233.165.94,2a00:1450:4010:c01::5e
01-13 02:07:51.339  1666 18976 D NetworkMonitor/NetworkAgentInfo [WIFI () - 101]: PROBE_DNS www.google.com 30ms OK 173.194.222.103,2a00:1450:4010:c02::69
01-13 02:07:51.387  1666 18977 D NetworkMonitor/NetworkAgentInfo [WIFI () - 101]: PROBE_HTTP http://connectivitycheck.gstatic.com/generate_204 time=48ms ret=204 request={User-Agent=[Mozilla/5.0 (X11; Linux x86_64) AppleWebKit/537.36 (KHTML, like Gecko) Chrome/60.0.3112.32 Safari/537.36]} headers={null=[HTTP/1.1 204 No Content], Content-Length=[0], Date=[Fri, 28 Feb 2020 19:29:15 GMT], X-Android-Received-Millis=[1578870471386], X-Android-Response-Source=[NETWORK 204], X-Android-Selected-Protocol=[http/1.1], X-Android-Sent-Millis=[1578870471363]}
01-13 02:07:51.399  1666 18976 D NetworkMonitor/NetworkAgentInfo [WIFI () - 101]: PROBE_HTTPS https://www.google.com/generate_204 Probe failed with exception javax.net.ssl.SSLHandshakeException: Chain validation failed
01-13 02:07:51.449  1666  2854 D NetworkMonitor/NetworkAgentInfo [WIFI () - 101]: PROBE_FALLBACK http://www.google.com/gen_204 time=49ms ret=204 request={User-Agent=[Mozilla/5.0 (X11; Linux x86_64) AppleWebKit/537.36 (KHTML, like Gecko) Chrome/60.0.3112.32 Safari/537.36]} headers={null=[HTTP/1.1 204 No Content], Content-Length=[0], Content-Type=[text/html; charset=UTF-8], Date=[Fri, 28 Feb 2020 19:29:15 GMT], Server=[gws], Set-Cookie=[1P_JAR=2020-02-28-19; expires=Sun, 29-Mar-2020 19:29:15 GMT; path=/; domain=.google.com; Secure], X-Android-Received-Millis=[1578870471448], X-Android-Response-Source=[NETWORK 204], X-Android-Selected-Protocol=[http/1.1], X-Android-Sent-Millis=[1578870471423], X-Frame-Options=[SAMEORIGIN], X-XSS-Protection=[0]}
01-13 02:07:38.994  1666  1689 E BatteryExternalStatsWorker: modem info is invalid: ModemActivityInfo{ mTimestamp=0 mSleepTimeMs=0 mIdleTimeMs=0 mTxTimeMs[]=[0, 0, 0, 0, 0] mRxTimeMs=0 mEnergyUsed=0}
01-13 02:07:51.449  1666  1775 D ConnectivityService: NetworkAgentInfo [WIFI () - 101] validation failed
01-13 02:07:51.450  1666  1771 D WifiStateMachine: NETWORK_STATUS_UNWANTED_VALIDATION_FAILED
01-13 02:08:00.002  1666  1685 E memtrack: Couldn't load memtrack module
01-13 02:08:00.002  1666  1685 W android.os.Debug: failed to get memory consumption info: -1
01-13 02:08:00.023  1442  1465 D hwcomposer: hw_composer sent 6 syncs in 60s
01-13 02:08:04.422  1666  7770 D WificondControl: Scan result ready event
01-13 02:08:11.075  1666  1689 E BatteryExternalStatsWorker: modem info is invalid: ModemActivityInfo{ mTimestamp=0 mSleepTimeMs=0 mIdleTimeMs=0 mTxTimeMs[]=[0, 0, 0, 0, 0] mRxTimeMs=0 mEnergyUsed=0}
01-13 02:08:11.907  1666 18987 D NetworkMonitor/NetworkAgentInfo [MOBILE (LTE) - 100]: PROBE_DNS connectivitycheck.gstatic.com 6ms OK 64.233.165.94,2a00:1450:4010:c01::5e
01-13 02:08:11.909  1666 18986 D NetworkMonitor/NetworkAgentInfo [MOBILE (LTE) - 100]: PROBE_DNS www.google.com 8ms OK 173.194.222.103,2a00:1450:4010:c02::69
01-13 02:08:11.957  1666 18987 D NetworkMonitor/NetworkAgentInfo [MOBILE (LTE) - 100]: PROBE_HTTP http://connectivitycheck.gstatic.com/generate_204 time=49ms ret=204 request={User-Agent=[Mozilla/5.0 (X11; Linux x86_64) AppleWebKit/537.36 (KHTML, like Gecko) Chrome/60.0.3112.32 Safari/537.36]} headers={null=[HTTP/1.1 204 No Content], Content-Length=[0], Date=[Fri, 28 Feb 2020 19:29:36 GMT], X-Android-Received-Millis=[1578870491957], X-Android-Response-Source=[NETWORK 204], X-Android-Selected-Protocol=[http/1.1], X-Android-Sent-Millis=[1578870491933]}
01-13 02:08:11.968  1666 18986 D NetworkMonitor/NetworkAgentInfo [MOBILE (LTE) - 100]: PROBE_HTTPS https://www.google.com/generate_204 Probe failed with exception javax.net.ssl.SSLHandshakeException: Chain validation failed
01-13 02:08:12.023  1666  2183 D NetworkMonitor/NetworkAgentInfo [MOBILE (LTE) - 100]: PROBE_FALLBACK http://www.google.com/gen_204 time=52ms ret=204 request={User-Agent=[Mozilla/5.0 (X11; Linux x86_64) AppleWebKit/537.36 (KHTML, like Gecko) Chrome/60.0.3112.32 Safari/537.36]} headers={null=[HTTP/1.1 204 No Content], Content-Length=[0], Content-Type=[text/html; charset=UTF-8], Date=[Fri, 28 Feb 2020 19:29:36 GMT], Server=[gws], Set-Cookie=[1P_JAR=2020-02-28-19; expires=Sun, 29-Mar-2020 19:29:36 GMT; path=/; domain=.google.com; Secure], X-Android-Received-Millis=[1578870492022], X-Android-Response-Source=[NETWORK 204], X-Android-Selected-Protocol=[http/1.1], X-Android-Sent-Millis=[1578870491995], X-Frame-Options=[SAMEORIGIN], X-XSS-Protection=[0]}
01-13 02:08:12.023  1666  1775 D ConnectivityService: NetworkAgentInfo [MOBILE (LTE) - 100] validation failed
01-13 02:08:22.035  1666  1689 E BatteryExternalStatsWorker: modem info is invalid: ModemActivityInfo{ mTimestamp=0 mSleepTimeMs=0 mIdleTimeMs=0 mTxTimeMs[]=[0, 0, 0, 0, 0] mRxTimeMs=0 mEnergyUsed=0}
01-13 02:08:25.515  1449  1449 I boot-pipe: done populating /dev/random
01-13 02:08:29.275  1666  1689 I WifiService: requestActivityInfo uid=1000
01-13 02:08:29.275  1666  1689 I WifiService: reportActivityInfo uid=1000
01-13 02:08:29.275  1666  1689 I WifiService: getSupportedFeatures uid=1000
01-13 02:08:50.192  1666  1689 I WifiService: requestActivityInfo uid=1000
01-13 02:08:50.192  1666  1689 I WifiService: reportActivityInfo uid=1000
01-13 02:08:50.192  1666  1689 I WifiService: getSupportedFeatures uid=1000
01-13 02:09:00.009  1666  1685 E memtrack: Couldn't load memtrack module
01-13 02:09:00.009  1666  1685 W android.os.Debug: failed to get memory consumption info: -1
01-13 02:09:00.016  1442  1465 D hwcomposer: hw_composer sent 6 syncs in 60s
01-13 02:09:20.312  1666  1689 I WifiService: requestActivityInfo uid=1000
01-13 02:09:20.312  1666  1689 I WifiService: reportActivityInfo uid=1000
01-13 02:09:20.312  1666  1689 I WifiService: getSupportedFeatures uid=1000
01-13 02:09:21.311  1666  1689 I WifiService: requestActivityInfo uid=1000
01-13 02:09:21.311  1666  1689 I WifiService: reportActivityInfo uid=1000
01-13 02:09:21.311  1666  1689 I WifiService: getSupportedFeatures uid=1000
01-13 02:09:25.518  1449  1449 I boot-pipe: done populating /dev/random
01-13 02:09:46.353  1666  1689 I WifiService: requestActivityInfo uid=1000
01-13 02:09:46.353  1666  1689 I WifiService: reportActivityInfo uid=1000
01-13 02:09:46.353  1666  1689 I WifiService: getSupportedFeatures uid=1000
01-13 02:09:53.392  1666  1689 I WifiService: requestActivityInfo uid=1000
01-13 02:09:53.392  1666  1689 I WifiService: reportActivityInfo uid=1000
01-13 02:09:53.392  1666  1689 I WifiService: getSupportedFeatures uid=1000
01-13 02:10:00.002  1666  1685 E memtrack: Couldn't load memtrack module
01-13 02:10:00.002  1666  1685 W android.os.Debug: failed to get memory consumption info: -1
01-13 02:10:00.027  1442  1465 D hwcomposer: hw_composer sent 6 syncs in 60s
01-13 02:10:00.037  1666  1685 E memtrack: Couldn't load memtrack module
01-13 02:10:00.037  1666  1685 W android.os.Debug: failed to get memory consumption info: -1
01-13 02:10:25.518  1449  1449 I boot-pipe: done populating /dev/random
01-13 02:10:28.313  1666  1689 I WifiService: requestActivityInfo uid=1000
01-13 02:10:28.313  1666  1689 I WifiService: reportActivityInfo uid=1000
01-13 02:10:28.313  1666  1689 I WifiService: getSupportedFeatures uid=1000
01-13 02:10:41.839  1666  1689 I WifiService: requestActivityInfo uid=1000
01-13 02:10:41.839  1666  1689 I WifiService: reportActivityInfo uid=1000
01-13 02:10:41.839  1666  1689 I WifiService: getSupportedFeatures uid=1000
01-13 02:10:44.432  1666  7777 D WificondControl: Scan result ready event
01-13 02:11:00.010  1666  1685 E memtrack: Couldn't load memtrack module
01-13 02:11:00.010  1666  1685 W android.os.Debug: failed to get memory consumption info: -1
01-13 02:11:00.020  1442  1465 D hwcomposer: hw_composer sent 6 syncs in 60s
01-13 02:11:25.520  1449  1449 I boot-pipe: done populating /dev/random
01-13 02:11:37.992  1666  1689 I WifiService: requestActivityInfo uid=1000
01-13 02:11:37.993  1666  1689 I WifiService: reportActivityInfo uid=1000
01-13 02:11:37.993  1666  1689 I WifiService: getSupportedFeatures uid=1000
01-13 02:11:44.992  1666  1689 I WifiService: requestActivityInfo uid=1000
01-13 02:11:44.992  1666  1689 I WifiService: reportActivityInfo uid=1000
01-13 02:11:44.992  1666  1689 I WifiService: getSupportedFeatures uid=1000
01-13 02:12:00.008  1442  1465 D hwcomposer: hw_composer sent 6 syncs in 60s
01-13 02:12:20.032  1666  1689 I WifiService: requestActivityInfo uid=1000
01-13 02:12:20.032  1666  1689 I WifiService: reportActivityInfo uid=1000
01-13 02:12:20.032  1666  1689 I WifiService: getSupportedFeatures uid=1000
01-13 02:12:22.534  1666  1689 I WifiService: requestActivityInfo uid=1000
01-13 02:12:22.534  1666  1689 I WifiService: reportActivityInfo uid=1000
01-13 02:12:22.534  1666  1689 I WifiService: getSupportedFeatures uid=1000
01-13 02:12:25.522  1449  1449 I boot-pipe: done populating /dev/random
01-13 02:12:32.297  2249  2259 I zygote  : Debugger is no longer active
01-13 02:12:32.297  2116  2124 I zygote  : Debugger is no longer active
01-13 02:12:32.297  2374  2384 I zygote  : Debugger is no longer active
01-13 02:12:32.297  1812  1817 I zygote  : Debugger is no longer active
01-13 02:12:32.297  1666  1672 I zygote  : Debugger is no longer active
01-13 02:12:32.298  5069  5076 I zygote  : Debugger is no longer active
01-13 02:12:32.298  4070  4077 I zygote  : Debugger is no longer active
01-13 02:12:32.298  2155  2166 I zygote  : Debugger is no longer active
01-13 02:12:32.298 17932 17939 I zygote  : Debugger is no longer active
01-13 02:12:32.298  1797  1804 I zygote  : Debugger is no longer active
01-13 02:12:32.298 18819 18826 I zygote  : Debugger is no longer active
01-13 02:12:32.298  2348  2365 I zygote  : Debugger is no longer active
01-13 02:12:32.298  2187  2195 I zygote  : Debugger is no longer active
01-13 02:12:32.298 18683 18690 I zygote  : Debugger is no longer active
01-13 02:12:32.299 17666 17673 I zygote  : Debugger is no longer active
01-13 02:12:32.299 17969 17979 I zygote  : Debugger is no longer active
01-13 02:12:32.299  2271  2279 I zygote  : Debugger is no longer active
01-13 02:12:32.299 17696 17703 I zygote  : Debugger is no longer active
01-13 02:12:32.299  1879  1888 I zygote  : Debugger is no longer active
01-13 02:13:00.012  1666  1685 E memtrack: Couldn't load memtrack module
01-13 02:13:00.012  1666  1685 W android.os.Debug: failed to get memory consumption info: -1
01-13 02:13:00.016  1442  1465 D hwcomposer: hw_composer sent 6 syncs in 60s
01-13 02:13:18.753  1666  1689 I WifiService: requestActivityInfo uid=1000
01-13 02:13:18.753  1666  1689 I WifiService: reportActivityInfo uid=1000
01-13 02:13:18.753  1666  1689 I WifiService: getSupportedFeatures uid=1000
01-13 02:13:24.432  1666  7776 D WificondControl: Scan result ready event
01-13 02:13:25.524  1449  1449 I boot-pipe: done populating /dev/random
01-13 02:13:25.792  1666  1689 I WifiService: requestActivityInfo uid=1000
01-13 02:13:25.793  1666  1689 I WifiService: reportActivityInfo uid=1000
01-13 02:13:25.793  1666  1689 I WifiService: getSupportedFeatures uid=1000
01-13 02:14:00.014  1442  1465 D hwcomposer: hw_composer sent 6 syncs in 60s
01-13 02:14:00.993  1666  1689 I WifiService: requestActivityInfo uid=1000
01-13 02:14:00.993  1666  1689 I WifiService: reportActivityInfo uid=1000
01-13 02:14:00.993  1666  1689 I WifiService: getSupportedFeatures uid=1000
01-13 02:14:11.406  1666  1689 I WifiService: requestActivityInfo uid=1000
01-13 02:14:11.406  1666  1689 I WifiService: reportActivityInfo uid=1000
01-13 02:14:11.407  1666  1689 I WifiService: getSupportedFeatures uid=1000
01-13 02:14:25.526  1449  1449 I boot-pipe: done populating /dev/random
01-13 02:15:00.013  1666  1685 E memtrack: Couldn't load memtrack module
01-13 02:15:00.013  1666  1685 W android.os.Debug: failed to get memory consumption info: -1
01-13 02:15:00.034  1442  1465 D hwcomposer: hw_composer sent 6 syncs in 60s
01-13 02:15:07.552  1666  1689 I WifiService: requestActivityInfo uid=1000
01-13 02:15:07.552  1666  1689 I WifiService: reportActivityInfo uid=1000
01-13 02:15:07.552  1666  1689 I WifiService: getSupportedFeatures uid=1000
01-13 02:15:14.591  1666  1689 I WifiService: requestActivityInfo uid=1000
01-13 02:15:14.591  1666  1689 I WifiService: reportActivityInfo uid=1000
01-13 02:15:14.591  1666  1689 I WifiService: getSupportedFeatures uid=1000
01-13 02:15:25.527  1449  1449 I boot-pipe: done populating /dev/random
01-13 02:15:49.672  1666  1689 I WifiService: requestActivityInfo uid=1000
01-13 02:15:49.672  1666  1689 I WifiService: reportActivityInfo uid=1000
01-13 02:15:49.672  1666  1689 I WifiService: getSupportedFeatures uid=1000
