01-13 01:51:51.264 18683 18683 I zygote  :   at java.lang.Class java.lang.ClassLoader.loadClass(java.lang.String, boolean) (ClassLoader.java:379)
01-13 01:51:51.264 18683 18683 I zygote  :   at java.lang.Class java.lang.ClassLoader.loadClass(java.lang.String) (ClassLoader.java:312)
01-13 01:51:51.264 18683 18683 I zygote  :   at boolean androidx.core.view.ViewCompat.dispatchUnhandledKeyEventBeforeHierarchy(android.view.View, android.view.KeyEvent) (ViewCompat.java:3750)
01-13 01:51:51.264 18683 18683 I zygote  :   at boolean androidx.core.view.KeyEventDispatcher.dispatchBeforeHierarchy(android.view.View, android.view.KeyEvent) (KeyEventDispatcher.java:63)
01-13 01:51:51.264 18683 18683 I zygote  :   at boolean androidx.core.app.ComponentActivity.dispatchKeyEvent(android.view.KeyEvent) (ComponentActivity.java:130)
01-13 01:51:51.264 18683 18683 I zygote  :   at boolean com.android.internal.policy.DecorView.dispatchKeyEvent(android.view.KeyEvent) (DecorView.java:354)
01-13 01:51:51.264 18683 18683 I zygote  :   at int android.view.ViewRootImpl$ViewPostImeInputStage.processKeyEvent(android.view.ViewRootImpl$QueuedInputEvent) (ViewRootImpl.java:4733)
01-13 01:51:51.264 18683 18683 I zygote  :   at int android.view.ViewRootImpl$ViewPostImeInputStage.onProcess(android.view.ViewRootImpl$QueuedInputEvent) (ViewRootImpl.java:4605)
01-13 01:51:51.264 18683 18683 I zygote  :   at void android.view.ViewRootImpl$InputStage.deliver(android.view.ViewRootImpl$QueuedInputEvent) (ViewRootImpl.java:4147)
01-13 01:51:51.264 18683 18683 I zygote  :   at void android.view.ViewRootImpl$InputStage.onDeliverToNext(android.view.ViewRootImpl$QueuedInputEvent) (ViewRootImpl.java:4200)
01-13 01:51:51.264 18683 18683 I zygote  :   at void android.view.ViewRootImpl$InputStage.forward(android.view.ViewRootImpl$QueuedInputEvent) (ViewRootImpl.java:4166)
01-13 01:51:51.264 18683 18683 I zygote  :   at void android.view.ViewRootImpl$AsyncInputStage.forward(android.view.ViewRootImpl$QueuedInputEvent) (ViewRootImpl.java:4293)
01-13 01:51:51.264 18683 18683 I zygote  :   at void android.view.ViewRootImpl$InputStage.apply(android.view.ViewRootImpl$QueuedInputEvent, int) (ViewRootImpl.java:4174)
01-13 01:51:51.264 18683 18683 I zygote  :   at void android.view.ViewRootImpl$AsyncInputStage.apply(android.view.ViewRootImpl$QueuedInputEvent, int) (ViewRootImpl.java:4350)
01-13 01:51:51.265 18683 18683 I zygote  :   at void android.view.ViewRootImpl$InputStage.deliver(android.view.ViewRootImpl$QueuedInputEvent) (ViewRootImpl.java:4147)
01-13 01:51:51.265 18683 18683 I zygote  :   at void android.view.ViewRootImpl$InputStage.onDeliverToNext(android.view.ViewRootImpl$QueuedInputEvent) (ViewRootImpl.java:4200)
01-13 01:51:51.265 18683 18683 I zygote  :   at void android.view.ViewRootImpl$InputStage.forward(android.view.ViewRootImpl$QueuedInputEvent) (ViewRootImpl.java:4166)
01-13 01:51:51.265 18683 18683 I zygote  :   at void android.view.ViewRootImpl$InputStage.apply(android.view.ViewRootImpl$QueuedInputEvent, int) (ViewRootImpl.java:4174)
01-13 01:51:51.265 18683 18683 I zygote  :   at void android.view.ViewRootImpl$InputStage.deliver(android.view.ViewRootImpl$QueuedInputEvent) (ViewRootImpl.java:4147)
01-13 01:51:51.265 18683 18683 I zygote  :   at void android.view.ViewRootImpl$InputStage.onDeliverToNext(android.view.ViewRootImpl$QueuedInputEvent) (ViewRootImpl.java:4200)
01-13 01:51:51.265 18683 18683 I zygote  :   at void android.view.ViewRootImpl$InputStage.forward(android.view.ViewRootImpl$QueuedInputEvent) (ViewRootImpl.java:4166)
01-13 01:51:51.265 18683 18683 I zygote  :   at void android.view.ViewRootImpl$AsyncInputStage.forward(android.view.ViewRootImpl$QueuedInputEvent) (ViewRootImpl.java:4326)
01-13 01:51:51.265 18683 18683 I zygote  :   at void android.view.ViewRootImpl$ImeInputStage.onFinishedInputEvent(java.lang.Object, boolean) (ViewRootImpl.java:4487)
01-13 01:51:51.265 18683 18683 I zygote  :   at void android.view.inputmethod.InputMethodManager$PendingEvent.run() (InputMethodManager.java:2435)
01-13 01:51:51.265 18683 18683 I zygote  :   at void android.view.inputmethod.InputMethodManager.invokeFinishedInputEventCallback(android.view.inputmethod.InputMethodManager$PendingEvent, boolean) (InputMethodManager.java:1998)
01-13 01:51:51.265 18683 18683 I zygote  :   at void android.view.inputmethod.InputMethodManager.finishedInputEvent(int, boolean, boolean) (InputMethodManager.java:1989)
01-13 01:51:51.265 18683 18683 I zygote  :   at void android.view.inputmethod.InputMethodManager$ImeInputEventSender.onInputEventFinished(int, boolean) (InputMethodManager.java:2412)
01-13 01:51:51.265 18683 18683 I zygote  :   at void android.view.InputEventSender.dispatchInputEventFinished(int, boolean) (InputEventSender.java:141)
01-13 01:51:51.265 18683 18683 I zygote  :   at void android.os.MessageQueue.nativePollOnce(long, int) (MessageQueue.java:-2)
01-13 01:51:51.265 18683 18683 I zygote  :   at android.os.Message android.os.MessageQueue.next() (MessageQueue.java:325)
01-13 01:51:51.265 18683 18683 I zygote  :   at void android.os.Looper.loop() (Looper.java:142)
01-13 01:51:51.265 18683 18683 I zygote  :   at void android.app.ActivityThread.main(java.lang.String[]) (ActivityThread.java:6494)
01-13 01:51:51.265 18683 18683 I zygote  :   at java.lang.Object java.lang.reflect.Method.invoke(java.lang.Object, java.lang.Object[]) (Method.java:-2)
01-13 01:51:51.265 18683 18683 I zygote  :   at void com.android.internal.os.RuntimeInit$MethodAndArgsCaller.run() (RuntimeInit.java:438)
01-13 01:51:51.265 18683 18683 I zygote  :   at void com.android.internal.os.ZygoteInit.main(java.lang.String[]) (ZygoteInit.java:807)
01-13 01:51:51.265 18683 18683 I zygote  : 
01-13 01:51:51.323  1666  1687 D AutofillManagerService: onBackKeyPressed()
01-13 01:51:51.333 18683 18683 D AndroidPositionProvider: Stopped requesting position updates
01-13 01:51:51.363  1441  1501 D gralloc_ranchu: gralloc_alloc: Creating ashmem region of size 3690496
01-13 01:51:51.370  1441  1441 D gralloc_ranchu: gralloc_alloc: Creating ashmem region of size 3690496
01-13 01:51:51.377  2116  2618 W GCoreFlp: No location to return for getLastLocation()
01-13 01:51:51.381  1441  1441 D gralloc_ranchu: gralloc_alloc: Creating ashmem region of size 3690496
01-13 01:51:51.388  1451  1451 D SurfaceFlinger: duplicate layer name: changing com.google.android.apps.nexuslauncher/com.google.android.apps.nexuslauncher.NexusLauncherActivity to com.google.android.apps.nexuslauncher/com.google.android.apps.nexuslauncher.NexusLauncherActivity#1
01-13 01:51:51.394  2348  2728 D EGL_emulation: eglMakeCurrent: 0xe1085f00: ver 2 0 (tinfo 0xe1083ba0)
01-13 01:51:51.400  1441  1441 D gralloc_ranchu: gralloc_alloc: Creating ashmem region of size 3690496
01-13 01:51:51.412  1441  1441 D gralloc_ranchu: gralloc_alloc: Creating ashmem region of size 3690496
01-13 01:51:51.418  1441  1501 D gralloc_ranchu: gralloc_alloc: Creating ashmem region of size 3690496
01-13 01:51:51.435  2374  2504 D EGL_emulation: eglMakeCurrent: 0xce51d940: ver 2 0 (tinfo 0xce534ae0)
01-13 01:51:51.448  2348  2348 W SessionLifecycleManager: Handover failed. Creating new session controller.
01-13 01:51:51.454  2348  2348 I OptInState: There is a new client and it does not support opt-in. Dropping request.
01-13 01:51:51.463  1812  2065 D EGL_emulation: eglMakeCurrent: 0xcd6dab60: ver 2 0 (tinfo 0xcd6dcc00)
01-13 01:51:51.463  1666  7777 I WifiService: getConnectionInfo uid=10032
01-13 01:51:51.465  1441  1501 D gralloc_ranchu: gralloc_alloc: Creating ashmem region of size 3690496
01-13 01:51:51.470  2348 18403 W LocationOracle: No location history returned by ContextManager
01-13 01:51:51.471 18683 18708 D EGL_emulation: eglMakeCurrent: 0xe10852a0: ver 2 0 (tinfo 0xe1083350)
01-13 01:51:51.472  1666  1740 D         : HostConnection::get() New Host Connection established 0xcfe66c00, tid 1740
01-13 01:51:51.475  2348  2348 I MicroDetectionWorker: #updateMicroDetector [detectionMode: [mDetectionMode: [1]]]
01-13 01:51:51.475  2348  2348 I MicroDetectionWorker: #startMicroDetector [speakerMode: 0]
01-13 01:51:51.476  2348  2348 I AudioController: Using mInputStreamFactoryBuilder
01-13 01:51:51.478  2348 18404 I MicroRecognitionRunner: Starting detection.
01-13 01:51:51.479  2348 18402 I MicrophoneInputStream: mic_starting com.google.android.apps.gsa.staticplugins.aa.c@a9c89bd
01-13 01:51:51.482  1666  7778 I WifiService: getConnectionInfo uid=10032
01-13 01:51:51.485  1451  1451 E EGL_emulation: tid 1451: eglCreateSyncKHR(2017): error 0x3004 (EGL_BAD_ATTRIBUTE)
01-13 01:51:51.487  1526 15574 W ServiceManager: Permission failure: android.permission.RECORD_AUDIO from uid=10032 pid=2348
01-13 01:51:51.487  1526 15574 E         : Request requires android.permission.RECORD_AUDIO
01-13 01:51:51.487  1526 15574 E         : android.permission.CAPTURE_AUDIO_HOTWORD
01-13 01:51:51.488  2348 18402 E AudioRecord: Could not get audio input for session 15937, record source 1999, sample rate 16000, format 0x1, channel mask 0x10, flags 0
01-13 01:51:51.488  2348 18402 E AudioRecord-JNI: Error creating AudioRecord instance: initialization check failed with status -22.
01-13 01:51:51.489  2348 18402 E android.media.AudioRecord: Error code -20 when initializing native AudioRecord object.
01-13 01:51:51.489  2348 18402 I MicrophoneInputStream: mic_started com.google.android.apps.gsa.staticplugins.aa.c@a9c89bd
01-13 01:51:51.490  2348 18402 E ActivityThread: Failed to find provider info for com.google.android.apps.gsa.testing.ui.audio.recorded
01-13 01:51:51.490  1451  1478 D gralloc_ranchu: gralloc_unregister_buffer: exiting HostConnection (is buffer-handling thread)
01-13 01:51:51.491  1451  1478 D         : HostConnection::get() New Host Connection established 0xebe535c0, tid 1478
01-13 01:51:51.492  1451  1478 D gralloc_ranchu: gralloc_unregister_buffer: exiting HostConnection (is buffer-handling thread)
01-13 01:51:51.497  2348  2348 I MicroDetectionWorker: onReady
01-13 01:51:51.508  2348  2348 I MicroDetectionWorker: onReady
01-13 01:51:51.518  2348 18402 I MicrophoneInputStream: mic_close com.google.android.apps.gsa.staticplugins.aa.c@a9c89bd
01-13 01:51:51.518  1442  5514 D gralloc_ranchu: gralloc_unregister_buffer: exiting HostConnection (is buffer-handling thread)
01-13 01:51:51.519  1442  5514 D         : HostConnection::get() New Host Connection established 0xed023600, tid 5514
01-13 01:51:51.519  1442  5514 D gralloc_ranchu: gralloc_unregister_buffer: exiting HostConnection (is buffer-handling thread)
01-13 01:51:51.519  1442  5514 D         : HostConnection::get() New Host Connection established 0xed023600, tid 5514
01-13 01:51:51.519  1442  5514 D gralloc_ranchu: gralloc_unregister_buffer: exiting HostConnection (is buffer-handling thread)
01-13 01:51:51.519  1442  5514 D         : HostConnection::get() New Host Connection established 0xed023600, tid 5514
01-13 01:51:51.519  2348 18404 I MicroRecognitionRunner: Detection finished
01-13 01:51:51.520  1442  5514 D gralloc_ranchu: gralloc_unregister_buffer: exiting HostConnection (is buffer-handling thread)
01-13 01:51:51.520  2348 18404 W ErrorReporter: reportError [type: 211, code: 524300]: Error reading from input stream
01-13 01:51:51.520  1442  5514 D         : HostConnection::get() New Host Connection established 0xed023600, tid 5514
01-13 01:51:51.521  1442  5514 D gralloc_ranchu: gralloc_unregister_buffer: exiting HostConnection (is buffer-handling thread)
01-13 01:51:51.522  1442  5514 D         : HostConnection::get() New Host Connection established 0xed023600, tid 5514
01-13 01:51:51.522  1442  5514 D gralloc_ranchu: gralloc_unregister_buffer: exiting HostConnection (is buffer-handling thread)
01-13 01:51:51.524  1442  5514 D         : HostConnection::get() New Host Connection established 0xed023600, tid 5514
01-13 01:51:51.542  2348  2813 I MicroRecognitionRunner: Stopping hotword detection.
01-13 01:51:51.542  2348 18404 W ErrorProcessor: onFatalError, processing error from engine(4)
01-13 01:51:51.542  2348 18404 W ErrorProcessor: com.google.android.apps.gsa.shared.speech.b.g: Error reading from input stream
01-13 01:51:51.542  2348 18404 W ErrorProcessor: 	at com.google.android.apps.gsa.staticplugins.recognizer.j.a.a(SourceFile:28)
01-13 01:51:51.542  2348 18404 W ErrorProcessor: 	at com.google.android.apps.gsa.staticplugins.recognizer.j.b.run(SourceFile:15)
01-13 01:51:51.542  2348 18404 W ErrorProcessor: 	at java.util.concurrent.Executors$RunnableAdapter.call(Executors.java:457)
01-13 01:51:51.542  2348 18404 W ErrorProcessor: 	at java.util.concurrent.FutureTask.run(FutureTask.java:266)
01-13 01:51:51.542  2348 18404 W ErrorProcessor: 	at java.util.concurrent.Executors$RunnableAdapter.call(Executors.java:457)
01-13 01:51:51.542  2348 18404 W ErrorProcessor: 	at java.util.concurrent.FutureTask.run(FutureTask.java:266)
01-13 01:51:51.542  2348 18404 W ErrorProcessor: 	at com.google.android.apps.gsa.shared.util.concurrent.a.ag.run(Unknown Source:4)
01-13 01:51:51.542  2348 18404 W ErrorProcessor: 	at com.google.android.apps.gsa.shared.util.concurrent.a.bo.run(SourceFile:4)
01-13 01:51:51.542  2348 18404 W ErrorProcessor: 	at com.google.android.apps.gsa.shared.util.concurrent.a.bo.run(SourceFile:4)
01-13 01:51:51.542  2348 18404 W ErrorProcessor: 	at java.util.concurrent.ThreadPoolExecutor.runWorker(ThreadPoolExecutor.java:1162)
01-13 01:51:51.542  2348 18404 W ErrorProcessor: 	at java.util.concurrent.ThreadPoolExecutor$Worker.run(ThreadPoolExecutor.java:636)
01-13 01:51:51.542  2348 18404 W ErrorProcessor: 	at java.lang.Thread.run(Thread.java:764)
01-13 01:51:51.542  2348 18404 W ErrorProcessor: 	at com.google.android.apps.gsa.shared.util.concurrent.a.ak.run(SourceFile:6)
01-13 01:51:51.542  2348 18404 W ErrorProcessor: Caused by: com.google.android.apps.gsa.shared.exception.GsaIOException: Error code: 393238 | Buffer overflow, no available space.
01-13 01:51:51.542  2348 18404 W ErrorProcessor: 	at com.google.android.apps.gsa.speech.audio.Tee.f(SourceFile:103)
01-13 01:51:51.542  2348 18404 W ErrorProcessor: 	at com.google.android.apps.gsa.speech.audio.au.read(SourceFile:2)
01-13 01:51:51.542  2348 18404 W ErrorProcessor: 	at java.io.InputStream.read(InputStream.java:101)
01-13 01:51:51.542  2348 18404 W ErrorProcessor: 	at com.google.android.apps.gsa.speech.audio.ao.run(SourceFile:18)
01-13 01:51:51.542  2348 18404 W ErrorProcessor: 	at com.google.android.apps.gsa.speech.audio.an.run(SourceFile:2)
01-13 01:51:51.542  2348 18404 W ErrorProcessor: 	... 11 more
01-13 01:51:51.542  2348 18404 I AudioController: internalShutdown
01-13 01:51:51.547  1812  2065 D EGL_emulation: eglMakeCurrent: 0xcd6dab60: ver 2 0 (tinfo 0xcd6dcc00)
01-13 01:51:51.552  2348 18403 I DeviceStateChecker: DeviceStateChecker cancelled
01-13 01:51:51.552  2348  2348 I MicroDetector: Keeping mic open: false
01-13 01:51:51.552  2348  2348 I MicroDetectionWorker: #onError(false)
01-13 01:51:51.559  1812  2065 D EGL_emulation: eglMakeCurrent: 0xcd6dab60: ver 2 0 (tinfo 0xcd6dcc00)
01-13 01:51:51.567 18683 18683 D Heartbeat: Disable heartbeat
01-13 01:51:51.569  1812  2065 D EGL_emulation: eglMakeCurrent: 0xcd6dab60: ver 2 0 (tinfo 0xcd6dcc00)
01-13 01:51:51.570  1666  5180 I zygote  : android::hardware::configstore::V1_0::ISurfaceFlingerConfigs::hasWideColorDisplay retrieved: 0
01-13 01:51:51.574  1666  5180 I OpenGLRenderer: Initialized EGL, version 1.4
01-13 01:51:51.574  1666  5180 D OpenGLRenderer: Swap behavior 1
01-13 01:51:51.578  1666  5180 W OpenGLRenderer: Failed to choose config with EGL_SWAP_BEHAVIOR_PRESERVED, retrying without...
01-13 01:51:51.578  1666  5180 D OpenGLRenderer: Swap behavior 0
01-13 01:51:51.580  1666  5180 D EGL_emulation: eglCreateContext: 0xc9dc2ae0: maj 2 min 0 rcv 2
01-13 01:51:51.584  1812  2065 D EGL_emulation: eglMakeCurrent: 0xcd6dab60: ver 2 0 (tinfo 0xcd6dcc00)
01-13 01:51:51.585  1666  5180 D EGL_emulation: eglMakeCurrent: 0xc9dc2ae0: ver 2 0 (tinfo 0xcef36390)
01-13 01:51:51.594  1812  2065 D EGL_emulation: eglMakeCurrent: 0xcd6dab60: ver 2 0 (tinfo 0xcd6dcc00)
01-13 01:51:51.600  2116 18528 I Places  : ?: Couldn't find platform key file.
01-13 01:51:51.604  1812  2065 D EGL_emulation: eglMakeCurrent: 0xcd6dab60: ver 2 0 (tinfo 0xcd6dcc00)
01-13 01:51:51.609  1812  1822 I zygote  : NativeAlloc concurrent copying GC freed 11639(565KB) AllocSpace objects, 0(0B) LOS objects, 50% free, 4MB/9MB, paused 1.251ms total 101.056ms
01-13 01:51:51.610  1812  1819 D         : HostConnection::get() New Host Connection established 0xcce16dc0, tid 1819
01-13 01:51:51.612  1812  1819 D gralloc_ranchu: gralloc_unregister_buffer: exiting HostConnection (is buffer-handling thread)
01-13 01:51:51.612  1812  1819 D         : HostConnection::get() New Host Connection established 0xcce16dc0, tid 1819
01-13 01:51:51.614  1812  1819 D gralloc_ranchu: gralloc_unregister_buffer: exiting HostConnection (is buffer-handling thread)
01-13 01:51:51.620  1812  1819 D         : HostConnection::get() New Host Connection established 0xcc45d5c0, tid 1819
01-13 01:51:51.620  1812  2065 D EGL_emulation: eglMakeCurrent: 0xcd6dab60: ver 2 0 (tinfo 0xcd6dcc00)
01-13 01:51:51.621  1812  1819 D gralloc_ranchu: gralloc_unregister_buffer: exiting HostConnection (is buffer-handling thread)
01-13 01:51:51.621  1812  1819 D         : HostConnection::get() New Host Connection established 0xcc45d5c0, tid 1819
01-13 01:51:51.623  1812  1819 D gralloc_ranchu: gralloc_unregister_buffer: exiting HostConnection (is buffer-handling thread)
01-13 01:51:51.632  1812  2065 D EGL_emulation: eglMakeCurrent: 0xcd6dab60: ver 2 0 (tinfo 0xcd6dcc00)
01-13 01:51:51.642  2116  2116 I GeofencerStateMachine: removeGeofences: removeRequest=RemoveGeofencingRequest[REMOVE_BY_PENDING_INTENT pendingIntent=PendingIntent[creatorPackage=com.google.android.gms], packageName=com.google.android.gms]
01-13 01:51:51.646  1812  2065 D EGL_emulation: eglMakeCurrent: 0xcd6dab60: ver 2 0 (tinfo 0xcd6dcc00)
01-13 01:51:51.649  2116  2116 I GeofencerStateMachine: removeGeofences: removeRequest=RemoveGeofencingRequest[REMOVE_BY_PENDING_INTENT pendingIntent=PendingIntent[creatorPackage=com.google.android.gms], packageName=com.google.android.gms]
01-13 01:51:51.655  2116 18740 I PlaceInferenceEngine: [anon] Changed inference mode: 0
01-13 01:51:51.655  2116 18509 I Places  : ?: Couldn't find platform key file.
01-13 01:51:51.656  1812  2065 D EGL_emulation: eglMakeCurrent: 0xcd6dab60: ver 2 0 (tinfo 0xcd6dcc00)
01-13 01:51:51.660  2116 18529 I Places  : ?: Couldn't find platform key file.
01-13 01:51:51.669  1812  2065 D EGL_emulation: eglMakeCurrent: 0xcd6dab60: ver 2 0 (tinfo 0xcd6dcc00)
01-13 01:51:51.677  1812  2065 I chatty  : uid=10029(com.android.systemui) RenderThread identical 1 line
01-13 01:51:51.690  1812  2065 D EGL_emulation: eglMakeCurrent: 0xcd6dab60: ver 2 0 (tinfo 0xcd6dcc00)
01-13 01:51:51.702  2116 18741 I Places  : ?: Couldn't find platform key file.
01-13 01:51:51.702  1812  2065 D EGL_emulation: eglMakeCurrent: 0xcd6dab60: ver 2 0 (tinfo 0xcd6dcc00)
01-13 01:51:51.705  2116 18734 E ctxmgr  : [ProducerStatusImpl]updateStateForNewContextData: inactive, contextName=7 [CONTEXT service_id=47 ]
01-13 01:51:51.713  1812  2065 D EGL_emulation: eglMakeCurrent: 0xcd6dab60: ver 2 0 (tinfo 0xcd6dcc00)
01-13 01:51:51.716  2116 18741 I Places  : ?: Couldn't find platform key file.
01-13 01:51:51.727  1812  2065 D EGL_emulation: eglMakeCurrent: 0xcd6dab60: ver 2 0 (tinfo 0xcd6dcc00)
01-13 01:51:51.741  1812  2065 D EGL_emulation: eglMakeCurrent: 0xcd6dab60: ver 2 0 (tinfo 0xcd6dcc00)
01-13 01:51:51.753  2116 18740 I Places  : ?: PlacesBleScanner start() with priority 2
01-13 01:51:51.753  2116 18740 I PlaceInferenceEngine: [anon] Changed inference mode: 1
01-13 01:51:51.761  2116 18741 I Places  : ?: Couldn't find platform key file.
01-13 01:51:51.768  2116 18740 I Places  : Converted 0 out of 1 WiFi scans
01-13 01:51:51.770  1666  7772 I WifiService: getConnectionInfo uid=10013
01-13 01:51:51.778  2116  2116 I BeaconBle: Client requested scan, settings=BleSettings [scanMode=ZERO_POWER, callbackType=ALL_MATCHES, reportDelayMillis=0, 1 filters, 0 clients, callingClientName=Places]
01-13 01:51:51.779  2116  2116 I BeaconBle: Scan : No clients left, canceling alarm.
01-13 01:51:51.781  2116  2116 E BeaconBle: Scan couldn't start for Places
01-13 01:51:51.781  2116  2116 W Places  : BLE failure while scanning - code 5
01-13 01:51:51.782  2116 18740 I PlaceInferenceEngine: [anon] Changed inference mode: 1
01-13 01:51:51.783  1666  1676 I zygote  : NativeAlloc concurrent copying GC freed 34831(2MB) AllocSpace objects, 8(944KB) LOS objects, 35% free, 10MB/16MB, paused 955us total 122.558ms
01-13 01:51:51.783  2116 18734 I Places  : ?: Couldn't find platform key file.
01-13 01:51:51.784  2116 17737 I Places  : ?: Couldn't find platform key file.
01-13 01:51:51.791  2116 18741 I Places  : ?: Couldn't find platform key file.
01-13 01:51:51.800  2116 18529 I PlaceInferenceEngine: No beacon scan available - ignoring candidates.
01-13 01:51:51.800  2116 18734 I Places  : ?: Couldn't find platform key file.
01-13 01:51:51.819  2116  2128 I zygote  : Background concurrent copying GC freed 100061(4MB) AllocSpace objects, 40(2MB) LOS objects, 38% free, 9MB/15MB, paused 848us total 100.237ms
01-13 01:51:51.821  2116 18529 I Places  : ?: Couldn't find platform key file.
01-13 01:51:51.938  2374  2504 W OpenGLRenderer: Incorrectly called buildLayer on View: ShortcutAndWidgetContainer, destroying layer...
01-13 01:51:53.018  1666  7772 I ActivityManager: START u0 {act=android.intent.action.MAIN cat=[android.intent.category.LAUNCHER] flg=0x10200000 cmp=name.mlopatkin.shuttle/.MainActivity bnds=[27,1001][160,1164]} from uid 10023
01-13 01:51:53.045  2116  2618 W GCoreFlp: No location to return for getLastLocation()
01-13 01:51:53.067  1441  1501 D gralloc_ranchu: gralloc_alloc: Creating ashmem region of size 3411968
01-13 01:51:53.148 18683 18683 D Heartbeat: Enable heartbeat
01-13 01:51:53.166 18683 18683 D AndroidPositionProvider: Starting requesting position updates
01-13 01:51:53.187 18683 18683 D AndroidPositionProvider: onProviderDisabled network
01-13 01:51:53.200  1812  2065 D EGL_emulation: eglMakeCurrent: 0xcd6dab60: ver 2 0 (tinfo 0xcd6dcc00)
01-13 01:51:53.201  2348  2728 D EGL_emulation: eglMakeCurrent: 0xe1085f00: ver 2 0 (tinfo 0xe1083ba0)
01-13 01:51:53.206  2374  2504 D EGL_emulation: eglMakeCurrent: 0xce51d940: ver 2 0 (tinfo 0xce534ae0)
01-13 01:51:53.207  1451  1752 D gralloc_ranchu: gralloc_unregister_buffer: exiting HostConnection (is buffer-handling thread)
01-13 01:51:53.208  1451  1752 D         : HostConnection::get() New Host Connection established 0xf1cf2c00, tid 1752
01-13 01:51:53.209  1451  1752 D gralloc_ranchu: gralloc_unregister_buffer: exiting HostConnection (is buffer-handling thread)
01-13 01:51:53.209  1451  1752 D         : HostConnection::get() New Host Connection established 0xf1cf2c00, tid 1752
01-13 01:51:53.210  1451  1752 D gralloc_ranchu: gralloc_unregister_buffer: exiting HostConnection (is buffer-handling thread)
01-13 01:51:53.210  1451  1752 D         : HostConnection::get() New Host Connection established 0xf1cf2c00, tid 1752
01-13 01:51:53.211  1451  1752 D gralloc_ranchu: gralloc_unregister_buffer: exiting HostConnection (is buffer-handling thread)
01-13 01:51:53.214  1442  5514 D gralloc_ranchu: gralloc_unregister_buffer: exiting HostConnection (is buffer-handling thread)
01-13 01:51:53.214  1442  5514 D         : HostConnection::get() New Host Connection established 0xed023600, tid 5514
01-13 01:51:53.215  1442  5514 D gralloc_ranchu: gralloc_unregister_buffer: exiting HostConnection (is buffer-handling thread)
01-13 01:51:53.215  1442  5514 D         : HostConnection::get() New Host Connection established 0xed023600, tid 5514
01-13 01:51:53.216  1442  5514 D gralloc_ranchu: gralloc_unregister_buffer: exiting HostConnection (is buffer-handling thread)
01-13 01:51:53.216  1442  5514 D         : HostConnection::get() New Host Connection established 0xed023600, tid 5514
01-13 01:51:53.216  1442  5514 D gralloc_ranchu: gralloc_unregister_buffer: exiting HostConnection (is buffer-handling thread)
01-13 01:51:53.216  1442  5514 D         : HostConnection::get() New Host Connection established 0xed023600, tid 5514
01-13 01:51:53.216  1442  5514 D gralloc_ranchu: gralloc_unregister_buffer: exiting HostConnection (is buffer-handling thread)
01-13 01:51:53.217  1442  5514 D         : HostConnection::get() New Host Connection established 0xed023600, tid 5514
01-13 01:51:53.217  1442  5514 D gralloc_ranchu: gralloc_unregister_buffer: exiting HostConnection (is buffer-handling thread)
01-13 01:51:53.217  1442  5514 D         : HostConnection::get() New Host Connection established 0xed023600, tid 5514
01-13 01:51:53.217  1442  5514 D gralloc_ranchu: gralloc_unregister_buffer: exiting HostConnection (is buffer-handling thread)
01-13 01:51:53.217  1442  5514 D         : HostConnection::get() New Host Connection established 0xed023600, tid 5514
01-13 01:51:53.217  1442  5514 D gralloc_ranchu: gralloc_unregister_buffer: exiting HostConnection (is buffer-handling thread)
01-13 01:51:53.219  1812  2065 D EGL_emulation: eglMakeCurrent: 0xcd6dab60: ver 2 0 (tinfo 0xcd6dcc00)
01-13 01:51:53.220  1441  1501 D gralloc_ranchu: gralloc_alloc: Creating ashmem region of size 3411968
01-13 01:51:53.228  1451  1752 D         : HostConnection::get() New Host Connection established 0xf1cf2380, tid 1752
01-13 01:51:53.228  1441  1501 D gralloc_ranchu: gralloc_alloc: Creating ashmem region of size 3411968
01-13 01:51:53.234  1442  5514 D         : HostConnection::get() New Host Connection established 0xed023600, tid 5514
01-13 01:51:53.234  1812  2065 D EGL_emulation: eglMakeCurrent: 0xcd6dab60: ver 2 0 (tinfo 0xcd6dcc00)
01-13 01:51:53.234  1441  1441 D gralloc_ranchu: gralloc_alloc: Creating ashmem region of size 3411968
01-13 01:51:53.247  1812  2065 D EGL_emulation: eglMakeCurrent: 0xcd6dab60: ver 2 0 (tinfo 0xcd6dcc00)
01-13 01:51:53.350  1812  2065 I chatty  : uid=10029(com.android.systemui) RenderThread identical 12 lines
01-13 01:51:53.362  1812  2065 D EGL_emulation: eglMakeCurrent: 0xcd6dab60: ver 2 0 (tinfo 0xcd6dcc00)
01-13 01:51:53.362 18683 18708 D EGL_emulation: eglMakeCurrent: 0xe10852a0: ver 2 0 (tinfo 0xe1083350)
01-13 01:51:53.370  1812  2065 D EGL_emulation: eglMakeCurrent: 0xcd6dab60: ver 2 0 (tinfo 0xcd6dcc00)
01-13 01:51:53.382 18683 18688 I zygote  : Do partial code cache collection, code=93KB, data=100KB
01-13 01:51:53.382 18683 18688 I zygote  : After code cache collection, code=93KB, data=100KB
01-13 01:51:53.383 18683 18688 I zygote  : Increasing code cache capacity to 512KB
01-13 01:51:53.383  1812  2065 D EGL_emulation: eglMakeCurrent: 0xcd6dab60: ver 2 0 (tinfo 0xcd6dcc00)
01-13 01:51:53.383 18683 18688 I zygote  : JIT allocated 72KB for compiled code of void android.widget.TextView.<init>(android.content.Context, android.util.AttributeSet, int, int)
01-13 01:51:53.383 18683 18688 I zygote  : Compiler allocated 4MB to compile void android.widget.TextView.<init>(android.content.Context, android.util.AttributeSet, int, int)
01-13 01:51:53.389  1812  2065 D EGL_emulation: eglMakeCurrent: 0xcd6dab60: ver 2 0 (tinfo 0xcd6dcc00)
01-13 01:51:53.396  1666  1693 I ActivityManager: Displayed name.mlopatkin.shuttle/.MainActivity: +356ms
01-13 01:51:53.404  1812  2065 D EGL_emulation: eglMakeCurrent: 0xcd6dab60: ver 2 0 (tinfo 0xcd6dcc00)
01-13 01:51:53.417  1666  1740 D gralloc_ranchu: gralloc_unregister_buffer: exiting HostConnection (is buffer-handling thread)
01-13 01:51:53.418  1666  1740 D         : HostConnection::get() New Host Connection established 0xcfe66c00, tid 1740
01-13 01:51:53.419  1666  1740 D gralloc_ranchu: gralloc_unregister_buffer: exiting HostConnection (is buffer-handling thread)
01-13 01:51:53.423  1442  5514 D gralloc_ranchu: gralloc_unregister_buffer: exiting HostConnection (is buffer-handling thread)
01-13 01:51:53.424  1442  5514 D         : HostConnection::get() New Host Connection established 0xed023600, tid 5514
01-13 01:51:53.425  1442  5514 D gralloc_ranchu: gralloc_unregister_buffer: exiting HostConnection (is buffer-handling thread)
01-13 01:51:53.426  1442  5514 D         : HostConnection::get() New Host Connection established 0xed023600, tid 5514
01-13 01:51:53.484  1451  1451 W SurfaceFlinger: couldn't log to binary event log: overflow.
01-13 01:51:53.521  1812  2065 D EGL_emulation: eglMakeCurrent: 0xcd6dab60: ver 2 0 (tinfo 0xcd6dcc00)
01-13 01:51:53.562  2348  2348 W SearchService: Abort, client detached.
01-13 01:51:54.355  1666  1687 D AutofillManagerService: onBackKeyPressed()
01-13 01:51:54.364 18683 18683 D AndroidPositionProvider: Stopped requesting position updates
01-13 01:51:54.393  1441  1441 D gralloc_ranchu: gralloc_alloc: Creating ashmem region of size 3690496
01-13 01:51:54.401  1441  1441 D gralloc_ranchu: gralloc_alloc: Creating ashmem region of size 3690496
01-13 01:51:54.411  2116  2618 W GCoreFlp: No location to return for getLastLocation()
01-13 01:51:54.415  1441  1441 D gralloc_ranchu: gralloc_alloc: Creating ashmem region of size 3690496
01-13 01:51:54.417  1451  1451 D SurfaceFlinger: duplicate layer name: changing com.google.android.apps.nexuslauncher/com.google.android.apps.nexuslauncher.NexusLauncherActivity to com.google.android.apps.nexuslauncher/com.google.android.apps.nexuslauncher.NexusLauncherActivity#1
01-13 01:51:54.424  2348  2728 D EGL_emulation: eglMakeCurrent: 0xe1085f00: ver 2 0 (tinfo 0xe1083ba0)
01-13 01:51:54.427  1441  1441 D gralloc_ranchu: gralloc_alloc: Creating ashmem region of size 3690496
01-13 01:51:54.441  1441  1501 D gralloc_ranchu: gralloc_alloc: Creating ashmem region of size 3690496
01-13 01:51:54.447  2348  2348 W SessionLifecycleManager: Handover failed. Creating new session controller.
01-13 01:51:54.449  1441  1501 D gralloc_ranchu: gralloc_alloc: Creating ashmem region of size 3690496
01-13 01:51:54.451  1666  7572 I WifiService: getConnectionInfo uid=10032
01-13 01:51:54.458  1666  7772 I WifiService: getConnectionInfo uid=10032
01-13 01:51:54.468  2348  2348 I MicroDetectionWorker: #updateMicroDetector [detectionMode: [mDetectionMode: [1]]]
01-13 01:51:54.468  2348  2348 I MicroDetectionWorker: #startMicroDetector [speakerMode: 0]
01-13 01:51:54.468  2374  2504 D EGL_emulation: eglMakeCurrent: 0xce51d940: ver 2 0 (tinfo 0xce534ae0)
01-13 01:51:54.468  2348  2348 I AudioController: Using mInputStreamFactoryBuilder
01-13 01:51:54.472  2348 18403 I MicroRecognitionRunner: Starting detection.
01-13 01:51:54.474  2348 18402 I MicrophoneInputStream: mic_starting com.google.android.apps.gsa.staticplugins.aa.c@aafa11e
01-13 01:51:54.477  1526 15574 W ServiceManager: Permission failure: android.permission.RECORD_AUDIO from uid=10032 pid=2348
01-13 01:51:54.477  1526 15574 E         : Request requires android.permission.RECORD_AUDIO
01-13 01:51:54.478  1526 15574 E         : android.permission.CAPTURE_AUDIO_HOTWORD
01-13 01:51:54.478  2348 18402 E AudioRecord: Could not get audio input for session 15945, record source 1999, sample rate 16000, format 0x1, channel mask 0x10, flags 0
01-13 01:51:54.478  2348 18402 E AudioRecord-JNI: Error creating AudioRecord instance: initialization check failed with status -22.
01-13 01:51:54.478  2348  2348 I MicroDetectionWorker: onReady
01-13 01:51:54.478  2348 18402 E android.media.AudioRecord: Error code -20 when initializing native AudioRecord object.
01-13 01:51:54.478  2348 18402 I MicrophoneInputStream: mic_started com.google.android.apps.gsa.staticplugins.aa.c@aafa11e
01-13 01:51:54.480  2348 18402 E ActivityThread: Failed to find provider info for com.google.android.apps.gsa.testing.ui.audio.recorded
01-13 01:51:54.487  2348  2348 I MicroDetectionWorker: onReady
01-13 01:51:54.503  2348 18402 I MicrophoneInputStream: mic_close com.google.android.apps.gsa.staticplugins.aa.c@aafa11e
01-13 01:51:54.503  2348 18403 I MicroRecognitionRunner: Detection finished
01-13 01:51:54.503  2348 18403 W ErrorReporter: reportError [type: 211, code: 524300]: Error reading from input stream
01-13 01:51:54.504  2348  2813 I MicroRecognitionRunner: Stopping hotword detection.
01-13 01:51:54.504  2348 18403 W ErrorProcessor: onFatalError, processing error from engine(4)
01-13 01:51:54.504  2348 18403 W ErrorProcessor: com.google.android.apps.gsa.shared.speech.b.g: Error reading from input stream
01-13 01:51:54.504  2348 18403 W ErrorProcessor: 	at com.google.android.apps.gsa.staticplugins.recognizer.j.a.a(SourceFile:28)
01-13 01:51:54.504  2348 18403 W ErrorProcessor: 	at com.google.android.apps.gsa.staticplugins.recognizer.j.b.run(SourceFile:15)
01-13 01:51:54.504  2348 18403 W ErrorProcessor: 	at java.util.concurrent.Executors$RunnableAdapter.call(Executors.java:457)
01-13 01:51:54.504  2348 18403 W ErrorProcessor: 	at java.util.concurrent.FutureTask.run(FutureTask.java:266)
01-13 01:51:54.504  2348 18403 W ErrorProcessor: 	at java.util.concurrent.Executors$RunnableAdapter.call(Executors.java:457)
01-13 01:51:54.504  2348 18403 W ErrorProcessor: 	at java.util.concurrent.FutureTask.run(FutureTask.java:266)
01-13 01:51:54.504  2348 18403 W ErrorProcessor: 	at com.google.android.apps.gsa.shared.util.concurrent.a.ag.run(Unknown Source:4)
01-13 01:51:54.504  2348 18403 W ErrorProcessor: 	at com.google.android.apps.gsa.shared.util.concurrent.a.bo.run(SourceFile:4)
01-13 01:51:54.504  2348 18403 W ErrorProcessor: 	at com.google.android.apps.gsa.shared.util.concurrent.a.bo.run(SourceFile:4)
01-13 01:51:54.504  2348 18403 W ErrorProcessor: 	at java.util.concurrent.ThreadPoolExecutor.runWorker(ThreadPoolExecutor.java:1162)
01-13 01:51:54.504  2348 18403 W ErrorProcessor: 	at java.util.concurrent.ThreadPoolExecutor$Worker.run(ThreadPoolExecutor.java:636)
01-13 01:51:54.504  2348 18403 W ErrorProcessor: 	at java.lang.Thread.run(Thread.java:764)
01-13 01:51:54.504  2348 18403 W ErrorProcessor: 	at com.google.android.apps.gsa.shared.util.concurrent.a.ak.run(SourceFile:6)
01-13 01:51:54.504  2348 18403 W ErrorProcessor: Caused by: com.google.android.apps.gsa.shared.exception.GsaIOException: Error code: 393238 | Buffer overflow, no available space.
01-13 01:51:54.504  2348 18403 W ErrorProcessor: 	at com.google.android.apps.gsa.speech.audio.Tee.f(SourceFile:103)
01-13 01:51:54.504  2348 18403 W ErrorProcessor: 	at com.google.android.apps.gsa.speech.audio.au.read(SourceFile:2)
01-13 01:51:54.504  2348 18403 W ErrorProcessor: 	at java.io.InputStream.read(InputStream.java:101)
01-13 01:51:54.504  2348 18403 W ErrorProcessor: 	at com.google.android.apps.gsa.speech.audio.ao.run(SourceFile:18)
01-13 01:51:54.504  2348 18403 W ErrorProcessor: 	at com.google.android.apps.gsa.speech.audio.an.run(SourceFile:2)
01-13 01:51:54.504  2348 18403 W ErrorProcessor: 	... 11 more
01-13 01:51:54.504  2348 18403 I AudioController: internalShutdown
01-13 01:51:54.507  1812  2065 D EGL_emulation: eglMakeCurrent: 0xcd6dab60: ver 2 0 (tinfo 0xcd6dcc00)
01-13 01:51:54.509  1441  1501 D gralloc_ranchu: gralloc_alloc: Creating ashmem region of size 3690496
01-13 01:51:54.515  1666  1740 D         : HostConnection::get() New Host Connection established 0xcfe660c0, tid 1740
01-13 01:51:54.515 18683 18708 D EGL_emulation: eglMakeCurrent: 0xe10852a0: ver 2 0 (tinfo 0xe1083350)
01-13 01:51:54.516  1451  1478 D         : HostConnection::get() New Host Connection established 0xf19a1580, tid 1478
01-13 01:51:54.519  1451  1628 D         : HostConnection::get() New Host Connection established 0xf1cf2fc0, tid 1628
01-13 01:51:54.519  1451  1628 D gralloc_ranchu: gralloc_unregister_buffer: exiting HostConnection (is buffer-handling thread)
01-13 01:51:54.520  1451  1628 D         : HostConnection::get() New Host Connection established 0xf1cf2fc0, tid 1628
01-13 01:51:54.520  1451  1628 D gralloc_ranchu: gralloc_unregister_buffer: exiting HostConnection (is buffer-handling thread)
01-13 01:51:54.526  1451  1451 E EGL_emulation: tid 1451: eglCreateSyncKHR(2017): error 0x3004 (EGL_BAD_ATTRIBUTE)
01-13 01:51:54.530  1451  1478 D gralloc_ranchu: gralloc_unregister_buffer: exiting HostConnection (is buffer-handling thread)
01-13 01:51:54.530  1451  1478 D         : HostConnection::get() New Host Connection established 0xf19a1580, tid 1478
01-13 01:51:54.530  1451  1478 D gralloc_ranchu: gralloc_unregister_buffer: exiting HostConnection (is buffer-handling thread)
01-13 01:51:54.538  2348  2348 I MicroDetector: Keeping mic open: false
01-13 01:51:54.538  2348 17656 I DeviceStateChecker: DeviceStateChecker cancelled
01-13 01:51:54.538  2348  2348 I MicroDetectionWorker: #onError(false)
01-13 01:51:54.561  1442  5514 D gralloc_ranchu: gralloc_unregister_buffer: exiting HostConnection (is buffer-handling thread)
01-13 01:51:54.561  1442  5514 D         : HostConnection::get() New Host Connection established 0xed023600, tid 5514
01-13 01:51:54.562  1442  5514 D gralloc_ranchu: gralloc_unregister_buffer: exiting HostConnection (is buffer-handling thread)
01-13 01:51:54.562  1442  5514 D         : HostConnection::get() New Host Connection established 0xed023600, tid 5514
01-13 01:51:54.562  1442  5514 D gralloc_ranchu: gralloc_unregister_buffer: exiting HostConnection (is buffer-handling thread)
01-13 01:51:54.562  1442  5514 D         : HostConnection::get() New Host Connection established 0xed023600, tid 5514
01-13 01:51:54.566  1442  5514 D gralloc_ranchu: gralloc_unregister_buffer: exiting HostConnection (is buffer-handling thread)
01-13 01:51:54.569  1442  5514 D         : HostConnection::get() New Host Connection established 0xed023600, tid 5514
01-13 01:51:54.570  1666  5180 I zygote  : android::hardware::configstore::V1_0::ISurfaceFlingerConfigs::hasWideColorDisplay retrieved: 0
01-13 01:51:54.570  1812  2065 D EGL_emulation: eglMakeCurrent: 0xcd6dab60: ver 2 0 (tinfo 0xcd6dcc00)
01-13 01:51:54.570  1666  5180 I OpenGLRenderer: Initialized EGL, version 1.4
01-13 01:51:54.570  1666  5180 D OpenGLRenderer: Swap behavior 1
01-13 01:51:54.571  1666  5180 W OpenGLRenderer: Failed to choose config with EGL_SWAP_BEHAVIOR_PRESERVED, retrying without...
01-13 01:51:54.571  1666  5180 D OpenGLRenderer: Swap behavior 0
01-13 01:51:54.571 18683 18683 D Heartbeat: Disable heartbeat
01-13 01:51:54.573  1666  5180 D EGL_emulation: eglCreateContext: 0xc9dc2ae0: maj 2 min 0 rcv 2
01-13 01:51:54.579  1666  5180 D EGL_emulation: eglMakeCurrent: 0xc9dc2ae0: ver 2 0 (tinfo 0xcef36390)
01-13 01:51:54.581  1812  2065 D EGL_emulation: eglMakeCurrent: 0xcd6dab60: ver 2 0 (tinfo 0xcd6dcc00)
01-13 01:51:54.684  1812  2065 I chatty  : uid=10029(com.android.systemui) RenderThread identical 11 lines
01-13 01:51:54.696  1812  2065 D EGL_emulation: eglMakeCurrent: 0xcd6dab60: ver 2 0 (tinfo 0xcd6dcc00)
01-13 01:51:54.698  1666  1674 D         : HostConnection::get() New Host Connection established 0xca8e4480, tid 1674
01-13 01:51:54.698  1666  1674 D gralloc_ranchu: gralloc_unregister_buffer: exiting HostConnection (is buffer-handling thread)
01-13 01:51:54.699  1666  1674 D         : HostConnection::get() New Host Connection established 0xca8e4480, tid 1674
01-13 01:51:54.699  1666  1674 D gralloc_ranchu: gralloc_unregister_buffer: exiting HostConnection (is buffer-handling thread)
01-13 01:51:54.700  1812  2065 D EGL_emulation: eglMakeCurrent: 0xcd6dab60: ver 2 0 (tinfo 0xcd6dcc00)
01-13 01:51:54.760  1812  2065 I chatty  : uid=10029(com.android.systemui) RenderThread identical 7 lines
01-13 01:51:54.766  1812  2065 D EGL_emulation: eglMakeCurrent: 0xcd6dab60: ver 2 0 (tinfo 0xcd6dcc00)
01-13 01:51:54.974  2374  2504 W OpenGLRenderer: Incorrectly called buildLayer on View: ShortcutAndWidgetContainer, destroying layer...
01-13 01:51:55.389  1666  7772 I ActivityManager: START u0 {act=android.intent.action.MAIN cat=[android.intent.category.LAUNCHER] flg=0x10200000 cmp=name.mlopatkin.shuttle/.NewMainActivity bnds=[426,675][559,838]} from uid 10023
01-13 01:51:55.410  2116  2618 W GCoreFlp: No location to return for getLastLocation()
01-13 01:51:55.444  1441  1501 D gralloc_ranchu: gralloc_alloc: Creating ashmem region of size 3411968
01-13 01:51:55.532 18683 18688 I zygote  : JIT allocated 56KB for compiled code of void android.view.View.<init>(android.content.Context, android.util.AttributeSet, int, int)
01-13 01:51:55.535  2348  2728 D EGL_emulation: eglMakeCurrent: 0xe1085f00: ver 2 0 (tinfo 0xe1083ba0)
01-13 01:51:55.535  2374  2504 D EGL_emulation: eglMakeCurrent: 0xce51d940: ver 2 0 (tinfo 0xce534ae0)
01-13 01:51:55.537  1451  1478 D         : HostConnection::get() New Host Connection established 0xebe535c0, tid 1478
01-13 01:51:55.537  1451  1478 D gralloc_ranchu: gralloc_unregister_buffer: exiting HostConnection (is buffer-handling thread)
01-13 01:51:55.537  1451  1478 D         : HostConnection::get() New Host Connection established 0xebe535c0, tid 1478
01-13 01:51:55.538  1451  1478 D gralloc_ranchu: gralloc_unregister_buffer: exiting HostConnection (is buffer-handling thread)
01-13 01:51:55.539  1451  1478 D         : HostConnection::get() New Host Connection established 0xebe535c0, tid 1478
01-13 01:51:55.539  1451  1478 D gralloc_ranchu: gralloc_unregister_buffer: exiting HostConnection (is buffer-handling thread)
01-13 01:51:55.540  1451  1478 D         : HostConnection::get() New Host Connection established 0xebe535c0, tid 1478
01-13 01:51:55.540  1451  1478 D gralloc_ranchu: gralloc_unregister_buffer: exiting HostConnection (is buffer-handling thread)
01-13 01:51:55.551  1812  2065 D EGL_emulation: eglMakeCurrent: 0xcd6dab60: ver 2 0 (tinfo 0xcd6dcc00)
01-13 01:51:55.560  1812  2065 D EGL_emulation: eglMakeCurrent: 0xcd6dab60: ver 2 0 (tinfo 0xcd6dcc00)
01-13 01:51:55.567  1442  5514 D gralloc_ranchu: gralloc_unregister_buffer: exiting HostConnection (is buffer-handling thread)
01-13 01:51:55.567  1812  2065 D EGL_emulation: eglMakeCurrent: 0xcd6dab60: ver 2 0 (tinfo 0xcd6dcc00)
01-13 01:51:55.568  1442  5514 D         : HostConnection::get() New Host Connection established 0xed023600, tid 5514
01-13 01:51:55.568  1442  5514 D gralloc_ranchu: gralloc_unregister_buffer: exiting HostConnection (is buffer-handling thread)
01-13 01:51:55.569  1442  5514 D         : HostConnection::get() New Host Connection established 0xed023600, tid 5514
01-13 01:51:55.569  1442  5514 D gralloc_ranchu: gralloc_unregister_buffer: exiting HostConnection (is buffer-handling thread)
01-13 01:51:55.569  1442  5514 D         : HostConnection::get() New Host Connection established 0xed023600, tid 5514
01-13 01:51:55.570  1442  5514 D gralloc_ranchu: gralloc_unregister_buffer: exiting HostConnection (is buffer-handling thread)
01-13 01:51:55.570  1442  5514 D         : HostConnection::get() New Host Connection established 0xed023600, tid 5514
01-13 01:51:55.570  1442  5514 D gralloc_ranchu: gralloc_unregister_buffer: exiting HostConnection (is buffer-handling thread)
01-13 01:51:55.570  1442  5514 D         : HostConnection::get() New Host Connection established 0xed023600, tid 5514
01-13 01:51:55.571  1442  5514 D gralloc_ranchu: gralloc_unregister_buffer: exiting HostConnection (is buffer-handling thread)
01-13 01:51:55.571  1442  5514 D         : HostConnection::get() New Host Connection established 0xed023600, tid 5514
01-13 01:51:55.572  1442  5514 D gralloc_ranchu: gralloc_unregister_buffer: exiting HostConnection (is buffer-handling thread)
01-13 01:51:55.572  1442  5514 D         : HostConnection::get() New Host Connection established 0xed023600, tid 5514
01-13 01:51:55.572  1442  5514 D gralloc_ranchu: gralloc_unregister_buffer: exiting HostConnection (is buffer-handling thread)
01-13 01:51:55.579  1442  5514 D         : HostConnection::get() New Host Connection established 0xed023600, tid 5514
01-13 01:51:55.581  1812  2065 D EGL_emulation: eglMakeCurrent: 0xcd6dab60: ver 2 0 (tinfo 0xcd6dcc00)
01-13 01:51:55.630  1812  2065 I chatty  : uid=10029(com.android.systemui) RenderThread identical 5 lines
01-13 01:51:55.634  1812  2065 D EGL_emulation: eglMakeCurrent: 0xcd6dab60: ver 2 0 (tinfo 0xcd6dcc00)
01-13 01:51:55.644  1441  1501 D gralloc_ranchu: gralloc_alloc: Creating ashmem region of size 3411968
01-13 01:51:55.649  1451  1628 D         : HostConnection::get() New Host Connection established 0xebe53300, tid 1628
01-13 01:51:55.650  1441  1501 D gralloc_ranchu: gralloc_alloc: Creating ashmem region of size 3411968
01-13 01:51:55.650  1812  2065 D EGL_emulation: eglMakeCurrent: 0xcd6dab60: ver 2 0 (tinfo 0xcd6dcc00)
01-13 01:51:55.656  1441  1441 D gralloc_ranchu: gralloc_alloc: Creating ashmem region of size 3411968
01-13 01:51:55.663  1812  2065 D EGL_emulation: eglMakeCurrent: 0xcd6dab60: ver 2 0 (tinfo 0xcd6dcc00)
01-13 01:51:55.668  1812  2065 D EGL_emulation: eglMakeCurrent: 0xcd6dab60: ver 2 0 (tinfo 0xcd6dcc00)
01-13 01:51:55.670 18683 18683 E RecyclerView: No adapter attached; skipping layout
01-13 01:51:55.671 18683 18688 I zygote  : Do full code cache collection, code=250KB, data=129KB
01-13 01:51:55.673 18683 18688 I zygote  : After code cache collection, code=125KB, data=54KB
01-13 01:51:55.682  1812  2065 D EGL_emulation: eglMakeCurrent: 0xcd6dab60: ver 2 0 (tinfo 0xcd6dcc00)
01-13 01:51:55.726  1812  2065 I chatty  : uid=10029(com.android.systemui) RenderThread identical 6 lines
01-13 01:51:55.729  1812  2065 D EGL_emulation: eglMakeCurrent: 0xcd6dab60: ver 2 0 (tinfo 0xcd6dcc00)
01-13 01:51:55.734 18683 18708 D EGL_emulation: eglMakeCurrent: 0xe10852a0: ver 2 0 (tinfo 0xe1083350)
01-13 01:51:55.736  1812  2065 D EGL_emulation: eglMakeCurrent: 0xcd6dab60: ver 2 0 (tinfo 0xcd6dcc00)
01-13 01:51:55.750  1812  2065 I chatty  : uid=10029(com.android.systemui) RenderThread identical 1 line
01-13 01:51:55.754  1812  2065 D EGL_emulation: eglMakeCurrent: 0xcd6dab60: ver 2 0 (tinfo 0xcd6dcc00)
01-13 01:51:55.765  1666  1693 I ActivityManager: Displayed name.mlopatkin.shuttle/.NewMainActivity: +355ms
01-13 01:51:55.782  1442  5514 D gralloc_ranchu: gralloc_unregister_buffer: exiting HostConnection (is buffer-handling thread)
01-13 01:51:55.783  1442  5514 D         : HostConnection::get() New Host Connection established 0xed023600, tid 5514
01-13 01:51:55.783  1666  1740 D gralloc_ranchu: gralloc_unregister_buffer: exiting HostConnection (is buffer-handling thread)
01-13 01:51:55.783  1442  5514 D gralloc_ranchu: gralloc_unregister_buffer: exiting HostConnection (is buffer-handling thread)
01-13 01:51:55.785  1442  5514 D         : HostConnection::get() New Host Connection established 0xed023600, tid 5514
01-13 01:51:55.785  1666  1740 D         : HostConnection::get() New Host Connection established 0xcfe660c0, tid 1740
01-13 01:51:55.786  1666  1740 D gralloc_ranchu: gralloc_unregister_buffer: exiting HostConnection (is buffer-handling thread)
01-13 01:51:55.819  1451  1451 W SurfaceFlinger: couldn't log to binary event log: overflow.
01-13 01:51:55.921  2348  2348 W SearchService: Abort, client detached.
01-13 01:51:56.836  2116  2536 I zygote  : Deoptimizing void egl.run() due to JIT inline cache
01-13 01:51:56.856  2116 18741 E ctxmgr  : [NetworkUtil]No active synchronizable contexts. [CONTEXT service_id=47 ]
01-13 01:51:56.866  2116 18741 I zygote  : Deoptimizing blju bgob.a(blju) due to JIT inline cache
01-13 01:51:56.928  2116  2969 W Conscrypt: Could not set socket write timeout: java.net.SocketException: Socket closed
01-13 01:51:56.929  2116  2969 W Conscrypt: 	at com.google.android.gms.org.conscrypt.Platform.setSocketWriteTimeout(:com.google.android.gms@16089022@16.0.89 (040700-239467275):2)
01-13 01:51:56.929  2116  2969 W Conscrypt: 	at com.google.android.gms.org.conscrypt.ConscryptFileDescriptorSocket.setSoWriteTimeout(:com.google.android.gms@16089022@16.0.89 (040700-239467275):2)
01-13 01:51:56.973  2116  2116 E ctxmgr  : [BaseServerTask]Server task (GetConfigTask) got error statusCode=-1. [CONTEXT service_id=47 ]
01-13 01:51:56.973  2116  2116 E ctxmgr  : com.android.volley.NoConnectionError: javax.net.ssl.SSLHandshakeException: Chain validation failed
01-13 01:51:56.973  2116  2116 E ctxmgr  : 	at com.android.volley.toolbox.BasicNetwork.performRequest(:com.google.android.gms@16089022@16.0.89 (040700-239467275):46)
01-13 01:51:56.973  2116  2116 E ctxmgr  : 	at rkj.performRequest(:com.google.android.gms@16089022@16.0.89 (040700-239467275):13)
01-13 01:51:56.973  2116  2116 E ctxmgr  : 	at com.android.volley.NetworkDispatcher.a(:com.google.android.gms@16089022@16.0.89 (040700-239467275):7)
01-13 01:51:56.973  2116  2116 E ctxmgr  : 	at com.android.volley.NetworkDispatcher.run(:com.google.android.gms@16089022@16.0.89 (040700-239467275):2)
01-13 01:51:56.973  2116  2116 E ctxmgr  : Caused by: javax.net.ssl.SSLHandshakeException: Chain validation failed
01-13 01:51:56.973  2116  2116 E ctxmgr  : 	at com.google.android.gms.org.conscrypt.ConscryptFileDescriptorSocket.startHandshake(:com.google.android.gms@16089022@16.0.89 (040700-239467275):43)
01-13 01:51:56.973  2116  2116 E ctxmgr  : 	at aogy.a(:com.google.android.gms@16089022@16.0.89 (040700-239467275):20)
01-13 01:51:56.973  2116  2116 E ctxmgr  : 	at aogy.createSocket(:com.google.android.gms@16089022@16.0.89 (040700-239467275):6)
01-13 01:51:56.973  2116  2116 E ctxmgr  : 	at com.android.okhttp.internal.io.RealConnection.connectTls(RealConnection.java:181)
01-13 01:51:56.973  2116  2116 E ctxmgr  : 	at com.android.okhttp.internal.io.RealConnection.connectSocket(RealConnection.java:149)
01-13 01:51:56.973  2116  2116 E ctxmgr  : 	at com.android.okhttp.internal.io.RealConnection.connect(RealConnection.java:112)
01-13 01:51:56.973  2116  2116 E ctxmgr  : 	at com.android.okhttp.internal.http.StreamAllocation.findConnection(StreamAllocation.java:184)
01-13 01:51:56.973  2116  2116 E ctxmgr  : 	at com.android.okhttp.internal.http.StreamAllocation.findHealthyConnection(StreamAllocation.java:126)
